Atmosphère Crash Report (v1.7):
Result:                          0x4A8 (2168-0002)

Process Info:
    Process Name:                Application
    Program ID:                  01006a800016e000
    Process ID:                  000000000000008b
    Process Flags:               00000077
    User Exception Address:      00000043b496d000
Exception Info:
    Type:                        Data Abort
    Address:                     0000005104d37118
    Fault Address:               0000000000000000
Crashed Thread Info:
    Thread ID:                   000000000000030b
    Thread Name:                 Thread_0x0000005B4836BDAC
    Stack Region:                0000003923c20000-0000003923c30000
    Registers:
        X[00]:                   0000005105416d58
        X[01]:                   0000000000000000
        X[02]:                   000000000001bf60
        X[03]:                   0000000000000000
        X[04]:                   0000000000000000
        X[05]:                   0000000000000000
        X[06]:                   0000000000000000
        X[07]:                   0000000000000000
        X[08]:                   0000005104d37118
        X[09]:                   0000000000000000
        X[10]:                   0000000000000008
        X[11]:                   0000000000000000
        X[12]:                   0000005105432cb0
        X[13]:                   0000000000000002
        X[14]:                   0000000000000018
        X[15]:                   0000005105416d70
        X[16]:                   0000000000000018
        X[17]:                   0000005b48888370 (nnSdk + 0x50a370) (memset + 0x0)
        X[18]:                   0000000000000000
        X[19]:                   0000001640d50ae0
        X[20]:                   0000001642940000
        X[21]:                   0000001642137000
        X[22]:                   0000000000000001
        X[23]:                   0000000000000000
        X[24]:                   0000005104d37118
        X[25]:                   0000005104d37000
        X[26]:                   00000000006fc000
        X[27]:                   0000005104d37118
        X[28]:                   0000000000000000
        FP:                      0000003923c2fc70
        LR:                      0000005b486c5588 (nnSdk + 0x347588) (_ZN2nn2ro18LoadModuleInternalEPNS0_6ModuleEPKvPvmib + 0x128)
        SP:                      0000003923c2fc10
        PC:                      0000005b486c559c (nnSdk + 0x34759c) (_ZN2nn2ro18LoadModuleInternalEPNS0_6ModuleEPKvPvmib + 0x13c)
    Stack Trace:
        ReturnAddress[00]:       0000005b486c5700 (nnSdk + 0x347700) (_ZN2nn2ro10LoadModuleEPNS0_6ModuleEPKvPvmi + 0x10)
        ReturnAddress[01]:       0000005b483675ec (Skyline + 0x75ec)
        ReturnAddress[02]:       0000005b486b6984 (nnSdk + 0x338984)
        ReturnAddress[03]:       0000000000000000
    Stack Dump:                               00 01 02 03 04 05 06 07 08 09 0a 0b 0c 0d 0e 0f
                                 003923c2fc10 60 8f 36 48 5b 00 00 00 00 00 00 00 39 00 00 00
                                 003923c2fc20 00 00 00 00 00 00 00 00 00 70 d3 04 51 00 00 00
                                 003923c2fc30 00 00 00 00 00 00 00 00 00 00 00 00 00 00 00 00
                                 003923c2fc40 00 00 00 00 00 00 00 00 00 00 00 00 00 00 00 00
                                 003923c2fc50 00 00 00 00 00 00 00 00 fc 0b 95 40 16 00 00 00
                                 003923c2fc60 00 70 13 42 16 00 00 00 e0 0a d5 40 16 00 00 00
                                 003923c2fc70 80 fc c2 23 39 00 00 00 00 57 6c 48 5b 00 00 00
                                 003923c2fc80 b0 ff c2 23 39 00 00 00 ec 75 36 48 5b 00 00 00
                                 003923c2fc90 6c 05 36 48 5b 00 00 00 00 00 c2 41 16 00 00 00
                                 003923c2fca0 f8 0b 95 40 16 00 00 00 48 00 00 00 00 00 00 00
                                 003923c2fcb0 08 1c 28 40 16 00 00 00 00 00 c2 41 16 00 00 00
                                 003923c2fcc0 b0 fd c2 23 39 00 00 00 ca 7a ec 03 ae e4 9f ea
                                 003923c2fcd0 53 9d cb 92 56 9f ea 5b c5 38 9f 77 37 7b a2 a3
                                 003923c2fce0 0e 4d 0b 7e bd 02 55 e6 08 1c 28 40 00 00 00 00
                                 003923c2fcf0 20 fd c2 23 39 00 00 00 20 fd c2 23 39 00 00 00
                                 003923c2fd00 79 7a 76 00 00 00 00 00 00 02 dc 40 16 00 00 00
    TLS Address:                 00000043b496d800
    TLS Dump:                                 00 01 02 03 04 05 06 07 08 09 0a 0b 0c 0d 0e 0f
                                 0043b496d800 00 00 00 00 0a 00 00 00 00 00 00 00 00 00 00 00
                                 0043b496d810 53 46 43 4f 00 00 00 00 00 00 00 00 a9 55 2c a5
                                 0043b496d820 00 70 d3 04 51 00 00 00 02 02 00 00 e7 59 ea d4
                                 0043b496d830 00 00 00 00 00 00 00 00 00 70 13 42 16 00 00 00
                                 0043b496d840 00 00 6e 00 00 00 00 00 00 00 94 42 16 00 00 00
                                 0043b496d850 00 c0 01 00 00 00 00 00 00 a5 00 00 04 00 00 00
                                 0043b496d860 00 00 00 00 00 00 00 00 00 00 5e 00 00 00 00 00
                                 0043b496d870 00 00 00 00 00 00 00 00 00 00 00 00 00 00 00 00
                                 0043b496d880 00 00 00 00 00 00 00 00 00 00 00 00 00 00 00 00
                                 0043b496d890 00 00 00 00 00 00 00 00 00 00 00 00 00 00 00 00
                                 0043b496d8a0 00 00 00 00 00 00 00 00 00 00 00 00 00 00 00 00
                                 0043b496d8b0 00 00 00 00 00 00 00 00 00 00 00 00 00 00 00 00
                                 0043b496d8c0 00 00 00 00 00 00 00 00 00 00 00 00 00 00 00 00
                                 0043b496d8d0 00 00 00 00 00 00 00 00 00 00 00 00 00 00 00 00
                                 0043b496d8e0 00 00 00 00 00 00 00 00 00 00 00 00 00 00 00 00
                                 0043b496d8f0 00 00 00 00 00 00 00 00 00 00 00 00 00 00 00 00
Module Info:
    Number of Modules:           06
    Module 00:
        Address:                 0000005b407dc000-0000005b40800000
        Name:                    [00000000]
        Module Id:               0000000000000000000000000000000000000000000000000000000000000000
    Module 01:
        Address:                 0000005b40800000-0000005b40802000
        Name:                    nnrtld
        Module Id:               285183CAC95179371CC22CEC3723F882E1589659000000000000000000000000
    Module 02:
        Address:                 0000005b40804000-0000005b441cc000
        Name:                    cross2_Release.nss
        Module Id:               3EAE0063B12FD81E99FB5980BA56297049EA94F9000000000000000000000000
    Module 03:
        Address:                 0000005b47c4b000-0000005b47fb8000
        Name:                    multimedia
        Module Id:               60C6EDBBFCEBD4176CC301D5D9CB5A6F094F9360000000000000000000000000
    Module 04:
        Address:                 0000005b48360000-0000005b48371000
        Name:                    Skyline
        Module Id:               84F953E76E1E2E976B0C1540F615449D25DA5BF3000000000000000000000000
    Module 05:
        Address:                 0000005b4837e000-0000005b488bf000
        Name:                    nnSdk
        Module Id:               5FD4F531C1195E9E5510C9E73F22CD39612839F8000000000000000000000000
Thread Report:
Number of Threads:               06
Threads[00]:
    Thread ID:                   0000000000000306
    Thread Name:                 MainThread
    Stack Region:                0000003922201000-0000003922301000
    Registers:
        X[00]:                   00000016402f003c
        X[01]:                   00000016402f0040
        X[02]:                   00000000000081ff
        X[03]:                   ffffffffffffffff
        X[04]:                   0000000000000000
        X[05]:                   0000000000000000
        X[06]:                   0000000000000000
        X[07]:                   0000000000000000
        X[08]:                   0000000000000000
        X[09]:                   0000000000000000
        X[10]:                   0000000000000000
        X[11]:                   0000000000000000
        X[12]:                   0000000000000000
        X[13]:                   0000000000000000
        X[14]:                   0000000000000000
        X[15]:                   0000000000000000
        X[16]:                   0000000000000000
        X[17]:                   0000000000000000
        X[18]:                   0000000000000000
        X[19]:                   0000000000000000
        X[20]:                   0000000000000000
        X[21]:                   0000000000000000
        X[22]:                   0000000000000000
        X[23]:                   0000000000000000
        X[24]:                   0000000000000000
        X[25]:                   0000000000000000
        X[26]:                   0000000000000000
        X[27]:                   0000000000000000
        X[28]:                   0000000000000000
        FP:                      00000039222feca0
        LR:                      0000005b486b7998 (nnSdk + 0x339998) (_ZN2nn2os6detail38InternalConditionVariableImplByHorizon4WaitEPNS1_23InternalCriticalSectionE + 0x48)
        SP:                      00000039222fec80
        PC:                      0000005b4870792c (nnSdk + 0x38992c)
    Stack Trace:
        ReturnAddress[00]:       0000005b486ac898 (nnSdk + 0x32e898) (_ZN2nn2os9WaitEventEPNS0_9EventTypeE + 0x48)
        ReturnAddress[01]:       0000005b48360618 (Skyline + 0x618)
        ReturnAddress[02]:       0000005b43f45cfc (cross2_Release.nss + 0x3741cfc)
        ReturnAddress[03]:       0000005b40ac9968 (cross2_Release.nss + 0x2c5968) (nnMain + 0x348)
        ReturnAddress[04]:       0000005b4861ba2c (nnSdk + 0x29da2c) (_ZN2nn4init5StartEmmPFvvES2_ + 0x4c)
        ReturnAddress[05]:       0000005b408000c0 (nnrtld + 0xc0)
    Stack Dump:                               00 01 02 03 04 05 06 07 08 09 0a 0b 0c 0d 0e 0f
                                 0039222fec80 40 00 2f 40 16 00 00 00 00 00 00 00 00 00 00 00
                                 0039222fec90 20 00 2f 40 16 00 00 00 3c 00 2f 40 16 00 00 00
                                 0039222feca0 d0 ec 2f 22 39 00 00 00 98 c8 6a 48 5b 00 00 00
                                 0039222fecb0 10 05 00 00 00 00 00 00 49 ef 2f 22 39 00 00 00
                                 0039222fecc0 80 0a 72 40 16 00 00 00 00 0a 95 40 16 00 00 00
                                 0039222fecd0 c0 f3 2f 22 39 00 00 00 18 06 36 48 5b 00 00 00
                                 0039222fece0 40 24 36 48 5b 00 00 00 30 ef 2f 22 39 00 00 00
                                 0039222fecf0 10 81 bb 40 16 00 00 00 90 ee 2f 22 39 00 00 00
                                 0039222fed00 38 ed 2f 22 39 00 00 00 a8 ee 2f 22 39 00 00 00
                                 0039222fed10 30 13 36 48 5b 00 00 00 00 0a 95 40 16 00 00 00
                                 0039222fed20 dc 1e 36 48 5b 00 00 00 a8 ee 2f 22 39 00 00 00
                                 0039222fed30 a8 ee 2f 22 39 00 00 00 70 ed 2f 22 01 00 00 00
                                 0039222fed40 30 13 36 48 5b 00 00 00 a8 ee 2f 22 39 00 00 00
                                 0039222fed50 38 18 36 48 5b 00 00 00 60 ee 2f 22 39 00 00 00
                                 0039222fed60 9f ed 2f 22 39 00 00 00 a8 ee 2f 22 39 00 00 00
                                 0039222fed70 a8 ee 2f 22 39 00 00 00 a8 ee 2f 22 39 00 00 00
    TLS Address:                 00000043b496d200
    TLS Dump:                                 00 01 02 03 04 05 06 07 08 09 0a 0b 0c 0d 0e 0f
                                 0043b496d200 00 00 00 00 0c 00 00 00 00 00 00 00 00 00 00 00
                                 0043b496d210 00 00 00 00 00 00 00 00 00 00 00 00 00 00 00 00
                                 0043b496d220 53 46 43 4f 00 00 00 00 00 00 00 00 eb ca d2 c4
                                 0043b496d230 28 04 00 00 00 00 00 00 00 00 00 00 00 00 00 00
                                 0043b496d240 b0 21 bc 19 04 00 00 00 28 04 00 00 00 00 00 00
                                 0043b496d250 00 00 00 00 00 00 00 00 00 00 00 00 00 00 00 00
                                 0043b496d260 00 00 00 00 00 00 00 00 00 00 00 00 00 00 00 00
                                 0043b496d270 00 00 00 00 00 00 00 00 00 00 00 00 00 00 00 00
                                 0043b496d280 00 00 00 00 00 00 00 00 00 00 00 00 00 00 00 00
                                 0043b496d290 00 00 00 00 00 00 00 00 00 00 00 00 00 00 00 00
                                 0043b496d2a0 00 00 00 00 00 00 00 00 00 00 00 00 00 00 00 00
                                 0043b496d2b0 00 00 00 00 00 00 00 00 00 00 00 00 00 00 00 00
                                 0043b496d2c0 00 00 00 00 00 00 00 00 00 00 00 00 00 00 00 00
                                 0043b496d2d0 00 00 00 00 00 00 00 00 00 00 00 00 00 00 00 00
                                 0043b496d2e0 00 00 00 00 00 00 00 00 00 00 00 00 00 00 00 00
                                 0043b496d2f0 00 00 00 00 00 00 00 00 00 00 00 00 00 00 00 00
Threads[01]:
    Thread ID:                   0000000000000307
    Thread Name:                 NxSystemThread
    Stack Region:                0000003942cd1000-0000003942cd2000
    Registers:
        X[00]:                   0000003942cd1b5c
        X[01]:                   0000003942cd1d74
        X[02]:                   0000000000000001
        X[03]:                   ffffffffffffffff
        X[04]:                   ffffffffffffffff
        X[05]:                   0000000000000000
        X[06]:                   0000000000000000
        X[07]:                   0000000000000000
        X[08]:                   0000000000000000
        X[09]:                   0000000000000000
        X[10]:                   0000000000000000
        X[11]:                   0000000000000000
        X[12]:                   0000000000000000
        X[13]:                   0000000000000000
        X[14]:                   0000000000000000
        X[15]:                   0000000000000000
        X[16]:                   0000000000000000
        X[17]:                   0000000000000000
        X[18]:                   0000000000000000
        X[19]:                   0000000000000000
        X[20]:                   0000000000000000
        X[21]:                   0000000000000000
        X[22]:                   0000000000000000
        X[23]:                   0000000000000000
        X[24]:                   0000000000000000
        X[25]:                   0000000000000000
        X[26]:                   0000000000000000
        X[27]:                   0000000000000000
        X[28]:                   0000000000000000
        FP:                      0000003942cd1b60
        LR:                      0000005b486b6464 (nnSdk + 0x338464) (_ZN2nn2os6detail22MultiWaitImplByHorizon20WaitSynchronizationNEiPjil + 0x24)
        SP:                      0000003942cd1b40
        PC:                      0000005b48707900 (nnSdk + 0x389900)
    Stack Trace:
        ReturnAddress[00]:       0000005b486b3c48 (nnSdk + 0x335c48) (_ZN2nn2os6detail13MultiWaitImpl19InternalWaitAnyImplEbNS_8TimeSpanE + 0x138)
        ReturnAddress[01]:       0000005b486b3e78 (nnSdk + 0x335e78) (_ZN2nn2os6detail13MultiWaitImpl11WaitAnyImplEbNS_8TimeSpanE + 0xa8)
        ReturnAddress[02]:       0000005b486b05f4 (nnSdk + 0x3325f4)
        ReturnAddress[03]:       0000005b486b055c (nnSdk + 0x33255c)
        ReturnAddress[04]:       0000005b486b054c (nnSdk + 0x33254c)
        ReturnAddress[05]:       0000005b486b24b8 (nnSdk + 0x3344b8)
        ReturnAddress[06]:       0000005b486b6984 (nnSdk + 0x338984)
        ReturnAddress[07]:       0000000000000000
    Stack Dump:                               00 01 02 03 04 05 06 07 08 09 0a 0b 0c 0d 0e 0f
                                 003942cd1b40 5c 1b cd 42 39 00 00 00 00 00 00 00 00 00 00 00
                                 003942cd1b50 ba 6d 70 ff 82 ff ff 7f d0 81 04 49 5b 00 00 00
                                 003942cd1b60 d0 1e cd 42 39 00 00 00 48 3c 6b 48 5b 00 00 00
                                 003942cd1b70 00 7c 04 49 5b 00 00 00 00 00 00 00 00 00 00 00
                                 003942cd1b80 00 00 00 00 00 00 00 00 00 00 00 00 00 00 00 00
                                 003942cd1b90 00 00 00 00 00 00 00 00 00 00 00 00 00 00 00 00
                                 003942cd1ba0 00 00 00 00 00 00 00 00 00 00 00 00 00 00 00 00
                                 003942cd1bb0 00 00 00 00 00 00 00 00 00 00 00 00 00 00 00 00
                                 003942cd1bc0 00 00 00 00 00 00 00 00 00 00 00 00 00 00 00 00
                                 003942cd1bd0 00 00 00 00 00 00 00 00 00 00 00 00 00 00 00 00
                                 003942cd1be0 00 00 00 00 00 00 00 00 00 00 00 00 00 00 00 00
                                 003942cd1bf0 00 00 00 00 00 00 00 00 00 00 00 00 00 00 00 00
                                 003942cd1c00 00 00 00 00 00 00 00 00 00 00 00 00 00 00 00 00
                                 003942cd1c10 00 00 00 00 00 00 00 00 00 00 00 00 00 00 00 00
                                 003942cd1c20 00 00 00 00 00 00 00 00 00 00 00 00 00 00 00 00
                                 003942cd1c30 00 00 00 00 00 00 00 00 00 00 00 00 00 00 00 00
    TLS Address:                 00000043b496d400
    TLS Dump:                                 00 01 02 03 04 05 06 07 08 09 0a 0b 0c 0d 0e 0f
                                 0043b496d400 00 00 00 00 00 00 00 00 00 00 00 00 00 00 00 00
                                 0043b496d410 00 00 00 00 00 00 00 00 00 00 00 00 00 00 00 00
                                 0043b496d420 00 00 00 00 00 00 00 00 00 00 00 00 00 00 00 00
                                 0043b496d430 00 00 00 00 00 00 00 00 00 00 00 00 00 00 00 00
                                 0043b496d440 00 00 00 00 00 00 00 00 00 00 00 00 00 00 00 00
                                 0043b496d450 00 00 00 00 00 00 00 00 00 00 00 00 00 00 00 00
                                 0043b496d460 00 00 00 00 00 00 00 00 00 00 00 00 00 00 00 00
                                 0043b496d470 00 00 00 00 00 00 00 00 00 00 00 00 00 00 00 00
                                 0043b496d480 00 00 00 00 00 00 00 00 00 00 00 00 00 00 00 00
                                 0043b496d490 00 00 00 00 00 00 00 00 00 00 00 00 00 00 00 00
                                 0043b496d4a0 00 00 00 00 00 00 00 00 00 00 00 00 00 00 00 00
                                 0043b496d4b0 00 00 00 00 00 00 00 00 00 00 00 00 00 00 00 00
                                 0043b496d4c0 00 00 00 00 00 00 00 00 00 00 00 00 00 00 00 00
                                 0043b496d4d0 00 00 00 00 00 00 00 00 00 00 00 00 00 00 00 00
                                 0043b496d4e0 00 00 00 00 00 00 00 00 00 00 00 00 00 00 00 00
                                 0043b496d4f0 00 00 00 00 00 00 00 00 00 00 00 00 00 00 00 00
Threads[02]:
    Thread ID:                   0000000000000308
    Thread Name:                 <UNKNOWN>
    Stack Region:                0000003931ecd000-0000003931f0d000
    Registers:
        X[00]:                   0000003931f0cef8
        X[01]:                   0000003931f0cefc
        X[02]:                   0000000000000001
        X[03]:                   ffffffffffffffff
        X[04]:                   0000000000000000
        X[05]:                   0000000000000000
        X[06]:                   0000000000000000
        X[07]:                   0000000000000000
        X[08]:                   0000000000000000
        X[09]:                   0000000000000000
        X[10]:                   0000000000000000
        X[11]:                   0000000000000000
        X[12]:                   0000000000000000
        X[13]:                   0000000000000000
        X[14]:                   0000000000000000
        X[15]:                   0000000000000000
        X[16]:                   0000000000000000
        X[17]:                   0000000000000000
        X[18]:                   0000000000000000
        X[19]:                   0000000000000000
        X[20]:                   0000000000000000
        X[21]:                   0000000000000000
        X[22]:                   0000000000000000
        X[23]:                   0000000000000000
        X[24]:                   0000000000000000
        X[25]:                   0000000000000000
        X[26]:                   0000000000000000
        X[27]:                   0000000000000000
        X[28]:                   0000000000000000
        FP:                      0000003931f0cf10
        LR:                      0000005b486b7498 (nnSdk + 0x339498) (_ZN2nn2os6detail30InterProcessEventImplByHorizon4WaitEjb + 0x88)
        SP:                      0000003931f0cee0
        PC:                      0000005b48707900 (nnSdk + 0x389900)
    Stack Trace:
        ReturnAddress[00]:       0000005b43f5898c (cross2_Release.nss + 0x375498c)
        ReturnAddress[01]:       0000005b486b24b8 (nnSdk + 0x3344b8)
        ReturnAddress[02]:       0000005b486b6984 (nnSdk + 0x338984)
        ReturnAddress[03]:       0000000000000000
    Stack Dump:                               00 01 02 03 04 05 06 07 08 09 0a 0b 0c 0d 0e 0f
                                 003931f0cee0 f8 ce f0 31 39 00 00 00 00 00 00 00 00 00 00 00
                                 003931f0cef0 00 00 00 00 00 00 00 00 00 00 00 00 f7 01 05 00
                                 003931f0cf00 06 00 00 00 00 00 00 00 f0 e4 13 46 5b 00 00 00
                                 003931f0cf10 80 cf f0 31 39 00 00 00 8c 89 f5 43 5b 00 00 00
                                 003931f0cf20 00 00 00 00 00 00 00 00 00 00 00 00 00 00 00 00
                                 003931f0cf30 00 00 00 00 00 00 00 00 00 00 00 00 00 00 00 00
                                 003931f0cf40 00 00 00 00 00 00 00 00 00 00 00 00 00 00 00 00
                                 003931f0cf50 00 00 00 00 00 00 00 00 00 00 00 00 00 00 00 00
                                 003931f0cf60 00 00 00 00 00 00 00 00 bc 09 95 40 16 00 00 00
                                 003931f0cf70 b8 09 95 40 16 00 00 00 10 08 95 40 16 00 00 00
                                 003931f0cf80 b0 cf f0 31 39 00 00 00 b8 24 6b 48 5b 00 00 00
                                 003931f0cf90 00 00 00 00 00 00 00 00 00 00 00 00 00 00 00 00
                                 003931f0cfa0 00 00 00 00 00 00 00 00 10 08 95 40 16 00 00 00
                                 003931f0cfb0 d0 cf f0 31 39 00 00 00 84 69 6b 48 5b 00 00 00
                                 003931f0cfc0 00 00 00 00 00 00 00 00 00 00 00 00 00 00 00 00
                                 003931f0cfd0 00 00 00 00 00 00 00 00 00 00 00 00 00 00 00 00
    TLS Address:                 00000043b496d600
    TLS Dump:                                 00 01 02 03 04 05 06 07 08 09 0a 0b 0c 0d 0e 0f
                                 0043b496d600 00 00 00 00 00 00 00 00 00 00 00 00 00 00 00 00
                                 0043b496d610 00 00 00 00 00 00 00 00 00 00 00 00 00 00 00 00
                                 0043b496d620 00 00 00 00 00 00 00 00 00 00 00 00 00 00 00 00
                                 0043b496d630 00 00 00 00 00 00 00 00 00 00 00 00 00 00 00 00
                                 0043b496d640 00 00 00 00 00 00 00 00 00 00 00 00 00 00 00 00
                                 0043b496d650 00 00 00 00 00 00 00 00 00 00 00 00 00 00 00 00
                                 0043b496d660 00 00 00 00 00 00 00 00 00 00 00 00 00 00 00 00
                                 0043b496d670 00 00 00 00 00 00 00 00 00 00 00 00 00 00 00 00
                                 0043b496d680 00 00 00 00 00 00 00 00 00 00 00 00 00 00 00 00
                                 0043b496d690 00 00 00 00 00 00 00 00 00 00 00 00 00 00 00 00
                                 0043b496d6a0 00 00 00 00 00 00 00 00 00 00 00 00 00 00 00 00
                                 0043b496d6b0 00 00 00 00 00 00 00 00 00 00 00 00 00 00 00 00
                                 0043b496d6c0 00 00 00 00 00 00 00 00 00 00 00 00 00 00 00 00
                                 0043b496d6d0 00 00 00 00 00 00 00 00 00 00 00 00 00 00 00 00
                                 0043b496d6e0 00 00 00 00 00 00 00 00 00 00 00 00 00 00 00 00
                                 0043b496d6f0 00 00 00 00 00 00 00 00 00 00 00 00 00 00 00 00
Threads[03]:
    Thread ID:                   000000000000030b
    Thread Name:                 Thread_0x0000005B4836BDAC
    Stack Region:                0000003923c20000-0000003923c30000
    Registers:
        X[00]:                   0000005105416d58
        X[01]:                   0000000000000000
        X[02]:                   000000000001bf60
        X[03]:                   0000000000000000
        X[04]:                   0000000000000000
        X[05]:                   0000000000000000
        X[06]:                   0000000000000000
        X[07]:                   0000000000000000
        X[08]:                   0000005104d37118
        X[09]:                   0000000000000000
        X[10]:                   0000000000000008
        X[11]:                   0000000000000000
        X[12]:                   0000005105432cb0
        X[13]:                   0000000000000002
        X[14]:                   0000000000000018
        X[15]:                   0000005105416d70
        X[16]:                   0000000000000018
        X[17]:                   0000005b48888370 (nnSdk + 0x50a370) (memset + 0x0)
        X[18]:                   0000000000000000
        X[19]:                   0000001640d50ae0
        X[20]:                   0000001642940000
        X[21]:                   0000001642137000
        X[22]:                   0000000000000001
        X[23]:                   0000000000000000
        X[24]:                   0000005104d37118
        X[25]:                   0000005104d37000
        X[26]:                   00000000006fc000
        X[27]:                   0000005104d37118
        X[28]:                   0000000000000000
        FP:                      0000003923c2fc70
        LR:                      0000005b486c5588 (nnSdk + 0x347588) (_ZN2nn2ro18LoadModuleInternalEPNS0_6ModuleEPKvPvmib + 0x128)
        SP:                      0000003923c2fc10
        PC:                      0000005b486c559c (nnSdk + 0x34759c) (_ZN2nn2ro18LoadModuleInternalEPNS0_6ModuleEPKvPvmib + 0x13c)
    Stack Trace:
        ReturnAddress[00]:       0000005b486c5700 (nnSdk + 0x347700) (_ZN2nn2ro10LoadModuleEPNS0_6ModuleEPKvPvmi + 0x10)
        ReturnAddress[01]:       0000005b483675ec (Skyline + 0x75ec)
        ReturnAddress[02]:       0000005b486b6984 (nnSdk + 0x338984)
        ReturnAddress[03]:       0000000000000000
    Stack Dump:                               00 01 02 03 04 05 06 07 08 09 0a 0b 0c 0d 0e 0f
                                 003923c2fc10 60 8f 36 48 5b 00 00 00 00 00 00 00 39 00 00 00
                                 003923c2fc20 00 00 00 00 00 00 00 00 00 70 d3 04 51 00 00 00
                                 003923c2fc30 00 00 00 00 00 00 00 00 00 00 00 00 00 00 00 00
                                 003923c2fc40 00 00 00 00 00 00 00 00 00 00 00 00 00 00 00 00
                                 003923c2fc50 00 00 00 00 00 00 00 00 fc 0b 95 40 16 00 00 00
                                 003923c2fc60 00 70 13 42 16 00 00 00 e0 0a d5 40 16 00 00 00
                                 003923c2fc70 80 fc c2 23 39 00 00 00 00 57 6c 48 5b 00 00 00
                                 003923c2fc80 b0 ff c2 23 39 00 00 00 ec 75 36 48 5b 00 00 00
                                 003923c2fc90 6c 05 36 48 5b 00 00 00 00 00 c2 41 16 00 00 00
                                 003923c2fca0 f8 0b 95 40 16 00 00 00 48 00 00 00 00 00 00 00
                                 003923c2fcb0 08 1c 28 40 16 00 00 00 00 00 c2 41 16 00 00 00
                                 003923c2fcc0 b0 fd c2 23 39 00 00 00 ca 7a ec 03 ae e4 9f ea
                                 003923c2fcd0 53 9d cb 92 56 9f ea 5b c5 38 9f 77 37 7b a2 a3
                                 003923c2fce0 0e 4d 0b 7e bd 02 55 e6 08 1c 28 40 00 00 00 00
                                 003923c2fcf0 20 fd c2 23 39 00 00 00 20 fd c2 23 39 00 00 00
                                 003923c2fd00 79 7a 76 00 00 00 00 00 00 02 dc 40 16 00 00 00
    TLS Address:                 00000043b496d800
    TLS Dump:                                 00 01 02 03 04 05 06 07 08 09 0a 0b 0c 0d 0e 0f
                                 0043b496d800 00 00 00 00 0a 00 00 00 00 00 00 00 00 00 00 00
                                 0043b496d810 53 46 43 4f 00 00 00 00 00 00 00 00 a9 55 2c a5
                                 0043b496d820 00 70 d3 04 51 00 00 00 02 02 00 00 e7 59 ea d4
                                 0043b496d830 00 00 00 00 00 00 00 00 00 70 13 42 16 00 00 00
                                 0043b496d840 00 00 6e 00 00 00 00 00 00 00 94 42 16 00 00 00
                                 0043b496d850 00 c0 01 00 00 00 00 00 00 a5 00 00 04 00 00 00
                                 0043b496d860 00 00 00 00 00 00 00 00 00 00 5e 00 00 00 00 00
                                 0043b496d870 00 00 00 00 00 00 00 00 00 00 00 00 00 00 00 00
                                 0043b496d880 00 00 00 00 00 00 00 00 00 00 00 00 00 00 00 00
                                 0043b496d890 00 00 00 00 00 00 00 00 00 00 00 00 00 00 00 00
                                 0043b496d8a0 00 00 00 00 00 00 00 00 00 00 00 00 00 00 00 00
                                 0043b496d8b0 00 00 00 00 00 00 00 00 00 00 00 00 00 00 00 00
                                 0043b496d8c0 00 00 00 00 00 00 00 00 00 00 00 00 00 00 00 00
                                 0043b496d8d0 00 00 00 00 00 00 00 00 00 00 00 00 00 00 00 00
                                 0043b496d8e0 00 00 00 00 00 00 00 00 00 00 00 00 00 00 00 00
                                 0043b496d8f0 00 00 00 00 00 00 00 00 00 00 00 00 00 00 00 00
Threads[04]:
    Thread ID:                   000000000000030c
    Thread Name:                 Thread_0x0000005B483665D8
    Stack Region:                0000003969450000-0000003969453000
    Registers:
        X[00]:                   00000000001501dc
        X[01]:                   00000043b496da00
        X[02]:                   00000000001501dc
        X[03]:                   0000003969452e60
        X[04]:                   0000000000001000
        X[05]:                   0000000000000013
        X[06]:                   00000043b496da00
        X[07]:                   0000000000000001
        X[08]:                   0000000000000000
        X[09]:                   0000000000000000
        X[10]:                   0000000000000000
        X[11]:                   0000000000000000
        X[12]:                   0000000000000000
        X[13]:                   0000000000000000
        X[14]:                   0000000000000000
        X[15]:                   0000000000000000
        X[16]:                   0000000000000000
        X[17]:                   0000000000000000
        X[18]:                   0000000000000000
        X[19]:                   0000000000000000
        X[20]:                   0000000000000000
        X[21]:                   0000000000000000
        X[22]:                   0000000000000000
        X[23]:                   0000000000000000
        X[24]:                   0000000000000000
        X[25]:                   0000000000000000
        X[26]:                   0000000000000000
        X[27]:                   0000000000000000
        X[28]:                   0000000000000000
        FP:                      0000003969452dd0
        LR:                      0000005b486e5684 (nnSdk + 0x367684) (_ZN2nn2sf4hipc15SendSyncRequestENS_3svc6HandleEPvm + 0x34)
        SP:                      0000003969452dd0
        PC:                      0000005b48707954 (nnSdk + 0x389954)
    Stack Trace:
        ReturnAddress[00]:       0000005b486f9e80 (nnSdk + 0x37be80) (_ZN2nn2sf4cmif6client34CmifDomainProxyClientCoreProcessorINS0_4hipc6client38Hipc2ClientSessionManagedProxyKindBaseINS5_18Hipc2P + 0x150)
        ReturnAddress[01]:       0000005b486f8304 (nnSdk + 0x37a304)
        ReturnAddress[02]:       0000005b486efa24 (nnSdk + 0x371a24) (_ZN2nn6socket6detail6AcceptEiP8sockaddrPj + 0xa4)
        ReturnAddress[03]:       0000005b483666bc (Skyline + 0x66bc)
        ReturnAddress[04]:       0000005b486b6984 (nnSdk + 0x338984)
        ReturnAddress[05]:       0000000000000000
    Stack Dump:                               00 01 02 03 04 05 06 07 08 09 0a 0b 0c 0d 0e 0f
                                 003969452dd0 e0 2e 45 69 39 00 00 00 80 9e 6f 48 5b 00 00 00
                                 003969452de0 00 00 00 00 00 00 00 00 20 2f 45 69 39 00 00 00
                                 003969452df0 1c 2f 45 69 39 00 00 00 01 00 00 00 00 00 00 01
                                 003969452e00 0e 0c 00 00 00 00 00 00 00 00 00 00 00 00 00 00
                                 003969452e10 00 00 00 00 00 00 00 00 00 00 00 00 02 00 00 00
                                 003969452e20 00 00 00 00 05 00 00 00 13 00 00 00 15 00 00 00
                                 003969452e30 00 00 00 00 00 00 00 00 00 00 00 00 00 00 00 00
                                 003969452e40 00 00 00 00 00 00 00 00 00 00 00 00 00 00 00 00
                                 003969452e50 00 00 00 00 00 00 00 00 00 00 00 00 00 00 00 00
                                 003969452e60 22 00 00 00 00 00 00 00 70 2f 45 69 39 00 00 00
                                 003969452e70 00 00 00 00 00 00 00 00 f8 2d 45 69 39 00 00 00
                                 003969452e80 00 da 96 b4 43 00 00 00 00 00 00 00 00 00 00 00
                                 003969452e90 00 00 00 00 00 00 00 00 00 00 00 00 00 00 00 00
                                 003969452ea0 00 00 00 00 00 00 00 00 00 00 00 00 00 00 00 00
                                 003969452eb0 00 00 00 00 00 00 00 00 00 00 00 00 00 00 00 00
                                 003969452ec0 00 00 00 00 00 00 00 00 ac 01 d5 40 16 00 00 00
    TLS Address:                 00000043b496da00
    TLS Dump:                                 00 01 02 03 04 05 06 07 08 09 0a 0b 0c 0d 0e 0f
                                 0043b496da00 06 00 00 01 0e 0c 00 00 00 00 00 00 00 00 00 00
                                 0043b496da10 00 00 00 00 00 00 00 00 00 00 00 00 00 00 00 00
                                 0043b496da20 01 00 14 00 01 00 00 00 00 00 00 00 00 00 00 00
                                 0043b496da30 53 46 43 49 01 00 00 00 0c 00 00 00 00 00 00 00
                                 0043b496da40 00 00 00 00 ff ff 00 00 00 00 00 00 70 2f 45 69
                                 0043b496da50 39 00 00 00 00 00 00 00 00 00 00 00 00 00 00 00
                                 0043b496da60 00 00 00 00 00 00 00 00 00 00 00 00 00 00 00 00
                                 0043b496da70 00 00 00 00 00 00 00 00 00 00 00 00 00 00 00 00
                                 0043b496da80 00 00 00 00 00 00 00 00 00 00 00 00 00 00 00 00
                                 0043b496da90 00 00 00 00 00 00 00 00 00 00 00 00 00 00 00 00
                                 0043b496daa0 00 00 00 00 00 00 00 00 00 00 00 00 00 00 00 00
                                 0043b496dab0 00 00 00 00 00 00 00 00 00 00 00 00 00 00 00 00
                                 0043b496dac0 00 00 00 00 00 00 00 00 00 00 00 00 00 00 00 00
                                 0043b496dad0 00 00 00 00 00 00 00 00 00 00 00 00 00 00 00 00
                                 0043b496dae0 00 00 00 00 00 00 00 00 00 00 00 00 00 00 00 00
                                 0043b496daf0 00 00 00 00 00 00 00 00 00 00 00 00 00 00 00 00
Threads[05]:
    Thread ID:                   000000000000030d
    Thread Name:                 Thread_0x0000005B48364E5C
    Stack Region:                000000390d2f5000-000000390d2f8000
    Registers:
        X[00]:                   0000000005f5e100
        X[01]:                   0000000000000000
        X[02]:                   0000000000000000
        X[03]:                   0000000000000000
        X[04]:                   0000000000000000
        X[05]:                   0000000000000000
        X[06]:                   0000000000000000
        X[07]:                   0000000000000000
        X[08]:                   0000000000000000
        X[09]:                   0000000000000000
        X[10]:                   0000000000000000
        X[11]:                   0000000000000000
        X[12]:                   0000000000000000
        X[13]:                   0000000000000000
        X[14]:                   0000000000000000
        X[15]:                   0000000000000000
        X[16]:                   0000000000000000
        X[17]:                   0000000000000000
        X[18]:                   0000000000000000
        X[19]:                   0000000000000000
        X[20]:                   0000000000000000
        X[21]:                   0000000000000000
        X[22]:                   0000000000000000
        X[23]:                   0000000000000000
        X[24]:                   0000000000000000
        X[25]:                   0000000000000000
        X[26]:                   0000000000000000
        X[27]:                   0000000000000000
        X[28]:                   0000000000000000
        FP:                      000000390d2f7fb0
        LR:                      0000005b48364ee4 (Skyline + 0x4ee4)
        SP:                      000000390d2f7f40
        PC:                      0000005b4870785c (nnSdk + 0x38985c)
    Stack Trace:
        ReturnAddress[00]:       0000005b486b6984 (nnSdk + 0x338984)
        ReturnAddress[01]:       0000000000000000
    Stack Dump:                               00 01 02 03 04 05 06 07 08 09 0a 0b 0c 0d 0e 0f
                                 00390d2f7f00 b0 7f 2f 0d 39 00 00 00 50 00 2f 40 16 00 00 00
                                 00390d2f7f10 d0 4e 36 48 5b 00 00 00 00 00 72 40 16 00 00 00
                                 00390d2f7f20 00 00 00 00 00 00 00 00 00 e1 f5 05 00 00 00 00
                                 00390d2f7f30 b0 7f 2f 0d 39 00 00 00 00 e1 f5 05 00 00 00 00
                                 00390d2f7f40 b8 24 6b 48 5b 00 00 00 c0 01 d5 40 16 00 00 00
                                 00390d2f7f50 00 00 00 00 00 00 00 00 00 00 72 40 16 00 00 00
                                 00390d2f7f60 00 00 00 00 00 00 00 00 78 7f 2f 0d 39 00 00 00
                                 00390d2f7f70 09 00 00 00 00 00 00 00 54 63 70 4c 6f 67 67 65
                                 00390d2f7f80 72 00 2f 0d 39 00 00 00 00 00 72 40 16 00 00 00
                                 00390d2f7f90 00 00 00 00 00 00 00 00 00 00 00 00 00 00 00 00
                                 00390d2f7fa0 00 00 00 00 00 00 00 00 c0 01 d5 40 16 00 00 00
                                 00390d2f7fb0 d0 7f 2f 0d 39 00 00 00 84 69 6b 48 5b 00 00 00
                                 00390d2f7fc0 00 00 00 00 00 00 00 00 00 00 00 00 00 00 00 00
                                 00390d2f7fd0 00 00 00 00 00 00 00 00 00 00 00 00 00 00 00 00
                                 00390d2f7fe0 50 24 6b 48 5b 00 00 00 00 00 00 00 00 00 00 00
                                 00390d2f7ff0 00 00 00 00 00 00 00 00 00 00 00 00 00 00 00 00
    TLS Address:                 00000043b496dc00
    TLS Dump:                                 00 01 02 03 04 05 06 07 08 09 0a 0b 0c 0d 0e 0f
                                 0043b496dc00 00 00 00 00 0e 08 e0 03 00 00 00 00 00 00 00 00
                                 0043b496dc10 00 00 00 00 00 00 00 00 00 00 00 00 00 00 00 00
                                 0043b496dc20 53 46 43 4f 00 00 00 00 00 00 00 00 91 ab e3 ac
                                 0043b496dc30 ff ff ff ff 6b 00 00 00 00 00 00 00 00 00 00 00
                                 0043b496dc40 00 00 00 00 00 00 00 00 00 00 00 00 00 00 00 00
                                 0043b496dc50 00 00 00 00 00 00 00 00 00 00 00 00 00 00 00 00
                                 0043b496dc60 00 00 00 00 00 00 00 00 00 00 00 00 00 00 00 00
                                 0043b496dc70 00 00 00 00 00 00 00 00 00 00 00 00 00 00 00 00
                                 0043b496dc80 00 00 00 00 00 00 00 00 00 00 00 00 00 00 00 00
                                 0043b496dc90 00 00 00 00 00 00 00 00 00 00 00 00 00 00 00 00
                                 0043b496dca0 00 00 00 00 00 00 00 00 00 00 00 00 00 00 00 00
                                 0043b496dcb0 00 00 00 00 00 00 00 00 00 00 00 00 00 00 00 00
                                 0043b496dcc0 00 00 00 00 00 00 00 00 00 00 00 00 00 00 00 00
                                 0043b496dcd0 00 00 00 00 00 00 00 00 00 00 00 00 00 00 00 00
                                 0043b496dce0 00 00 00 00 00 00 00 00 00 00 00 00 00 00 00 00
                                 0043b496dcf0 00 00 00 00 00 00 00 00 00 00 00 00 00 00 00 00
