Atmosphère Crash Report (v1.7):
Result:                          0x2A8 (2168-0001)

Process Info:
    Process Name:                Application
    Program ID:                  01006a800016e000
    Process ID:                  000000000000008a
    Process Flags:               00000077
    User Exception Address:      00000056aede5000
Exception Info:
    Type:                        Instruction Abort
    Address:                     0000000000000000
Crashed Thread Info:
    Thread ID:                   0000000000000298
    Thread Name:                 Thread_0x000000349F36BDAC
    Stack Region:                0000000fb379a000-0000000fb37aa000
    Registers:
        X[00]:                   0000000fb37a9b88
        X[01]:                   0000000fb37a9b28
        X[02]:                   0000002348684b50
        X[03]:                   0000000000000000
        X[04]:                   0000000000000000
        X[05]:                   0000000000000000
        X[06]:                   0000000000000000
        X[07]:                   0000000000000000
        X[08]:                   0000000000000000
        X[09]:                   0000000000000000
        X[10]:                   0000000000000000
        X[11]:                   0000000000084c29
        X[12]:                   0000000000000000
        X[13]:                   0000000000000000
        X[14]:                   0000000000000000
        X[15]:                   0000000000000000
        X[16]:                   0000000000000000
        X[17]:                   000000349f6b8020 (nnSdk + 0x33a020) (_ZN2nn2os6detail36InternalCriticalSectionImplByHorizon5LeaveEv + 0x0)
        X[18]:                   000000349fe1ec38
        X[19]:                   0000002348541778 (ssbu-online-deluxe + 0x12778) (main_menu_init + 0x0)
        X[20]:                   000000234868d168
        X[21]:                   0000000000000000
        X[22]:                   0000000000000000
        X[23]:                   0000003800cf0450
        X[24]:                   0000000000000000
        X[25]:                   0000000000000000
        X[26]:                   0000000000000000
        X[27]:                   0000000000000000
        X[28]:                   0000000000000000
        FP:                      0000000fb37a9fb0
        LR:                      000000234854c014 (ssbu-online-deluxe + 0x1d014) (main + 0x708)
        SP:                      0000000fb37a9ba0
        PC:                      0000000000000000
    Stack Trace:
        ReturnAddress[00]:       000000349f6b6984 (nnSdk + 0x338984)
        ReturnAddress[01]:       0000000000000000
    Stack Dump:                               00 01 02 03 04 05 06 07 08 09 0a 0b 0c 0d 0e 0f
                                 000fb37a9ba0 60 0f d8 01 38 00 00 00 00 00 00 00 38 00 00 00
                                 000fb37a9bb0 90 9c 7a b3 00 00 00 00 d8 27 00 08 00 00 00 00
                                 000fb37a9bc0 00 00 00 00 00 00 00 00 d8 27 00 08 00 00 00 00
                                 000fb37a9bd0 00 00 00 00 00 00 00 00 00 00 00 00 00 00 00 00
                                 000fb37a9be0 00 00 00 00 00 00 00 00 00 00 00 00 00 00 00 00
                                 000fb37a9bf0 00 00 00 00 00 00 00 00 d0 ff ff ff 80 ff ff ff
                                 000fb37a9c00 90 9c 7a b3 0f 00 00 00 90 9c 7a b3 0f 00 00 00
                                 000fb37a9c10 f5 fa f5 fd f6 fe ff ff ff ff fe fe ff f8 ff ff
                                 000fb37a9c20 00 00 00 00 00 00 00 00 9f a9 d6 a6 95 88 95 99
                                 000fb37a9c30 00 00 00 00 00 00 00 00 00 00 00 00 00 00 00 00
                                 000fb37a9c40 54 77 36 9f 34 00 00 00 00 00 00 00 00 00 00 00
                                 000fb37a9c50 00 00 00 00 00 00 00 00 00 00 00 00 00 00 00 00
                                 000fb37a9c60 00 00 00 00 00 00 00 00 00 00 00 00 00 00 00 00
                                 000fb37a9c70 00 00 00 00 00 00 00 00 fc 0b 95 00 38 00 00 00
                                 000fb37a9c80 00 b0 58 02 38 00 00 00 00 00 72 00 38 00 00 00
                                 000fb37a9c90 6c 05 36 9f 34 00 00 00 00 00 c2 01 38 00 00 00
    TLS Address:                 00000056aede5800
    TLS Dump:                                 00 01 02 03 04 05 06 07 08 09 0a 0b 0c 0d 0e 0f
                                 0056aede5800 04 00 00 00 20 00 00 00 00 00 00 00 00 00 00 00
                                 0056aede5810 53 46 43 4f 00 00 00 00 00 00 00 00 00 00 00 00
                                 0056aede5820 04 00 00 00 01 00 01 01 00 00 00 00 00 00 00 00
                                 0056aede5830 00 e0 16 00 80 6a 00 01 00 e0 16 00 80 6a 00 01
                                 0056aede5840 fa 00 00 00 00 00 00 00 20 03 00 00 c9 04 00 00
                                 0056aede5850 00 00 00 00 00 00 00 00 00 00 00 00 00 00 00 00
                                 0056aede5860 69 64 6c 65 00 00 00 00 00 00 00 00 00 00 00 00
                                 0056aede5870 00 00 00 00 00 00 00 00 00 00 00 00 00 00 00 00
                                 0056aede5880 00 00 00 00 00 00 00 00 00 00 00 00 00 00 00 00
                                 0056aede5890 00 00 00 00 00 00 00 00 00 00 00 00 00 00 00 00
                                 0056aede58a0 00 00 00 00 00 00 00 00 00 00 00 00 00 00 00 00
                                 0056aede58b0 00 00 00 00 00 00 00 00 00 00 00 00 00 00 00 00
                                 0056aede58c0 00 00 00 00 00 00 00 00 00 00 00 00 00 00 00 00
                                 0056aede58d0 00 00 00 00 00 00 00 00 00 00 00 00 00 00 00 00
                                 0056aede58e0 00 00 00 00 00 00 00 00 00 00 00 00 00 00 00 00
                                 0056aede58f0 00 00 00 00 00 00 00 00 00 00 00 00 00 00 00 00
Module Info:
    Number of Modules:           08
    Module 00:
        Address:                 000000234852f000-0000002348640000
        Name:                    ssbu-online-deluxe
        Module Id:               0000000000000000000000000000000000000000000000000000000000000000
    Module 01:
        Address:                 00000034977dc000-0000003497800000
        Name:                    [00000000]
        Module Id:               0000000000000000000000000000000000000000000000000000000000000000
    Module 02:
        Address:                 0000003497800000-0000003497802000
        Name:                    nnrtld
        Module Id:               285183CAC95179371CC22CEC3723F882E1589659000000000000000000000000
    Module 03:
        Address:                 0000003497804000-000000349b1cc000
        Name:                    cross2_Release.nss
        Module Id:               3EAE0063B12FD81E99FB5980BA56297049EA94F9000000000000000000000000
    Module 04:
        Address:                 000000349ec4b000-000000349efb8000
        Name:                    multimedia
        Module Id:               60C6EDBBFCEBD4176CC301D5D9CB5A6F094F9360000000000000000000000000
    Module 05:
        Address:                 000000349f360000-000000349f371000
        Name:                    Skyline
        Module Id:               84F953E76E1E2E976B0C1540F615449D25DA5BF3000000000000000000000000
    Module 06:
        Address:                 000000349f37e000-000000349f8bf000
        Name:                    nnSdk
        Module Id:               5FD4F531C1195E9E5510C9E73F22CD39612839F8000000000000000000000000
    Module 07:
        Address:                 0000007df47be000-0000007df493a000
        Name:                    arcropolis
        Module Id:               0000000000000000000000000000000000000000000000000000000000000000
Thread Report:
Number of Threads:               08
Threads[00]:
    Thread ID:                   0000000000000290
    Thread Name:                 MainThread
    Stack Region:                0000000fde171000-0000000fde271000
    Registers:
        X[00]:                   00000038002f003c
        X[01]:                   00000038002f0040
        X[02]:                   00000000000081ff
        X[03]:                   ffffffffffffffff
        X[04]:                   0000000000000000
        X[05]:                   0000000000000000
        X[06]:                   0000000000000000
        X[07]:                   0000000000000000
        X[08]:                   0000000000000000
        X[09]:                   0000000000000000
        X[10]:                   0000000000000000
        X[11]:                   0000000000000000
        X[12]:                   0000000000000000
        X[13]:                   0000000000000000
        X[14]:                   0000000000000000
        X[15]:                   0000000000000000
        X[16]:                   0000000000000000
        X[17]:                   0000000000000000
        X[18]:                   0000000000000000
        X[19]:                   0000000000000000
        X[20]:                   0000000000000000
        X[21]:                   0000000000000000
        X[22]:                   0000000000000000
        X[23]:                   0000000000000000
        X[24]:                   0000000000000000
        X[25]:                   0000000000000000
        X[26]:                   0000000000000000
        X[27]:                   0000000000000000
        X[28]:                   0000000000000000
        FP:                      0000000fde26eca0
        LR:                      000000349f6b7998 (nnSdk + 0x339998) (_ZN2nn2os6detail38InternalConditionVariableImplByHorizon4WaitEPNS1_23InternalCriticalSectionE + 0x48)
        SP:                      0000000fde26ec80
        PC:                      000000349f70792c (nnSdk + 0x38992c)
    Stack Trace:
        ReturnAddress[00]:       000000349f6ac898 (nnSdk + 0x32e898) (_ZN2nn2os9WaitEventEPNS0_9EventTypeE + 0x48)
        ReturnAddress[01]:       000000349f360618 (Skyline + 0x618)
        ReturnAddress[02]:       000000349af45cfc (cross2_Release.nss + 0x3741cfc)
        ReturnAddress[03]:       0000003497ac9968 (cross2_Release.nss + 0x2c5968) (nnMain + 0x348)
        ReturnAddress[04]:       000000349f61ba2c (nnSdk + 0x29da2c) (_ZN2nn4init5StartEmmPFvvES2_ + 0x4c)
        ReturnAddress[05]:       00000034978000c0 (nnrtld + 0xc0)
    Stack Dump:                               00 01 02 03 04 05 06 07 08 09 0a 0b 0c 0d 0e 0f
                                 000fde26ec80 40 00 2f 00 38 00 00 00 00 00 00 00 00 00 00 00
                                 000fde26ec90 20 00 2f 00 38 00 00 00 3c 00 2f 00 38 00 00 00
                                 000fde26eca0 d0 ec 26 de 0f 00 00 00 98 c8 6a 9f 34 00 00 00
                                 000fde26ecb0 f8 05 00 00 00 00 00 00 49 ef 26 de 0f 00 00 00
                                 000fde26ecc0 80 0a 72 00 38 00 00 00 00 0a 95 00 38 00 00 00
                                 000fde26ecd0 c0 f3 26 de 0f 00 00 00 18 06 36 9f 34 00 00 00
                                 000fde26ece0 40 24 36 9f 34 00 00 00 30 ef 26 de 0f 00 00 00
                                 000fde26ecf0 10 81 bb 00 38 00 00 00 90 ee 26 de 0f 00 00 00
                                 000fde26ed00 38 ed 26 de 0f 00 00 00 a8 ee 26 de 0f 00 00 00
                                 000fde26ed10 30 13 36 9f 34 00 00 00 00 0a 95 00 38 00 00 00
                                 000fde26ed20 dc 1e 36 9f 34 00 00 00 a8 ee 26 de 0f 00 00 00
                                 000fde26ed30 a8 ee 26 de 0f 00 00 00 70 ed 26 de 01 00 00 00
                                 000fde26ed40 30 13 36 9f 34 00 00 00 a8 ee 26 de 0f 00 00 00
                                 000fde26ed50 38 18 36 9f 34 00 00 00 60 ee 26 de 0f 00 00 00
                                 000fde26ed60 9f ed 26 de 0f 00 00 00 a8 ee 26 de 0f 00 00 00
                                 000fde26ed70 a8 ee 26 de 0f 00 00 00 a8 ee 26 de 0f 00 00 00
    TLS Address:                 00000056aede5200
    TLS Dump:                                 00 01 02 03 04 05 06 07 08 09 0a 0b 0c 0d 0e 0f
                                 0056aede5200 00 00 00 00 0c 00 00 00 00 00 00 00 00 00 00 00
                                 0056aede5210 00 00 00 00 00 00 00 00 00 00 00 00 00 00 00 00
                                 0056aede5220 53 46 43 4f 00 00 00 00 00 00 00 00 eb ca d2 c4
                                 0056aede5230 d0 04 00 00 00 00 00 00 00 00 00 00 00 00 00 00
                                 0056aede5240 74 f7 8b 19 04 00 00 00 d0 04 00 00 00 00 00 00
                                 0056aede5250 00 00 00 00 00 00 00 00 00 00 00 00 00 00 00 00
                                 0056aede5260 00 00 00 00 00 00 00 00 00 00 00 00 00 00 00 00
                                 0056aede5270 00 00 00 00 00 00 00 00 00 00 00 00 00 00 00 00
                                 0056aede5280 00 00 00 00 00 00 00 00 00 00 00 00 00 00 00 00
                                 0056aede5290 00 00 00 00 00 00 00 00 00 00 00 00 00 00 00 00
                                 0056aede52a0 00 00 00 00 00 00 00 00 00 00 00 00 00 00 00 00
                                 0056aede52b0 00 00 00 00 00 00 00 00 00 00 00 00 00 00 00 00
                                 0056aede52c0 00 00 00 00 00 00 00 00 00 00 00 00 00 00 00 00
                                 0056aede52d0 00 00 00 00 00 00 00 00 00 00 00 00 00 00 00 00
                                 0056aede52e0 00 00 00 00 00 00 00 00 00 00 00 00 00 00 00 00
                                 0056aede52f0 00 00 00 00 00 00 00 00 00 00 00 00 00 00 00 00
Threads[01]:
    Thread ID:                   0000000000000294
    Thread Name:                 NxSystemThread
    Stack Region:                0000000feffb5000-0000000feffb6000
    Registers:
        X[00]:                   0000000feffb5b5c
        X[01]:                   0000000feffb5d74
        X[02]:                   0000000000000001
        X[03]:                   ffffffffffffffff
        X[04]:                   ffffffffffffffff
        X[05]:                   0000000000000000
        X[06]:                   0000000000000000
        X[07]:                   0000000000000000
        X[08]:                   0000000000000000
        X[09]:                   0000000000000000
        X[10]:                   0000000000000000
        X[11]:                   0000000000000000
        X[12]:                   0000000000000000
        X[13]:                   0000000000000000
        X[14]:                   0000000000000000
        X[15]:                   0000000000000000
        X[16]:                   0000000000000000
        X[17]:                   0000000000000000
        X[18]:                   0000000000000000
        X[19]:                   0000000000000000
        X[20]:                   0000000000000000
        X[21]:                   0000000000000000
        X[22]:                   0000000000000000
        X[23]:                   0000000000000000
        X[24]:                   0000000000000000
        X[25]:                   0000000000000000
        X[26]:                   0000000000000000
        X[27]:                   0000000000000000
        X[28]:                   0000000000000000
        FP:                      0000000feffb5b60
        LR:                      000000349f6b6464 (nnSdk + 0x338464) (_ZN2nn2os6detail22MultiWaitImplByHorizon20WaitSynchronizationNEiPjil + 0x24)
        SP:                      0000000feffb5b40
        PC:                      000000349f707900 (nnSdk + 0x389900)
    Stack Trace:
        ReturnAddress[00]:       000000349f6b3c48 (nnSdk + 0x335c48) (_ZN2nn2os6detail13MultiWaitImpl19InternalWaitAnyImplEbNS_8TimeSpanE + 0x138)
        ReturnAddress[01]:       000000349f6b3e78 (nnSdk + 0x335e78) (_ZN2nn2os6detail13MultiWaitImpl11WaitAnyImplEbNS_8TimeSpanE + 0xa8)
        ReturnAddress[02]:       000000349f6b05f4 (nnSdk + 0x3325f4)
        ReturnAddress[03]:       000000349f6b055c (nnSdk + 0x33255c)
        ReturnAddress[04]:       000000349f6b054c (nnSdk + 0x33254c)
        ReturnAddress[05]:       000000349f6b24b8 (nnSdk + 0x3344b8)
        ReturnAddress[06]:       000000349f6b6984 (nnSdk + 0x338984)
        ReturnAddress[07]:       0000000000000000
    Stack Dump:                               00 01 02 03 04 05 06 07 08 09 0a 0b 0c 0d 0e 0f
                                 000feffb5b40 5c 5b fb ef 0f 00 00 00 00 00 00 00 00 00 00 00
                                 000feffb5b50 c0 57 5f 19 f8 ff ff 7f d0 81 04 a0 34 00 00 00
                                 000feffb5b60 d0 5e fb ef 0f 00 00 00 48 3c 6b 9f 34 00 00 00
                                 000feffb5b70 00 7c 04 a0 34 00 00 00 00 00 00 00 00 00 00 00
                                 000feffb5b80 00 00 00 00 00 00 00 00 00 00 00 00 00 00 00 00
                                 000feffb5b90 00 00 00 00 00 00 00 00 00 00 00 00 00 00 00 00
                                 000feffb5ba0 00 00 00 00 00 00 00 00 00 00 00 00 00 00 00 00
                                 000feffb5bb0 00 00 00 00 00 00 00 00 00 00 00 00 00 00 00 00
                                 000feffb5bc0 00 00 00 00 00 00 00 00 00 00 00 00 00 00 00 00
                                 000feffb5bd0 00 00 00 00 00 00 00 00 00 00 00 00 00 00 00 00
                                 000feffb5be0 00 00 00 00 00 00 00 00 00 00 00 00 00 00 00 00
                                 000feffb5bf0 00 00 00 00 00 00 00 00 00 00 00 00 00 00 00 00
                                 000feffb5c00 00 00 00 00 00 00 00 00 00 00 00 00 00 00 00 00
                                 000feffb5c10 00 00 00 00 00 00 00 00 00 00 00 00 00 00 00 00
                                 000feffb5c20 00 00 00 00 00 00 00 00 00 00 00 00 00 00 00 00
                                 000feffb5c30 00 00 00 00 00 00 00 00 00 00 00 00 00 00 00 00
    TLS Address:                 00000056aede5400
    TLS Dump:                                 00 01 02 03 04 05 06 07 08 09 0a 0b 0c 0d 0e 0f
                                 0056aede5400 00 00 00 00 00 00 00 00 00 00 00 00 00 00 00 00
                                 0056aede5410 00 00 00 00 00 00 00 00 00 00 00 00 00 00 00 00
                                 0056aede5420 00 00 00 00 00 00 00 00 00 00 00 00 00 00 00 00
                                 0056aede5430 00 00 00 00 00 00 00 00 00 00 00 00 00 00 00 00
                                 0056aede5440 00 00 00 00 00 00 00 00 00 00 00 00 00 00 00 00
                                 0056aede5450 00 00 00 00 00 00 00 00 00 00 00 00 00 00 00 00
                                 0056aede5460 00 00 00 00 00 00 00 00 00 00 00 00 00 00 00 00
                                 0056aede5470 00 00 00 00 00 00 00 00 00 00 00 00 00 00 00 00
                                 0056aede5480 00 00 00 00 00 00 00 00 00 00 00 00 00 00 00 00
                                 0056aede5490 00 00 00 00 00 00 00 00 00 00 00 00 00 00 00 00
                                 0056aede54a0 00 00 00 00 00 00 00 00 00 00 00 00 00 00 00 00
                                 0056aede54b0 00 00 00 00 00 00 00 00 00 00 00 00 00 00 00 00
                                 0056aede54c0 00 00 00 00 00 00 00 00 00 00 00 00 00 00 00 00
                                 0056aede54d0 00 00 00 00 00 00 00 00 00 00 00 00 00 00 00 00
                                 0056aede54e0 00 00 00 00 00 00 00 00 00 00 00 00 00 00 00 00
                                 0056aede54f0 00 00 00 00 00 00 00 00 00 00 00 00 00 00 00 00
Threads[02]:
    Thread ID:                   0000000000000295
    Thread Name:                 <UNKNOWN>
    Stack Region:                0000000faefdc000-0000000faf01c000
    Registers:
        X[00]:                   0000000faf01bef8
        X[01]:                   0000000faf01befc
        X[02]:                   0000000000000001
        X[03]:                   ffffffffffffffff
        X[04]:                   0000000000000000
        X[05]:                   0000000000000000
        X[06]:                   0000000000000000
        X[07]:                   0000000000000000
        X[08]:                   0000000000000000
        X[09]:                   0000000000000000
        X[10]:                   0000000000000000
        X[11]:                   0000000000000000
        X[12]:                   0000000000000000
        X[13]:                   0000000000000000
        X[14]:                   0000000000000000
        X[15]:                   0000000000000000
        X[16]:                   0000000000000000
        X[17]:                   0000000000000000
        X[18]:                   0000000000000000
        X[19]:                   0000000000000000
        X[20]:                   0000000000000000
        X[21]:                   0000000000000000
        X[22]:                   0000000000000000
        X[23]:                   0000000000000000
        X[24]:                   0000000000000000
        X[25]:                   0000000000000000
        X[26]:                   0000000000000000
        X[27]:                   0000000000000000
        X[28]:                   0000000000000000
        FP:                      0000000faf01bf10
        LR:                      000000349f6b7498 (nnSdk + 0x339498) (_ZN2nn2os6detail30InterProcessEventImplByHorizon4WaitEjb + 0x88)
        SP:                      0000000faf01bee0
        PC:                      000000349f707900 (nnSdk + 0x389900)
    Stack Trace:
        ReturnAddress[00]:       000000349af5898c (cross2_Release.nss + 0x375498c)
        ReturnAddress[01]:       000000349f6b24b8 (nnSdk + 0x3344b8)
        ReturnAddress[02]:       000000349f6b6984 (nnSdk + 0x338984)
        ReturnAddress[03]:       0000000000000000
    Stack Dump:                               00 01 02 03 04 05 06 07 08 09 0a 0b 0c 0d 0e 0f
                                 000faf01bee0 f8 be 01 af 0f 00 00 00 28 bf 01 af 0f 00 00 00
                                 000faf01bef0 10 bf 01 af 0f 00 00 00 bc a7 6a 9f f7 01 05 00
                                 000faf01bf00 06 00 00 00 00 00 00 00 f0 e4 13 9d 34 00 00 00
                                 000faf01bf10 80 bf 01 af 0f 00 00 00 8c 89 f5 9a 34 00 00 00
                                 000faf01bf20 00 00 00 00 00 00 00 00 0f 00 00 00 02 00 00 00
                                 000faf01bf30 00 00 00 00 00 00 00 00 00 00 00 00 00 00 00 00
                                 000faf01bf40 00 00 00 00 00 00 00 00 00 00 00 00 00 00 00 00
                                 000faf01bf50 00 00 00 00 00 00 00 00 00 00 00 00 00 00 00 00
                                 000faf01bf60 00 00 00 00 00 00 00 00 bc 09 95 00 38 00 00 00
                                 000faf01bf70 b8 09 95 00 38 00 00 00 10 08 95 00 38 00 00 00
                                 000faf01bf80 b0 bf 01 af 0f 00 00 00 b8 24 6b 9f 34 00 00 00
                                 000faf01bf90 00 00 00 00 00 00 00 00 00 00 00 00 00 00 00 00
                                 000faf01bfa0 00 00 00 00 00 00 00 00 10 08 95 00 38 00 00 00
                                 000faf01bfb0 d0 bf 01 af 0f 00 00 00 84 69 6b 9f 34 00 00 00
                                 000faf01bfc0 00 00 00 00 00 00 00 00 00 00 00 00 00 00 00 00
                                 000faf01bfd0 00 00 00 00 00 00 00 00 00 00 00 00 00 00 00 00
    TLS Address:                 00000056aede5600
    TLS Dump:                                 00 01 02 03 04 05 06 07 08 09 0a 0b 0c 0d 0e 0f
                                 0056aede5600 00 00 00 00 0d 00 00 00 00 00 00 00 00 00 00 00
                                 0056aede5610 00 00 00 00 00 00 00 00 00 00 00 00 00 00 00 00
                                 0056aede5620 53 46 43 4f 00 00 00 00 00 00 00 00 77 7d f2 32
                                 0056aede5630 00 00 00 00 00 00 00 00 00 00 00 00 00 00 00 00
                                 0056aede5640 00 00 00 00 00 00 00 00 00 00 00 00 00 00 00 00
                                 0056aede5650 00 00 00 00 00 00 00 00 00 00 00 00 00 00 00 00
                                 0056aede5660 00 00 00 00 00 00 00 00 00 00 00 00 00 00 00 00
                                 0056aede5670 00 00 00 00 00 00 00 00 00 00 00 00 00 00 00 00
                                 0056aede5680 00 00 00 00 00 00 00 00 00 00 00 00 00 00 00 00
                                 0056aede5690 00 00 00 00 00 00 00 00 00 00 00 00 00 00 00 00
                                 0056aede56a0 00 00 00 00 00 00 00 00 00 00 00 00 00 00 00 00
                                 0056aede56b0 00 00 00 00 00 00 00 00 00 00 00 00 00 00 00 00
                                 0056aede56c0 00 00 00 00 00 00 00 00 00 00 00 00 00 00 00 00
                                 0056aede56d0 00 00 00 00 00 00 00 00 00 00 00 00 00 00 00 00
                                 0056aede56e0 00 00 00 00 00 00 00 00 00 00 00 00 00 00 00 00
                                 0056aede56f0 00 00 00 00 00 00 00 00 00 00 00 00 00 00 00 00
Threads[03]:
    Thread ID:                   0000000000000298
    Thread Name:                 Thread_0x000000349F36BDAC
    Stack Region:                0000000fb379a000-0000000fb37aa000
    Registers:
        X[00]:                   0000000fb37a9b88
        X[01]:                   0000000fb37a9b28
        X[02]:                   0000002348684b50
        X[03]:                   0000000000000000
        X[04]:                   0000000000000000
        X[05]:                   0000000000000000
        X[06]:                   0000000000000000
        X[07]:                   0000000000000000
        X[08]:                   0000000000000000
        X[09]:                   0000000000000000
        X[10]:                   0000000000000000
        X[11]:                   0000000000084c29
        X[12]:                   0000000000000000
        X[13]:                   0000000000000000
        X[14]:                   0000000000000000
        X[15]:                   0000000000000000
        X[16]:                   0000000000000000
        X[17]:                   000000349f6b8020 (nnSdk + 0x33a020) (_ZN2nn2os6detail36InternalCriticalSectionImplByHorizon5LeaveEv + 0x0)
        X[18]:                   000000349fe1ec38
        X[19]:                   0000002348541778 (ssbu-online-deluxe + 0x12778) (main_menu_init + 0x0)
        X[20]:                   000000234868d168
        X[21]:                   0000000000000000
        X[22]:                   0000000000000000
        X[23]:                   0000003800cf0450
        X[24]:                   0000000000000000
        X[25]:                   0000000000000000
        X[26]:                   0000000000000000
        X[27]:                   0000000000000000
        X[28]:                   0000000000000000
        FP:                      0000000fb37a9fb0
        LR:                      000000234854c014 (ssbu-online-deluxe + 0x1d014) (main + 0x708)
        SP:                      0000000fb37a9ba0
        PC:                      0000000000000000
    Stack Trace:
        ReturnAddress[00]:       000000349f6b6984 (nnSdk + 0x338984)
        ReturnAddress[01]:       0000000000000000
    Stack Dump:                               00 01 02 03 04 05 06 07 08 09 0a 0b 0c 0d 0e 0f
                                 000fb37a9ba0 60 0f d8 01 38 00 00 00 00 00 00 00 38 00 00 00
                                 000fb37a9bb0 90 9c 7a b3 00 00 00 00 d8 27 00 08 00 00 00 00
                                 000fb37a9bc0 00 00 00 00 00 00 00 00 d8 27 00 08 00 00 00 00
                                 000fb37a9bd0 00 00 00 00 00 00 00 00 00 00 00 00 00 00 00 00
                                 000fb37a9be0 00 00 00 00 00 00 00 00 00 00 00 00 00 00 00 00
                                 000fb37a9bf0 00 00 00 00 00 00 00 00 d0 ff ff ff 80 ff ff ff
                                 000fb37a9c00 90 9c 7a b3 0f 00 00 00 90 9c 7a b3 0f 00 00 00
                                 000fb37a9c10 f5 fa f5 fd f6 fe ff ff ff ff fe fe ff f8 ff ff
                                 000fb37a9c20 00 00 00 00 00 00 00 00 9f a9 d6 a6 95 88 95 99
                                 000fb37a9c30 00 00 00 00 00 00 00 00 00 00 00 00 00 00 00 00
                                 000fb37a9c40 54 77 36 9f 34 00 00 00 00 00 00 00 00 00 00 00
                                 000fb37a9c50 00 00 00 00 00 00 00 00 00 00 00 00 00 00 00 00
                                 000fb37a9c60 00 00 00 00 00 00 00 00 00 00 00 00 00 00 00 00
                                 000fb37a9c70 00 00 00 00 00 00 00 00 fc 0b 95 00 38 00 00 00
                                 000fb37a9c80 00 b0 58 02 38 00 00 00 00 00 72 00 38 00 00 00
                                 000fb37a9c90 6c 05 36 9f 34 00 00 00 00 00 c2 01 38 00 00 00
    TLS Address:                 00000056aede5800
    TLS Dump:                                 00 01 02 03 04 05 06 07 08 09 0a 0b 0c 0d 0e 0f
                                 0056aede5800 04 00 00 00 20 00 00 00 00 00 00 00 00 00 00 00
                                 0056aede5810 53 46 43 4f 00 00 00 00 00 00 00 00 00 00 00 00
                                 0056aede5820 04 00 00 00 01 00 01 01 00 00 00 00 00 00 00 00
                                 0056aede5830 00 e0 16 00 80 6a 00 01 00 e0 16 00 80 6a 00 01
                                 0056aede5840 fa 00 00 00 00 00 00 00 20 03 00 00 c9 04 00 00
                                 0056aede5850 00 00 00 00 00 00 00 00 00 00 00 00 00 00 00 00
                                 0056aede5860 69 64 6c 65 00 00 00 00 00 00 00 00 00 00 00 00
                                 0056aede5870 00 00 00 00 00 00 00 00 00 00 00 00 00 00 00 00
                                 0056aede5880 00 00 00 00 00 00 00 00 00 00 00 00 00 00 00 00
                                 0056aede5890 00 00 00 00 00 00 00 00 00 00 00 00 00 00 00 00
                                 0056aede58a0 00 00 00 00 00 00 00 00 00 00 00 00 00 00 00 00
                                 0056aede58b0 00 00 00 00 00 00 00 00 00 00 00 00 00 00 00 00
                                 0056aede58c0 00 00 00 00 00 00 00 00 00 00 00 00 00 00 00 00
                                 0056aede58d0 00 00 00 00 00 00 00 00 00 00 00 00 00 00 00 00
                                 0056aede58e0 00 00 00 00 00 00 00 00 00 00 00 00 00 00 00 00
                                 0056aede58f0 00 00 00 00 00 00 00 00 00 00 00 00 00 00 00 00
Threads[04]:
    Thread ID:                   0000000000000299
    Thread Name:                 Thread_0x000000349F3665D8
    Stack Region:                0000000fae45b000-0000000fae45e000
    Registers:
        X[00]:                   00000000001501dc
        X[01]:                   00000056aede5a00
        X[02]:                   00000000001501dc
        X[03]:                   0000000fae45de60
        X[04]:                   0000000000001000
        X[05]:                   0000000000000013
        X[06]:                   00000056aede5a00
        X[07]:                   0000000000000001
        X[08]:                   0000000000000000
        X[09]:                   0000000000000000
        X[10]:                   0000000000000000
        X[11]:                   0000000000000000
        X[12]:                   0000000000000000
        X[13]:                   0000000000000000
        X[14]:                   0000000000000000
        X[15]:                   0000000000000000
        X[16]:                   0000000000000000
        X[17]:                   0000000000000000
        X[18]:                   0000000000000000
        X[19]:                   0000000000000000
        X[20]:                   0000000000000000
        X[21]:                   0000000000000000
        X[22]:                   0000000000000000
        X[23]:                   0000000000000000
        X[24]:                   0000000000000000
        X[25]:                   0000000000000000
        X[26]:                   0000000000000000
        X[27]:                   0000000000000000
        X[28]:                   0000000000000000
        FP:                      0000000fae45ddd0
        LR:                      000000349f6e5684 (nnSdk + 0x367684) (_ZN2nn2sf4hipc15SendSyncRequestENS_3svc6HandleEPvm + 0x34)
        SP:                      0000000fae45ddd0
        PC:                      000000349f707954 (nnSdk + 0x389954)
    Stack Trace:
        ReturnAddress[00]:       000000349f6f9e80 (nnSdk + 0x37be80) (_ZN2nn2sf4cmif6client34CmifDomainProxyClientCoreProcessorINS0_4hipc6client38Hipc2ClientSessionManagedProxyKindBaseINS5_18Hipc2P + 0x150)
        ReturnAddress[01]:       000000349f6f8304 (nnSdk + 0x37a304)
        ReturnAddress[02]:       000000349f6efa24 (nnSdk + 0x371a24) (_ZN2nn6socket6detail6AcceptEiP8sockaddrPj + 0xa4)
        ReturnAddress[03]:       000000349f3666bc (Skyline + 0x66bc)
        ReturnAddress[04]:       000000349f6b6984 (nnSdk + 0x338984)
        ReturnAddress[05]:       0000000000000000
    Stack Dump:                               00 01 02 03 04 05 06 07 08 09 0a 0b 0c 0d 0e 0f
                                 000fae45ddd0 e0 de 45 ae 0f 00 00 00 80 9e 6f 9f 34 00 00 00
                                 000fae45dde0 00 00 00 00 00 00 00 00 20 df 45 ae 0f 00 00 00
                                 000fae45ddf0 1c df 45 ae 0f 00 00 00 01 00 00 00 00 00 00 01
                                 000fae45de00 0e 0c 00 00 00 00 00 00 00 00 00 00 00 00 00 00
                                 000fae45de10 00 00 00 00 00 00 00 00 00 00 00 00 02 00 00 00
                                 000fae45de20 00 00 00 00 05 00 00 00 13 00 00 00 15 00 00 00
                                 000fae45de30 00 00 00 00 00 00 00 00 00 00 00 00 00 00 00 00
                                 000fae45de40 00 00 00 00 00 00 00 00 00 00 00 00 00 00 00 00
                                 000fae45de50 00 00 00 00 00 00 00 00 00 00 00 00 00 00 00 00
                                 000fae45de60 22 00 00 00 00 00 00 00 70 df 45 ae 0f 00 00 00
                                 000fae45de70 00 00 00 00 00 00 00 00 f8 dd 45 ae 0f 00 00 00
                                 000fae45de80 00 5a de ae 56 00 00 00 00 00 00 00 00 00 00 00
                                 000fae45de90 00 00 00 00 00 00 00 00 00 00 00 00 00 00 00 00
                                 000fae45dea0 00 00 00 00 00 00 00 00 00 00 00 00 00 00 00 00
                                 000fae45deb0 00 00 00 00 00 00 00 00 00 00 00 00 00 00 00 00
                                 000fae45dec0 00 00 00 00 00 00 00 00 ac 01 d5 00 38 00 00 00
    TLS Address:                 00000056aede5a00
    TLS Dump:                                 00 01 02 03 04 05 06 07 08 09 0a 0b 0c 0d 0e 0f
                                 0056aede5a00 06 00 00 01 0e 0c 00 00 00 00 00 00 00 00 00 00
                                 0056aede5a10 00 00 00 00 00 00 00 00 00 00 00 00 00 00 00 00
                                 0056aede5a20 01 00 14 00 01 00 00 00 00 00 00 00 00 00 00 00
                                 0056aede5a30 53 46 43 49 01 00 00 00 0c 00 00 00 00 00 00 00
                                 0056aede5a40 00 00 00 00 ff ff 00 00 00 00 00 00 70 df 45 ae
                                 0056aede5a50 0f 00 00 00 00 00 00 00 00 00 00 00 00 00 00 00
                                 0056aede5a60 00 00 00 00 00 00 00 00 00 00 00 00 00 00 00 00
                                 0056aede5a70 00 00 00 00 00 00 00 00 00 00 00 00 00 00 00 00
                                 0056aede5a80 00 00 00 00 00 00 00 00 00 00 00 00 00 00 00 00
                                 0056aede5a90 00 00 00 00 00 00 00 00 00 00 00 00 00 00 00 00
                                 0056aede5aa0 00 00 00 00 00 00 00 00 00 00 00 00 00 00 00 00
                                 0056aede5ab0 00 00 00 00 00 00 00 00 00 00 00 00 00 00 00 00
                                 0056aede5ac0 00 00 00 00 00 00 00 00 00 00 00 00 00 00 00 00
                                 0056aede5ad0 00 00 00 00 00 00 00 00 00 00 00 00 00 00 00 00
                                 0056aede5ae0 00 00 00 00 00 00 00 00 00 00 00 00 00 00 00 00
                                 0056aede5af0 00 00 00 00 00 00 00 00 00 00 00 00 00 00 00 00
Threads[05]:
    Thread ID:                   000000000000029a
    Thread Name:                 Thread_0x000000349F364E5C
    Stack Region:                0000000fec457000-0000000fec45a000
    Registers:
        X[00]:                   00000000001481dd
        X[01]:                   00000056aede5c00
        X[02]:                   00000000001481dd
        X[03]:                   0000000fec459e00
        X[04]:                   0000000000000f90
        X[05]:                   0000000000000000
        X[06]:                   00000056aede5c00
        X[07]:                   0000000fec459d08
        X[08]:                   0000000000000000
        X[09]:                   0000000000000000
        X[10]:                   0000000000000000
        X[11]:                   0000000000000000
        X[12]:                   0000000000000000
        X[13]:                   0000000000000000
        X[14]:                   0000000000000000
        X[15]:                   0000000000000000
        X[16]:                   0000000000000000
        X[17]:                   0000000000000000
        X[18]:                   0000000000000000
        X[19]:                   0000000000000000
        X[20]:                   0000000000000000
        X[21]:                   0000000000000000
        X[22]:                   0000000000000000
        X[23]:                   0000000000000000
        X[24]:                   0000000000000000
        X[25]:                   0000000000000000
        X[26]:                   0000000000000000
        X[27]:                   0000000000000000
        X[28]:                   0000000000000000
        FP:                      0000000fec459d70
        LR:                      000000349f6e5684 (nnSdk + 0x367684) (_ZN2nn2sf4hipc15SendSyncRequestENS_3svc6HandleEPvm + 0x34)
        SP:                      0000000fec459d70
        PC:                      000000349f707954 (nnSdk + 0x389954)
    Stack Trace:
        ReturnAddress[00]:       000000349f6f9a30 (nnSdk + 0x37ba30) (_ZN2nn2sf4cmif6client34CmifDomainProxyClientCoreProcessorINS0_4hipc6client38Hipc2ClientSessionManagedProxyKindBaseINS5_18Hipc2P + 0x150)
        ReturnAddress[01]:       000000349f6f8278 (nnSdk + 0x37a278)
        ReturnAddress[02]:       000000349f6eec2c (nnSdk + 0x370c2c) (_ZN2nn6socket6detail4SendEiPKvmi + 0xac)
        ReturnAddress[03]:       000000349f366990 (Skyline + 0x6990)
        ReturnAddress[04]:       000000349f6b6984 (nnSdk + 0x338984)
        ReturnAddress[05]:       0000000000000000
    Stack Dump:                               00 01 02 03 04 05 06 07 08 09 0a 0b 0c 0d 0e 0f
                                 000fec459d70 80 9e 45 ec 0f 00 00 00 30 9a 6f 9f 34 00 00 00
                                 000fec459d80 d8 01 00 00 00 00 00 00 b4 9e 45 ec 0f 00 00 00
                                 000fec459d90 b0 9e 45 ec 0f 00 00 00 01 00 00 00 00 00 11 00
                                 000fec459da0 0e 00 00 00 00 00 00 00 00 00 00 00 00 00 00 00
                                 000fec459db0 00 00 00 00 02 00 00 00 04 00 00 00 00 00 00 00
                                 000fec459dc0 00 00 00 00 07 00 00 00 00 00 00 00 15 00 00 00
                                 000fec459dd0 00 9e 45 ec 06 00 00 00 00 0c d8 01 38 00 00 00
                                 000fec459de0 c8 39 28 00 38 00 00 00 08 38 28 00 38 00 00 00
                                 000fec459df0 40 9e 45 ec 0f 00 00 00 0c f6 12 9b 34 00 00 00
                                 000fec459e00 21 00 00 00 01 00 00 00 50 01 ac 02 38 00 00 00
                                 000fec459e10 62 00 00 00 00 00 00 00 98 9d 45 ec 0f 00 00 00
                                 000fec459e20 00 5c de ae 56 00 00 00 c8 39 28 00 38 00 00 00
                                 000fec459e30 00 00 00 00 00 00 00 00 00 00 00 00 00 00 00 00
                                 000fec459e40 00 00 00 00 00 00 00 00 00 00 00 00 00 00 00 00
                                 000fec459e50 00 00 00 00 00 00 00 00 00 00 00 00 00 00 00 00
                                 000fec459e60 00 00 00 00 00 00 00 00 6c 03 d5 00 38 00 00 00
    TLS Address:                 00000056aede5c00
    TLS Dump:                                 00 01 02 03 04 05 06 07 08 09 0a 0b 0c 0d 0e 0f
                                 0056aede5c00 00 00 00 00 0e 08 e0 03 00 00 00 00 00 00 00 00
                                 0056aede5c10 00 00 00 00 00 00 00 00 00 00 00 00 00 00 00 00
                                 0056aede5c20 53 46 43 4f 00 00 00 00 00 00 00 00 91 ab e3 ac
                                 0056aede5c30 ff ff ff ff 6b 00 00 00 00 00 00 00 00 00 00 00
                                 0056aede5c40 00 00 00 00 00 00 00 00 00 00 00 00 00 00 00 00
                                 0056aede5c50 00 00 00 00 00 00 00 00 00 00 00 00 00 00 00 00
                                 0056aede5c60 00 00 00 00 00 00 00 00 00 00 00 00 00 00 00 00
                                 0056aede5c70 00 00 00 00 00 00 00 00 00 00 00 00 00 00 00 00
                                 0056aede5c80 00 00 00 00 00 00 00 00 00 00 00 00 00 00 00 00
                                 0056aede5c90 00 00 00 00 00 00 00 00 00 00 00 00 00 00 00 00
                                 0056aede5ca0 00 00 00 00 00 00 00 00 00 00 00 00 00 00 00 00
                                 0056aede5cb0 00 00 00 00 00 00 00 00 00 00 00 00 00 00 00 00
                                 0056aede5cc0 00 00 00 00 00 00 00 00 00 00 00 00 00 00 00 00
                                 0056aede5cd0 00 00 00 00 00 00 00 00 00 00 00 00 00 00 00 00
                                 0056aede5ce0 00 00 00 00 00 00 00 00 00 00 00 00 00 00 00 00
                                 0056aede5cf0 00 00 00 00 00 00 00 00 00 00 00 00 00 00 00 00
Threads[06]:
    Thread ID:                   00000000000002a0
    Thread Name:                 Thread_0x000000349F897670
    Stack Region:                0000000f996d5000-0000000f998d5000
    Registers:
        X[00]:                   0000000001312d00
        X[01]:                   0000000001312d00
        X[02]:                   0000000000000004
        X[03]:                   0000000000000000
        X[04]:                   0000000000000000
        X[05]:                   0000000000000000
        X[06]:                   0000000000000000
        X[07]:                   0000000000000000
        X[08]:                   0000000000000000
        X[09]:                   0000000000000000
        X[10]:                   0000000000000000
        X[11]:                   0000000000000000
        X[12]:                   0000000000000000
        X[13]:                   0000000000000000
        X[14]:                   0000000000000000
        X[15]:                   0000000000000000
        X[16]:                   0000000000000000
        X[17]:                   0000000000000000
        X[18]:                   0000000000000000
        X[19]:                   0000000000000000
        X[20]:                   0000000000000000
        X[21]:                   0000000000000000
        X[22]:                   0000000000000000
        X[23]:                   0000000000000000
        X[24]:                   0000000000000000
        X[25]:                   0000000000000000
        X[26]:                   0000000000000000
        X[27]:                   0000000000000000
        X[28]:                   0000000000000000
        FP:                      0000000f998d4e90
        LR:                      0000007df47e3a68 (arcropolis + 0x25a68)
        SP:                      0000000f998d4e90
        PC:                      000000349f70785c (nnSdk + 0x38985c)
    Stack Trace:
        ReturnAddress[00]:       0000007df49d6098
        ReturnAddress[01]:       0000000000000008
    Stack Dump:                               00 01 02 03 04 05 06 07 08 09 0a 0b 0c 0d 0e 0f
                                 000f998d4e90 a0 60 9d f4 7d 00 00 00 98 60 9d f4 7d 00 00 00
                                 000f998d4ea0 04 00 00 00 00 00 00 00 04 00 00 00 00 00 00 00
                                 000f998d4eb0 00 00 00 00 00 00 00 00 04 00 00 00 00 00 00 00
                                 000f998d4ec0 80 4f 8d 99 0f 00 00 00 74 1f 83 f4 7d 00 00 00
                                 000f998d4ed0 00 00 00 00 00 00 00 00 00 00 00 00 00 00 00 00
                                 000f998d4ee0 00 00 00 00 00 00 00 00 00 00 00 00 00 00 00 00
                                 000f998d4ef0 00 00 00 00 00 00 00 00 00 00 00 00 00 00 00 00
                                 000f998d4f00 00 00 00 00 00 00 00 00 30 74 9d f4 7d 00 00 00
                                 000f998d4f10 e0 00 ac 02 38 00 00 00 80 00 dd 00 38 00 00 00
                                 000f998d4f20 00 00 00 00 00 00 00 00 00 00 00 00 00 00 00 00
                                 000f998d4f30 0c 2f 90 f4 7d 00 00 00 00 00 00 00 00 00 00 00
                                 000f998d4f40 80 00 dd 00 38 00 00 00 20 00 8e 02 38 00 00 00
                                 000f998d4f50 d0 76 89 9f 34 00 00 00 ac c1 cf 04 38 00 00 00
                                 000f998d4f60 78 1e fa 9f 34 00 00 00 c0 c1 cf 04 38 00 00 00
                                 000f998d4f70 a8 c1 cf 04 38 00 00 00 00 c0 cf 04 38 00 00 00
                                 000f998d4f80 b0 4f 8d 99 0f 00 00 00 b8 24 6b 9f 34 00 00 00
    TLS Address:                 000000552dc7f000
    TLS Dump:                                 00 01 02 03 04 05 06 07 08 09 0a 0b 0c 0d 0e 0f
                                 00552dc7f000 00 00 00 00 00 00 00 00 00 00 00 00 00 00 00 00
                                 00552dc7f010 00 00 00 00 00 00 00 00 00 00 00 00 00 00 00 00
                                 00552dc7f020 00 00 00 00 00 00 00 00 00 00 00 00 00 00 00 00
                                 00552dc7f030 00 00 00 00 00 00 00 00 00 00 00 00 00 00 00 00
                                 00552dc7f040 00 00 00 00 00 00 00 00 00 00 00 00 00 00 00 00
                                 00552dc7f050 00 00 00 00 00 00 00 00 00 00 00 00 00 00 00 00
                                 00552dc7f060 00 00 00 00 00 00 00 00 00 00 00 00 00 00 00 00
                                 00552dc7f070 00 00 00 00 00 00 00 00 00 00 00 00 00 00 00 00
                                 00552dc7f080 00 00 00 00 00 00 00 00 00 00 00 00 00 00 00 00
                                 00552dc7f090 00 00 00 00 00 00 00 00 00 00 00 00 00 00 00 00
                                 00552dc7f0a0 00 00 00 00 00 00 00 00 00 00 00 00 00 00 00 00
                                 00552dc7f0b0 00 00 00 00 00 00 00 00 00 00 00 00 00 00 00 00
                                 00552dc7f0c0 00 00 00 00 00 00 00 00 00 00 00 00 00 00 00 00
                                 00552dc7f0d0 00 00 00 00 00 00 00 00 00 00 00 00 00 00 00 00
                                 00552dc7f0e0 00 00 00 00 00 00 00 00 00 00 00 00 00 00 00 00
                                 00552dc7f0f0 00 00 00 00 00 00 00 00 00 00 00 00 00 00 00 00
Threads[07]:
    Thread ID:                   00000000000002a1
    Thread Name:                 Thread_0x000000349F897670
    Stack Region:                0000000f8db92000-0000000f8dba6000
    Registers:
        X[00]:                   0000003802a90048
        X[01]:                   0000003802a90014
        X[02]:                   00000000001b81d1
        X[03]:                   ffffffffffffffff
        X[04]:                   0000000000000000
        X[05]:                   0000000000000000
        X[06]:                   0000000000000000
        X[07]:                   0000000000000000
        X[08]:                   0000000000000000
        X[09]:                   0000000000000000
        X[10]:                   0000000000000000
        X[11]:                   0000000000000000
        X[12]:                   0000000000000000
        X[13]:                   0000000000000000
        X[14]:                   0000000000000000
        X[15]:                   0000000000000000
        X[16]:                   0000000000000000
        X[17]:                   0000000000000000
        X[18]:                   0000000000000000
        X[19]:                   0000000000000000
        X[20]:                   0000000000000000
        X[21]:                   0000000000000000
        X[22]:                   0000000000000000
        X[23]:                   0000000000000000
        X[24]:                   0000000000000000
        X[25]:                   0000000000000000
        X[26]:                   0000000000000000
        X[27]:                   0000000000000000
        X[28]:                   0000000000000000
        FP:                      0000000f8dba5ed0
        LR:                      000000349f6b7998 (nnSdk + 0x339998) (_ZN2nn2os6detail38InternalConditionVariableImplByHorizon4WaitEPNS1_23InternalCriticalSectionE + 0x48)
        SP:                      0000000f8dba5eb0
        PC:                      000000349f70792c (nnSdk + 0x38992c)
    Stack Trace:
        ReturnAddress[00]:       000000349f6ac464 (nnSdk + 0x32e464) (_ZN2nn2os21WaitConditionVariableEPNS0_21ConditionVariableTypeEPNS0_9MutexTypeE + 0x44)
        ReturnAddress[01]:       000000349f897ebc (nnSdk + 0x519ebc) (__nnmusl_WaitConditionVariable + 0xc)
        ReturnAddress[02]:       000000349f898404 (nnSdk + 0x51a404) (__nx_pthread_detached_worker_start + 0x5c)
        ReturnAddress[03]:       000000349f8976d0 (nnSdk + 0x5196d0)
        ReturnAddress[04]:       000000349f6b24b8 (nnSdk + 0x3344b8)
        ReturnAddress[05]:       000000349f6b6984 (nnSdk + 0x338984)
        ReturnAddress[06]:       0000000000000000
    Stack Dump:                               00 01 02 03 04 05 06 07 08 09 0a 0b 0c 0d 0e 0f
                                 000f8dba5eb0 00 00 a9 02 38 00 00 00 00 00 00 00 00 00 00 00
                                 000f8dba5ec0 50 00 a9 02 38 00 00 00 30 00 a9 02 38 00 00 00
                                 000f8dba5ed0 f0 5e ba 8d 0f 00 00 00 64 c4 6a 9f 34 00 00 00
                                 000f8dba5ee0 30 00 a9 02 38 00 00 00 30 00 a9 02 38 00 00 00
                                 000f8dba5ef0 00 5f ba 8d 0f 00 00 00 bc 7e 89 9f 34 00 00 00
                                 000f8dba5f00 60 5f ba 8d 0f 00 00 00 04 84 89 9f 34 00 00 00
                                 000f8dba5f10 00 00 00 00 00 00 00 00 00 00 00 00 00 00 00 00
                                 000f8dba5f20 00 00 00 00 00 00 00 00 00 00 00 00 00 00 00 00
                                 000f8dba5f30 00 00 00 00 00 00 00 00 00 00 00 00 00 00 00 00
                                 000f8dba5f40 00 00 00 00 00 00 00 00 ac c1 06 02 38 00 00 00
                                 000f8dba5f50 78 1e fa 9f 34 00 00 00 c0 c1 06 02 38 00 00 00
                                 000f8dba5f60 80 5f ba 8d 0f 00 00 00 d0 76 89 9f 34 00 00 00
                                 000f8dba5f70 a8 c1 06 02 38 00 00 00 00 c0 06 02 38 00 00 00
                                 000f8dba5f80 b0 5f ba 8d 0f 00 00 00 b8 24 6b 9f 34 00 00 00
                                 000f8dba5f90 00 00 00 00 00 00 00 00 00 00 00 00 00 00 00 00
                                 000f8dba5fa0 00 00 00 00 00 00 00 00 00 c0 06 02 38 00 00 00
    TLS Address:                 000000552dc7f200
    TLS Dump:                                 00 01 02 03 04 05 06 07 08 09 0a 0b 0c 0d 0e 0f
                                 00552dc7f200 00 00 00 00 00 00 00 00 00 00 00 00 00 00 00 00
                                 00552dc7f210 00 00 00 00 00 00 00 00 00 00 00 00 00 00 00 00
                                 00552dc7f220 00 00 00 00 00 00 00 00 00 00 00 00 00 00 00 00
                                 00552dc7f230 00 00 00 00 00 00 00 00 00 00 00 00 00 00 00 00
                                 00552dc7f240 00 00 00 00 00 00 00 00 00 00 00 00 00 00 00 00
                                 00552dc7f250 00 00 00 00 00 00 00 00 00 00 00 00 00 00 00 00
                                 00552dc7f260 00 00 00 00 00 00 00 00 00 00 00 00 00 00 00 00
                                 00552dc7f270 00 00 00 00 00 00 00 00 00 00 00 00 00 00 00 00
                                 00552dc7f280 00 00 00 00 00 00 00 00 00 00 00 00 00 00 00 00
                                 00552dc7f290 00 00 00 00 00 00 00 00 00 00 00 00 00 00 00 00
                                 00552dc7f2a0 00 00 00 00 00 00 00 00 00 00 00 00 00 00 00 00
                                 00552dc7f2b0 00 00 00 00 00 00 00 00 00 00 00 00 00 00 00 00
                                 00552dc7f2c0 00 00 00 00 00 00 00 00 00 00 00 00 00 00 00 00
                                 00552dc7f2d0 00 00 00 00 00 00 00 00 00 00 00 00 00 00 00 00
                                 00552dc7f2e0 00 00 00 00 00 00 00 00 00 00 00 00 00 00 00 00
                                 00552dc7f2f0 00 00 00 00 00 00 00 00 00 00 00 00 00 00 00 00
