Atmosphère Crash Report (v1.7):
Result:                          0x2A8 (2168-0001)

Process Info:
    Process Name:                Application
    Program ID:                  01006a800016e000
    Process ID:                  000000000000008b
    Process Flags:               00000077
    User Exception Address:      0000006f2dd7a000
Exception Info:
    Type:                        Instruction Abort
    Address:                     0000000000000000
Crashed Thread Info:
    Thread ID:                   00000000000002a6
    Thread Name:                 Thread_0x00000021B056BDAC
    Stack Region:                0000007394ddb000-0000007394deb000
    Registers:
        X[00]:                   0000007394deab88
        X[01]:                   0000007394deab28
        X[02]:                   00000051bd084b50
        X[03]:                   0000000000000000
        X[04]:                   0000000000000000
        X[05]:                   0000000000000000
        X[06]:                   0000000000000000
        X[07]:                   0000000000000000
        X[08]:                   0000000000000000
        X[09]:                   0000000000000000
        X[10]:                   0000000000000000
        X[11]:                   0000000000084c29
        X[12]:                   0000000000000000
        X[13]:                   0000000000000000
        X[14]:                   0000000000000000
        X[15]:                   0000000000000000
        X[16]:                   0000000000000000
        X[17]:                   00000021b08b8020 (nnSdk + 0x33a020) (_ZN2nn2os6detail36InternalCriticalSectionImplByHorizon5LeaveEv + 0x0)
        X[18]:                   00000021b101ec38
        X[19]:                   00000051bcf41778 (ssbu-online-deluxe + 0x12778) (main_menu_init + 0x0)
        X[20]:                   00000051bd08d168
        X[21]:                   0000000000000000
        X[22]:                   0000000000000000
        X[23]:                   0000002c40cf0450
        X[24]:                   0000000000000000
        X[25]:                   0000000000000000
        X[26]:                   0000000000000000
        X[27]:                   0000000000000000
        X[28]:                   0000000000000000
        FP:                      0000007394deafb0
        LR:                      00000051bcf4c014 (ssbu-online-deluxe + 0x1d014) (main + 0x708)
        SP:                      0000007394deaba0
        PC:                      0000000000000000
    Stack Trace:
        ReturnAddress[00]:       00000021b08b6984 (nnSdk + 0x338984)
        ReturnAddress[01]:       0000000000000000
    Stack Dump:                               00 01 02 03 04 05 06 07 08 09 0a 0b 0c 0d 0e 0f
                                 007394deaba0 60 0f d8 41 2c 00 00 00 00 00 00 00 2c 00 00 00
                                 007394deabb0 90 ac de 94 00 00 00 00 20 35 00 08 00 00 00 00
                                 007394deabc0 00 00 00 00 00 00 00 00 20 35 00 08 00 00 00 00
                                 007394deabd0 00 00 00 00 00 00 00 00 00 00 00 00 00 00 00 00
                                 007394deabe0 00 00 00 00 00 00 00 00 00 00 00 00 00 00 00 00
                                 007394deabf0 00 00 00 00 00 00 00 00 d0 ff ff ff 80 ff ff ff
                                 007394deac00 90 ac de 94 73 00 00 00 90 ac de 94 73 00 00 00
                                 007394deac10 f5 fa f5 fd f6 fe ff ff ff ff fe fe ff f8 ff ff
                                 007394deac20 00 00 00 00 00 00 00 00 9f a9 d6 a6 95 88 95 99
                                 007394deac30 00 00 00 00 00 00 00 00 00 00 00 00 00 00 00 00
                                 007394deac40 54 77 56 b0 21 00 00 00 00 00 00 00 00 00 00 00
                                 007394deac50 00 00 00 00 00 00 00 00 00 00 00 00 00 00 00 00
                                 007394deac60 00 00 00 00 00 00 00 00 00 00 00 00 00 00 00 00
                                 007394deac70 00 00 00 00 00 00 00 00 fc 0b 95 40 2c 00 00 00
                                 007394deac80 00 e0 52 42 2c 00 00 00 00 00 72 40 2c 00 00 00
                                 007394deac90 6c 05 56 b0 21 00 00 00 00 00 c2 41 2c 00 00 00
    TLS Address:                 0000006f2dd7a800
    TLS Dump:                                 00 01 02 03 04 05 06 07 08 09 0a 0b 0c 0d 0e 0f
                                 006f2dd7a800 06 00 00 00 08 00 00 00 00 00 00 00 00 00 00 00
                                 006f2dd7a810 02 00 00 00 9b 00 00 00 00 00 00 00 00 00 00 00
                                 006f2dd7a820 53 46 43 4f 00 00 00 00 00 00 00 00 a1 6d 71 f3
                                 006f2dd7a830 00 00 00 00 00 00 00 00 01 00 00 00 00 00 00 00
                                 006f2dd7a840 01 00 00 00 00 00 00 00 1b 01 00 00 00 00 00 00
                                 006f2dd7a850 01 00 00 00 00 00 00 00 00 00 00 00 00 00 00 00
                                 006f2dd7a860 69 64 6c 65 00 00 00 00 00 00 00 00 00 00 00 00
                                 006f2dd7a870 00 00 00 00 00 00 00 00 00 00 00 00 00 00 00 00
                                 006f2dd7a880 00 00 00 00 00 00 00 00 00 00 00 00 00 00 00 00
                                 006f2dd7a890 00 00 00 00 00 00 00 00 00 00 00 00 00 00 00 00
                                 006f2dd7a8a0 00 00 00 00 00 00 00 00 00 00 00 00 00 00 00 00
                                 006f2dd7a8b0 00 00 00 00 00 00 00 00 00 00 00 00 00 00 00 00
                                 006f2dd7a8c0 00 00 00 00 00 00 00 00 00 00 00 00 00 00 00 00
                                 006f2dd7a8d0 00 00 00 00 00 00 00 00 00 00 00 00 00 00 00 00
                                 006f2dd7a8e0 00 00 00 00 00 00 00 00 00 00 00 00 00 00 00 00
                                 006f2dd7a8f0 00 00 00 00 00 00 00 00 00 00 00 00 00 00 00 00
Module Info:
    Number of Modules:           08
    Module 00:
        Address:                 00000051bcf2f000-00000051bd040000
        Name:                    ssbu-online-deluxe
        Module Id:               0000000000000000000000000000000000000000000000000000000000000000
    Module 01:
        Address:                 00000021a89dc000-00000021a8a00000
        Name:                    [00000000]
        Module Id:               0000000000000000000000000000000000000000000000000000000000000000
    Module 02:
        Address:                 00000021a8a00000-00000021a8a02000
        Name:                    nnrtld
        Module Id:               285183CAC95179371CC22CEC3723F882E1589659000000000000000000000000
    Module 03:
        Address:                 00000021a8a04000-00000021ac3cc000
        Name:                    cross2_Release.nss
        Module Id:               3EAE0063B12FD81E99FB5980BA56297049EA94F9000000000000000000000000
    Module 04:
        Address:                 00000021afe4b000-00000021b01b8000
        Name:                    multimedia
        Module Id:               60C6EDBBFCEBD4176CC301D5D9CB5A6F094F9360000000000000000000000000
    Module 05:
        Address:                 00000021b0560000-00000021b0571000
        Name:                    Skyline
        Module Id:               84F953E76E1E2E976B0C1540F615449D25DA5BF3000000000000000000000000
    Module 06:
        Address:                 00000021b057e000-00000021b0abf000
        Name:                    nnSdk
        Module Id:               5FD4F531C1195E9E5510C9E73F22CD39612839F8000000000000000000000000
    Module 07:
        Address:                 0000004efd1b4000-0000004efd330000
        Name:                    arcropolis
        Module Id:               0000000000000000000000000000000000000000000000000000000000000000
Thread Report:
Number of Threads:               08
Threads[00]:
    Thread ID:                   00000000000002a0
    Thread Name:                 MainThread
    Stack Region:                000000739fd79000-000000739fe79000
    Registers:
        X[00]:                   0000002c402f003c
        X[01]:                   0000002c402f0040
        X[02]:                   00000000000081ff
        X[03]:                   ffffffffffffffff
        X[04]:                   0000000000000000
        X[05]:                   0000000000000000
        X[06]:                   0000000000000000
        X[07]:                   0000000000000000
        X[08]:                   0000000000000000
        X[09]:                   0000000000000000
        X[10]:                   0000000000000000
        X[11]:                   0000000000000000
        X[12]:                   0000000000000000
        X[13]:                   0000000000000000
        X[14]:                   0000000000000000
        X[15]:                   0000000000000000
        X[16]:                   0000000000000000
        X[17]:                   0000000000000000
        X[18]:                   0000000000000000
        X[19]:                   0000000000000000
        X[20]:                   0000000000000000
        X[21]:                   0000000000000000
        X[22]:                   0000000000000000
        X[23]:                   0000000000000000
        X[24]:                   0000000000000000
        X[25]:                   0000000000000000
        X[26]:                   0000000000000000
        X[27]:                   0000000000000000
        X[28]:                   0000000000000000
        FP:                      000000739fe76ca0
        LR:                      00000021b08b7998 (nnSdk + 0x339998) (_ZN2nn2os6detail38InternalConditionVariableImplByHorizon4WaitEPNS1_23InternalCriticalSectionE + 0x48)
        SP:                      000000739fe76c80
        PC:                      00000021b090792c (nnSdk + 0x38992c)
    Stack Trace:
        ReturnAddress[00]:       00000021b08ac898 (nnSdk + 0x32e898) (_ZN2nn2os9WaitEventEPNS0_9EventTypeE + 0x48)
        ReturnAddress[01]:       00000021b0560618 (Skyline + 0x618)
        ReturnAddress[02]:       00000021ac145cfc (cross2_Release.nss + 0x3741cfc)
        ReturnAddress[03]:       00000021a8cc9968 (cross2_Release.nss + 0x2c5968) (nnMain + 0x348)
        ReturnAddress[04]:       00000021b081ba2c (nnSdk + 0x29da2c) (_ZN2nn4init5StartEmmPFvvES2_ + 0x4c)
        ReturnAddress[05]:       00000021a8a000c0 (nnrtld + 0xc0)
    Stack Dump:                               00 01 02 03 04 05 06 07 08 09 0a 0b 0c 0d 0e 0f
                                 00739fe76c80 40 00 2f 40 2c 00 00 00 00 00 00 00 00 00 00 00
                                 00739fe76c90 20 00 2f 40 2c 00 00 00 3c 00 2f 40 2c 00 00 00
                                 00739fe76ca0 d0 6c e7 9f 73 00 00 00 98 c8 8a b0 21 00 00 00
                                 00739fe76cb0 f8 05 00 00 00 00 00 00 49 6f e7 9f 73 00 00 00
                                 00739fe76cc0 80 0a 72 40 2c 00 00 00 00 0a 95 40 2c 00 00 00
                                 00739fe76cd0 c0 73 e7 9f 73 00 00 00 18 06 56 b0 21 00 00 00
                                 00739fe76ce0 40 24 56 b0 21 00 00 00 30 6f e7 9f 73 00 00 00
                                 00739fe76cf0 10 81 bb 40 2c 00 00 00 90 6e e7 9f 73 00 00 00
                                 00739fe76d00 38 6d e7 9f 73 00 00 00 a8 6e e7 9f 73 00 00 00
                                 00739fe76d10 30 13 56 b0 21 00 00 00 00 0a 95 40 2c 00 00 00
                                 00739fe76d20 dc 1e 56 b0 21 00 00 00 a8 6e e7 9f 73 00 00 00
                                 00739fe76d30 a8 6e e7 9f 73 00 00 00 70 6d e7 9f 01 00 00 00
                                 00739fe76d40 30 13 56 b0 21 00 00 00 a8 6e e7 9f 73 00 00 00
                                 00739fe76d50 38 18 56 b0 21 00 00 00 60 6e e7 9f 73 00 00 00
                                 00739fe76d60 9f 6d e7 9f 73 00 00 00 a8 6e e7 9f 73 00 00 00
                                 00739fe76d70 a8 6e e7 9f 73 00 00 00 a8 6e e7 9f 73 00 00 00
    TLS Address:                 0000006f2dd7a200
    TLS Dump:                                 00 01 02 03 04 05 06 07 08 09 0a 0b 0c 0d 0e 0f
                                 006f2dd7a200 00 00 00 00 0c 00 00 00 00 00 00 00 00 00 00 00
                                 006f2dd7a210 00 00 00 00 00 00 00 00 00 00 00 00 00 00 00 00
                                 006f2dd7a220 53 46 43 4f 00 00 00 00 00 00 00 00 eb ca d2 c4
                                 006f2dd7a230 d0 04 00 00 00 00 00 00 00 00 00 00 00 00 00 00
                                 006f2dd7a240 74 87 85 19 04 00 00 00 d0 04 00 00 00 00 00 00
                                 006f2dd7a250 00 00 00 00 00 00 00 00 00 00 00 00 00 00 00 00
                                 006f2dd7a260 00 00 00 00 00 00 00 00 00 00 00 00 00 00 00 00
                                 006f2dd7a270 00 00 00 00 00 00 00 00 00 00 00 00 00 00 00 00
                                 006f2dd7a280 00 00 00 00 00 00 00 00 00 00 00 00 00 00 00 00
                                 006f2dd7a290 00 00 00 00 00 00 00 00 00 00 00 00 00 00 00 00
                                 006f2dd7a2a0 00 00 00 00 00 00 00 00 00 00 00 00 00 00 00 00
                                 006f2dd7a2b0 00 00 00 00 00 00 00 00 00 00 00 00 00 00 00 00
                                 006f2dd7a2c0 00 00 00 00 00 00 00 00 00 00 00 00 00 00 00 00
                                 006f2dd7a2d0 00 00 00 00 00 00 00 00 00 00 00 00 00 00 00 00
                                 006f2dd7a2e0 00 00 00 00 00 00 00 00 00 00 00 00 00 00 00 00
                                 006f2dd7a2f0 00 00 00 00 00 00 00 00 00 00 00 00 00 00 00 00
Threads[01]:
    Thread ID:                   00000000000002a2
    Thread Name:                 NxSystemThread
    Stack Region:                000000738963c000-000000738963d000
    Registers:
        X[00]:                   000000738963cb5c
        X[01]:                   000000738963cd74
        X[02]:                   0000000000000001
        X[03]:                   ffffffffffffffff
        X[04]:                   ffffffffffffffff
        X[05]:                   0000000000000000
        X[06]:                   0000000000000000
        X[07]:                   0000000000000000
        X[08]:                   0000000000000000
        X[09]:                   0000000000000000
        X[10]:                   0000000000000000
        X[11]:                   0000000000000000
        X[12]:                   0000000000000000
        X[13]:                   0000000000000000
        X[14]:                   0000000000000000
        X[15]:                   0000000000000000
        X[16]:                   0000000000000000
        X[17]:                   0000000000000000
        X[18]:                   0000000000000000
        X[19]:                   0000000000000000
        X[20]:                   0000000000000000
        X[21]:                   0000000000000000
        X[22]:                   0000000000000000
        X[23]:                   0000000000000000
        X[24]:                   0000000000000000
        X[25]:                   0000000000000000
        X[26]:                   0000000000000000
        X[27]:                   0000000000000000
        X[28]:                   0000000000000000
        FP:                      000000738963cb60
        LR:                      00000021b08b6464 (nnSdk + 0x338464) (_ZN2nn2os6detail22MultiWaitImplByHorizon20WaitSynchronizationNEiPjil + 0x24)
        SP:                      000000738963cb40
        PC:                      00000021b0907900 (nnSdk + 0x389900)
    Stack Trace:
        ReturnAddress[00]:       00000021b08b3c48 (nnSdk + 0x335c48) (_ZN2nn2os6detail13MultiWaitImpl19InternalWaitAnyImplEbNS_8TimeSpanE + 0x138)
        ReturnAddress[01]:       00000021b08b3e78 (nnSdk + 0x335e78) (_ZN2nn2os6detail13MultiWaitImpl11WaitAnyImplEbNS_8TimeSpanE + 0xa8)
        ReturnAddress[02]:       00000021b08b05f4 (nnSdk + 0x3325f4)
        ReturnAddress[03]:       00000021b08b055c (nnSdk + 0x33255c)
        ReturnAddress[04]:       00000021b08b054c (nnSdk + 0x33254c)
        ReturnAddress[05]:       00000021b08b24b8 (nnSdk + 0x3344b8)
        ReturnAddress[06]:       00000021b08b6984 (nnSdk + 0x338984)
        ReturnAddress[07]:       0000000000000000
    Stack Dump:                               00 01 02 03 04 05 06 07 08 09 0a 0b 0c 0d 0e 0f
                                 00738963cb40 5c cb 63 89 73 00 00 00 00 00 00 00 00 00 00 00
                                 00738963cb50 9c 66 aa 18 f4 ff ff 7f d0 81 24 b1 21 00 00 00
                                 00738963cb60 d0 ce 63 89 73 00 00 00 48 3c 8b b0 21 00 00 00
                                 00738963cb70 00 7c 24 b1 21 00 00 00 00 00 00 00 00 00 00 00
                                 00738963cb80 00 00 00 00 00 00 00 00 00 00 00 00 00 00 00 00
                                 00738963cb90 00 00 00 00 00 00 00 00 00 00 00 00 00 00 00 00
                                 00738963cba0 00 00 00 00 00 00 00 00 00 00 00 00 00 00 00 00
                                 00738963cbb0 00 00 00 00 00 00 00 00 00 00 00 00 00 00 00 00
                                 00738963cbc0 00 00 00 00 00 00 00 00 00 00 00 00 00 00 00 00
                                 00738963cbd0 00 00 00 00 00 00 00 00 00 00 00 00 00 00 00 00
                                 00738963cbe0 00 00 00 00 00 00 00 00 00 00 00 00 00 00 00 00
                                 00738963cbf0 00 00 00 00 00 00 00 00 00 00 00 00 00 00 00 00
                                 00738963cc00 00 00 00 00 00 00 00 00 00 00 00 00 00 00 00 00
                                 00738963cc10 00 00 00 00 00 00 00 00 00 00 00 00 00 00 00 00
                                 00738963cc20 00 00 00 00 00 00 00 00 00 00 00 00 00 00 00 00
                                 00738963cc30 00 00 00 00 00 00 00 00 00 00 00 00 00 00 00 00
    TLS Address:                 0000006f2dd7a400
    TLS Dump:                                 00 01 02 03 04 05 06 07 08 09 0a 0b 0c 0d 0e 0f
                                 006f2dd7a400 00 00 00 00 00 00 00 00 00 00 00 00 00 00 00 00
                                 006f2dd7a410 00 00 00 00 00 00 00 00 00 00 00 00 00 00 00 00
                                 006f2dd7a420 00 00 00 00 00 00 00 00 00 00 00 00 00 00 00 00
                                 006f2dd7a430 00 00 00 00 00 00 00 00 00 00 00 00 00 00 00 00
                                 006f2dd7a440 00 00 00 00 00 00 00 00 00 00 00 00 00 00 00 00
                                 006f2dd7a450 00 00 00 00 00 00 00 00 00 00 00 00 00 00 00 00
                                 006f2dd7a460 00 00 00 00 00 00 00 00 00 00 00 00 00 00 00 00
                                 006f2dd7a470 00 00 00 00 00 00 00 00 00 00 00 00 00 00 00 00
                                 006f2dd7a480 00 00 00 00 00 00 00 00 00 00 00 00 00 00 00 00
                                 006f2dd7a490 00 00 00 00 00 00 00 00 00 00 00 00 00 00 00 00
                                 006f2dd7a4a0 00 00 00 00 00 00 00 00 00 00 00 00 00 00 00 00
                                 006f2dd7a4b0 00 00 00 00 00 00 00 00 00 00 00 00 00 00 00 00
                                 006f2dd7a4c0 00 00 00 00 00 00 00 00 00 00 00 00 00 00 00 00
                                 006f2dd7a4d0 00 00 00 00 00 00 00 00 00 00 00 00 00 00 00 00
                                 006f2dd7a4e0 00 00 00 00 00 00 00 00 00 00 00 00 00 00 00 00
                                 006f2dd7a4f0 00 00 00 00 00 00 00 00 00 00 00 00 00 00 00 00
Threads[02]:
    Thread ID:                   00000000000002a3
    Thread Name:                 <UNKNOWN>
    Stack Region:                0000007376298000-00000073762d8000
    Registers:
        X[00]:                   00000073762d7ef8
        X[01]:                   00000073762d7efc
        X[02]:                   0000000000000001
        X[03]:                   ffffffffffffffff
        X[04]:                   0000000000000000
        X[05]:                   0000000000000000
        X[06]:                   0000000000000000
        X[07]:                   0000000000000000
        X[08]:                   0000000000000000
        X[09]:                   0000000000000000
        X[10]:                   0000000000000000
        X[11]:                   0000000000000000
        X[12]:                   0000000000000000
        X[13]:                   0000000000000000
        X[14]:                   0000000000000000
        X[15]:                   0000000000000000
        X[16]:                   0000000000000000
        X[17]:                   0000000000000000
        X[18]:                   0000000000000000
        X[19]:                   0000000000000000
        X[20]:                   0000000000000000
        X[21]:                   0000000000000000
        X[22]:                   0000000000000000
        X[23]:                   0000000000000000
        X[24]:                   0000000000000000
        X[25]:                   0000000000000000
        X[26]:                   0000000000000000
        X[27]:                   0000000000000000
        X[28]:                   0000000000000000
        FP:                      00000073762d7f10
        LR:                      00000021b08b7498 (nnSdk + 0x339498) (_ZN2nn2os6detail30InterProcessEventImplByHorizon4WaitEjb + 0x88)
        SP:                      00000073762d7ee0
        PC:                      00000021b0907900 (nnSdk + 0x389900)
    Stack Trace:
        ReturnAddress[00]:       00000021ac15898c (cross2_Release.nss + 0x375498c)
        ReturnAddress[01]:       00000021b08b24b8 (nnSdk + 0x3344b8)
        ReturnAddress[02]:       00000021b08b6984 (nnSdk + 0x338984)
        ReturnAddress[03]:       0000000000000000
    Stack Dump:                               00 01 02 03 04 05 06 07 08 09 0a 0b 0c 0d 0e 0f
                                 0073762d7ee0 f8 7e 2d 76 73 00 00 00 28 7f 2d 76 73 00 00 00
                                 0073762d7ef0 10 7f 2d 76 73 00 00 00 bc a7 8a b0 f7 01 05 00
                                 0073762d7f00 06 00 00 00 00 00 00 00 f0 e4 33 ae 21 00 00 00
                                 0073762d7f10 80 7f 2d 76 73 00 00 00 8c 89 15 ac 21 00 00 00
                                 0073762d7f20 00 00 00 00 00 00 00 00 0f 00 00 00 02 00 00 00
                                 0073762d7f30 00 00 00 00 00 00 00 00 00 00 00 00 00 00 00 00
                                 0073762d7f40 00 00 00 00 00 00 00 00 00 00 00 00 00 00 00 00
                                 0073762d7f50 00 00 00 00 00 00 00 00 00 00 00 00 00 00 00 00
                                 0073762d7f60 00 00 00 00 00 00 00 00 bc 09 95 40 2c 00 00 00
                                 0073762d7f70 b8 09 95 40 2c 00 00 00 10 08 95 40 2c 00 00 00
                                 0073762d7f80 b0 7f 2d 76 73 00 00 00 b8 24 8b b0 21 00 00 00
                                 0073762d7f90 00 00 00 00 00 00 00 00 00 00 00 00 00 00 00 00
                                 0073762d7fa0 00 00 00 00 00 00 00 00 10 08 95 40 2c 00 00 00
                                 0073762d7fb0 d0 7f 2d 76 73 00 00 00 84 69 8b b0 21 00 00 00
                                 0073762d7fc0 00 00 00 00 00 00 00 00 00 00 00 00 00 00 00 00
                                 0073762d7fd0 00 00 00 00 00 00 00 00 00 00 00 00 00 00 00 00
    TLS Address:                 0000006f2dd7a600
    TLS Dump:                                 00 01 02 03 04 05 06 07 08 09 0a 0b 0c 0d 0e 0f
                                 006f2dd7a600 00 00 00 00 0d 00 00 00 00 00 00 00 00 00 00 00
                                 006f2dd7a610 00 00 00 00 00 00 00 00 00 00 00 00 00 00 00 00
                                 006f2dd7a620 53 46 43 4f 00 00 00 00 00 00 00 00 77 7d f2 32
                                 006f2dd7a630 00 00 00 00 00 00 00 00 00 00 00 00 00 00 00 00
                                 006f2dd7a640 00 00 00 00 00 00 00 00 00 00 00 00 00 00 00 00
                                 006f2dd7a650 00 00 00 00 00 00 00 00 00 00 00 00 00 00 00 00
                                 006f2dd7a660 00 00 00 00 00 00 00 00 00 00 00 00 00 00 00 00
                                 006f2dd7a670 00 00 00 00 00 00 00 00 00 00 00 00 00 00 00 00
                                 006f2dd7a680 00 00 00 00 00 00 00 00 00 00 00 00 00 00 00 00
                                 006f2dd7a690 00 00 00 00 00 00 00 00 00 00 00 00 00 00 00 00
                                 006f2dd7a6a0 00 00 00 00 00 00 00 00 00 00 00 00 00 00 00 00
                                 006f2dd7a6b0 00 00 00 00 00 00 00 00 00 00 00 00 00 00 00 00
                                 006f2dd7a6c0 00 00 00 00 00 00 00 00 00 00 00 00 00 00 00 00
                                 006f2dd7a6d0 00 00 00 00 00 00 00 00 00 00 00 00 00 00 00 00
                                 006f2dd7a6e0 00 00 00 00 00 00 00 00 00 00 00 00 00 00 00 00
                                 006f2dd7a6f0 00 00 00 00 00 00 00 00 00 00 00 00 00 00 00 00
Threads[03]:
    Thread ID:                   00000000000002a6
    Thread Name:                 Thread_0x00000021B056BDAC
    Stack Region:                0000007394ddb000-0000007394deb000
    Registers:
        X[00]:                   0000007394deab88
        X[01]:                   0000007394deab28
        X[02]:                   00000051bd084b50
        X[03]:                   0000000000000000
        X[04]:                   0000000000000000
        X[05]:                   0000000000000000
        X[06]:                   0000000000000000
        X[07]:                   0000000000000000
        X[08]:                   0000000000000000
        X[09]:                   0000000000000000
        X[10]:                   0000000000000000
        X[11]:                   0000000000084c29
        X[12]:                   0000000000000000
        X[13]:                   0000000000000000
        X[14]:                   0000000000000000
        X[15]:                   0000000000000000
        X[16]:                   0000000000000000
        X[17]:                   00000021b08b8020 (nnSdk + 0x33a020) (_ZN2nn2os6detail36InternalCriticalSectionImplByHorizon5LeaveEv + 0x0)
        X[18]:                   00000021b101ec38
        X[19]:                   00000051bcf41778 (ssbu-online-deluxe + 0x12778) (main_menu_init + 0x0)
        X[20]:                   00000051bd08d168
        X[21]:                   0000000000000000
        X[22]:                   0000000000000000
        X[23]:                   0000002c40cf0450
        X[24]:                   0000000000000000
        X[25]:                   0000000000000000
        X[26]:                   0000000000000000
        X[27]:                   0000000000000000
        X[28]:                   0000000000000000
        FP:                      0000007394deafb0
        LR:                      00000051bcf4c014 (ssbu-online-deluxe + 0x1d014) (main + 0x708)
        SP:                      0000007394deaba0
        PC:                      0000000000000000
    Stack Trace:
        ReturnAddress[00]:       00000021b08b6984 (nnSdk + 0x338984)
        ReturnAddress[01]:       0000000000000000
    Stack Dump:                               00 01 02 03 04 05 06 07 08 09 0a 0b 0c 0d 0e 0f
                                 007394deaba0 60 0f d8 41 2c 00 00 00 00 00 00 00 2c 00 00 00
                                 007394deabb0 90 ac de 94 00 00 00 00 20 35 00 08 00 00 00 00
                                 007394deabc0 00 00 00 00 00 00 00 00 20 35 00 08 00 00 00 00
                                 007394deabd0 00 00 00 00 00 00 00 00 00 00 00 00 00 00 00 00
                                 007394deabe0 00 00 00 00 00 00 00 00 00 00 00 00 00 00 00 00
                                 007394deabf0 00 00 00 00 00 00 00 00 d0 ff ff ff 80 ff ff ff
                                 007394deac00 90 ac de 94 73 00 00 00 90 ac de 94 73 00 00 00
                                 007394deac10 f5 fa f5 fd f6 fe ff ff ff ff fe fe ff f8 ff ff
                                 007394deac20 00 00 00 00 00 00 00 00 9f a9 d6 a6 95 88 95 99
                                 007394deac30 00 00 00 00 00 00 00 00 00 00 00 00 00 00 00 00
                                 007394deac40 54 77 56 b0 21 00 00 00 00 00 00 00 00 00 00 00
                                 007394deac50 00 00 00 00 00 00 00 00 00 00 00 00 00 00 00 00
                                 007394deac60 00 00 00 00 00 00 00 00 00 00 00 00 00 00 00 00
                                 007394deac70 00 00 00 00 00 00 00 00 fc 0b 95 40 2c 00 00 00
                                 007394deac80 00 e0 52 42 2c 00 00 00 00 00 72 40 2c 00 00 00
                                 007394deac90 6c 05 56 b0 21 00 00 00 00 00 c2 41 2c 00 00 00
    TLS Address:                 0000006f2dd7a800
    TLS Dump:                                 00 01 02 03 04 05 06 07 08 09 0a 0b 0c 0d 0e 0f
                                 006f2dd7a800 06 00 00 00 08 00 00 00 00 00 00 00 00 00 00 00
                                 006f2dd7a810 02 00 00 00 9b 00 00 00 00 00 00 00 00 00 00 00
                                 006f2dd7a820 53 46 43 4f 00 00 00 00 00 00 00 00 a1 6d 71 f3
                                 006f2dd7a830 00 00 00 00 00 00 00 00 01 00 00 00 00 00 00 00
                                 006f2dd7a840 01 00 00 00 00 00 00 00 1b 01 00 00 00 00 00 00
                                 006f2dd7a850 01 00 00 00 00 00 00 00 00 00 00 00 00 00 00 00
                                 006f2dd7a860 69 64 6c 65 00 00 00 00 00 00 00 00 00 00 00 00
                                 006f2dd7a870 00 00 00 00 00 00 00 00 00 00 00 00 00 00 00 00
                                 006f2dd7a880 00 00 00 00 00 00 00 00 00 00 00 00 00 00 00 00
                                 006f2dd7a890 00 00 00 00 00 00 00 00 00 00 00 00 00 00 00 00
                                 006f2dd7a8a0 00 00 00 00 00 00 00 00 00 00 00 00 00 00 00 00
                                 006f2dd7a8b0 00 00 00 00 00 00 00 00 00 00 00 00 00 00 00 00
                                 006f2dd7a8c0 00 00 00 00 00 00 00 00 00 00 00 00 00 00 00 00
                                 006f2dd7a8d0 00 00 00 00 00 00 00 00 00 00 00 00 00 00 00 00
                                 006f2dd7a8e0 00 00 00 00 00 00 00 00 00 00 00 00 00 00 00 00
                                 006f2dd7a8f0 00 00 00 00 00 00 00 00 00 00 00 00 00 00 00 00
Threads[04]:
    Thread ID:                   00000000000002a7
    Thread Name:                 Thread_0x00000021B05665D8
    Stack Region:                0000007327f8e000-0000007327f91000
    Registers:
        X[00]:                   00000000001501dc
        X[01]:                   0000006f2dd7aa00
        X[02]:                   00000000001501dc
        X[03]:                   0000007327f90e60
        X[04]:                   0000000000001000
        X[05]:                   0000000000000013
        X[06]:                   0000006f2dd7aa00
        X[07]:                   0000000000000001
        X[08]:                   0000000000000000
        X[09]:                   0000000000000000
        X[10]:                   0000000000000000
        X[11]:                   0000000000000000
        X[12]:                   0000000000000000
        X[13]:                   0000000000000000
        X[14]:                   0000000000000000
        X[15]:                   0000000000000000
        X[16]:                   0000000000000000
        X[17]:                   0000000000000000
        X[18]:                   0000000000000000
        X[19]:                   0000000000000000
        X[20]:                   0000000000000000
        X[21]:                   0000000000000000
        X[22]:                   0000000000000000
        X[23]:                   0000000000000000
        X[24]:                   0000000000000000
        X[25]:                   0000000000000000
        X[26]:                   0000000000000000
        X[27]:                   0000000000000000
        X[28]:                   0000000000000000
        FP:                      0000007327f90dd0
        LR:                      00000021b08e5684 (nnSdk + 0x367684) (_ZN2nn2sf4hipc15SendSyncRequestENS_3svc6HandleEPvm + 0x34)
        SP:                      0000007327f90dd0
        PC:                      00000021b0907954 (nnSdk + 0x389954)
    Stack Trace:
        ReturnAddress[00]:       00000021b08f9e80 (nnSdk + 0x37be80) (_ZN2nn2sf4cmif6client34CmifDomainProxyClientCoreProcessorINS0_4hipc6client38Hipc2ClientSessionManagedProxyKindBaseINS5_18Hipc2P + 0x150)
        ReturnAddress[01]:       00000021b08f8304 (nnSdk + 0x37a304)
        ReturnAddress[02]:       00000021b08efa24 (nnSdk + 0x371a24) (_ZN2nn6socket6detail6AcceptEiP8sockaddrPj + 0xa4)
        ReturnAddress[03]:       00000021b05666bc (Skyline + 0x66bc)
        ReturnAddress[04]:       00000021b08b6984 (nnSdk + 0x338984)
        ReturnAddress[05]:       0000000000000000
    Stack Dump:                               00 01 02 03 04 05 06 07 08 09 0a 0b 0c 0d 0e 0f
                                 007327f90dd0 e0 0e f9 27 73 00 00 00 80 9e 8f b0 21 00 00 00
                                 007327f90de0 00 00 00 00 00 00 00 00 20 0f f9 27 73 00 00 00
                                 007327f90df0 1c 0f f9 27 73 00 00 00 01 00 00 00 00 00 00 01
                                 007327f90e00 0e 0c 00 00 00 00 00 00 00 00 00 00 00 00 00 00
                                 007327f90e10 00 00 00 00 00 00 00 00 00 00 00 00 02 00 00 00
                                 007327f90e20 00 00 00 00 05 00 00 00 13 00 00 00 15 00 00 00
                                 007327f90e30 00 00 00 00 00 00 00 00 00 00 00 00 00 00 00 00
                                 007327f90e40 00 00 00 00 00 00 00 00 00 00 00 00 00 00 00 00
                                 007327f90e50 00 00 00 00 00 00 00 00 00 00 00 00 00 00 00 00
                                 007327f90e60 22 00 00 00 00 00 00 00 70 0f f9 27 73 00 00 00
                                 007327f90e70 00 00 00 00 00 00 00 00 f8 0d f9 27 73 00 00 00
                                 007327f90e80 00 aa d7 2d 6f 00 00 00 00 00 00 00 00 00 00 00
                                 007327f90e90 00 00 00 00 00 00 00 00 00 00 00 00 00 00 00 00
                                 007327f90ea0 00 00 00 00 00 00 00 00 00 00 00 00 00 00 00 00
                                 007327f90eb0 00 00 00 00 00 00 00 00 00 00 00 00 00 00 00 00
                                 007327f90ec0 00 00 00 00 00 00 00 00 ac 01 d5 40 2c 00 00 00
    TLS Address:                 0000006f2dd7aa00
    TLS Dump:                                 00 01 02 03 04 05 06 07 08 09 0a 0b 0c 0d 0e 0f
                                 006f2dd7aa00 06 00 00 01 0e 0c 00 00 00 00 00 00 00 00 00 00
                                 006f2dd7aa10 00 00 00 00 00 00 00 00 00 00 00 00 00 00 00 00
                                 006f2dd7aa20 01 00 14 00 01 00 00 00 00 00 00 00 00 00 00 00
                                 006f2dd7aa30 53 46 43 49 01 00 00 00 0c 00 00 00 00 00 00 00
                                 006f2dd7aa40 00 00 00 00 ff ff 00 00 00 00 00 00 70 0f f9 27
                                 006f2dd7aa50 73 00 00 00 00 00 00 00 00 00 00 00 00 00 00 00
                                 006f2dd7aa60 00 00 00 00 00 00 00 00 00 00 00 00 00 00 00 00
                                 006f2dd7aa70 00 00 00 00 00 00 00 00 00 00 00 00 00 00 00 00
                                 006f2dd7aa80 00 00 00 00 00 00 00 00 00 00 00 00 00 00 00 00
                                 006f2dd7aa90 00 00 00 00 00 00 00 00 00 00 00 00 00 00 00 00
                                 006f2dd7aaa0 00 00 00 00 00 00 00 00 00 00 00 00 00 00 00 00
                                 006f2dd7aab0 00 00 00 00 00 00 00 00 00 00 00 00 00 00 00 00
                                 006f2dd7aac0 00 00 00 00 00 00 00 00 00 00 00 00 00 00 00 00
                                 006f2dd7aad0 00 00 00 00 00 00 00 00 00 00 00 00 00 00 00 00
                                 006f2dd7aae0 00 00 00 00 00 00 00 00 00 00 00 00 00 00 00 00
                                 006f2dd7aaf0 00 00 00 00 00 00 00 00 00 00 00 00 00 00 00 00
Threads[05]:
    Thread ID:                   00000000000002a8
    Thread Name:                 Thread_0x00000021B0564E5C
    Stack Region:                000000736f1be000-000000736f1c1000
    Registers:
        X[00]:                   0000000005f5e100
        X[01]:                   0000000000000000
        X[02]:                   0000000000000000
        X[03]:                   0000000000000000
        X[04]:                   0000000000000000
        X[05]:                   0000000000000000
        X[06]:                   0000000000000000
        X[07]:                   0000000000000000
        X[08]:                   0000000000000000
        X[09]:                   0000000000000000
        X[10]:                   0000000000000000
        X[11]:                   0000000000000000
        X[12]:                   0000000000000000
        X[13]:                   0000000000000000
        X[14]:                   0000000000000000
        X[15]:                   0000000000000000
        X[16]:                   0000000000000000
        X[17]:                   0000000000000000
        X[18]:                   0000000000000000
        X[19]:                   0000000000000000
        X[20]:                   0000000000000000
        X[21]:                   0000000000000000
        X[22]:                   0000000000000000
        X[23]:                   0000000000000000
        X[24]:                   0000000000000000
        X[25]:                   0000000000000000
        X[26]:                   0000000000000000
        X[27]:                   0000000000000000
        X[28]:                   0000000000000000
        FP:                      000000736f1c0fb0
        LR:                      00000021b0564ee4 (Skyline + 0x4ee4)
        SP:                      000000736f1c0f40
        PC:                      00000021b090785c (nnSdk + 0x38985c)
    Stack Trace:
        ReturnAddress[00]:       00000021b08b6984 (nnSdk + 0x338984)
        ReturnAddress[01]:       0000000000000000
    Stack Dump:                               00 01 02 03 04 05 06 07 08 09 0a 0b 0c 0d 0e 0f
                                 00736f1c0f00 b0 0f 1c 6f 73 00 00 00 50 00 2f 40 2c 00 00 00
                                 00736f1c0f10 d0 4e 56 b0 21 00 00 00 00 00 72 40 2c 00 00 00
                                 00736f1c0f20 00 00 00 00 00 00 00 00 00 e1 f5 05 00 00 00 00
                                 00736f1c0f30 b0 0f 1c 6f 73 00 00 00 00 e1 f5 05 00 00 00 00
                                 00736f1c0f40 b8 24 8b b0 21 00 00 00 c0 01 d5 40 2c 00 00 00
                                 00736f1c0f50 00 00 00 00 00 00 00 00 00 00 72 40 2c 00 00 00
                                 00736f1c0f60 00 00 00 00 00 00 00 00 78 0f 1c 6f 73 00 00 00
                                 00736f1c0f70 09 00 00 00 00 00 00 00 54 63 70 4c 6f 67 67 65
                                 00736f1c0f80 72 00 1c 6f 73 00 00 00 00 00 72 40 2c 00 00 00
                                 00736f1c0f90 00 00 00 00 00 00 00 00 00 00 00 00 00 00 00 00
                                 00736f1c0fa0 00 00 00 00 00 00 00 00 c0 01 d5 40 2c 00 00 00
                                 00736f1c0fb0 d0 0f 1c 6f 73 00 00 00 84 69 8b b0 21 00 00 00
                                 00736f1c0fc0 00 00 00 00 00 00 00 00 00 00 00 00 00 00 00 00
                                 00736f1c0fd0 00 00 00 00 00 00 00 00 00 00 00 00 00 00 00 00
                                 00736f1c0fe0 50 24 8b b0 21 00 00 00 00 00 00 00 00 00 00 00
                                 00736f1c0ff0 00 00 00 00 00 00 00 00 00 00 00 00 00 00 00 00
    TLS Address:                 0000006f2dd7ac00
    TLS Dump:                                 00 01 02 03 04 05 06 07 08 09 0a 0b 0c 0d 0e 0f
                                 006f2dd7ac00 00 00 00 00 0e 08 e0 03 00 00 00 00 00 00 00 00
                                 006f2dd7ac10 00 00 00 00 00 00 00 00 00 00 00 00 00 00 00 00
                                 006f2dd7ac20 53 46 43 4f 00 00 00 00 00 00 00 00 91 ab e3 ac
                                 006f2dd7ac30 ff ff ff ff 6b 00 00 00 00 00 00 00 00 00 00 00
                                 006f2dd7ac40 00 00 00 00 00 00 00 00 00 00 00 00 00 00 00 00
                                 006f2dd7ac50 00 00 00 00 00 00 00 00 00 00 00 00 00 00 00 00
                                 006f2dd7ac60 00 00 00 00 00 00 00 00 00 00 00 00 00 00 00 00
                                 006f2dd7ac70 00 00 00 00 00 00 00 00 00 00 00 00 00 00 00 00
                                 006f2dd7ac80 00 00 00 00 00 00 00 00 00 00 00 00 00 00 00 00
                                 006f2dd7ac90 00 00 00 00 00 00 00 00 00 00 00 00 00 00 00 00
                                 006f2dd7aca0 00 00 00 00 00 00 00 00 00 00 00 00 00 00 00 00
                                 006f2dd7acb0 00 00 00 00 00 00 00 00 00 00 00 00 00 00 00 00
                                 006f2dd7acc0 00 00 00 00 00 00 00 00 00 00 00 00 00 00 00 00
                                 006f2dd7acd0 00 00 00 00 00 00 00 00 00 00 00 00 00 00 00 00
                                 006f2dd7ace0 00 00 00 00 00 00 00 00 00 00 00 00 00 00 00 00
                                 006f2dd7acf0 00 00 00 00 00 00 00 00 00 00 00 00 00 00 00 00
Threads[06]:
    Thread ID:                   00000000000002ab
    Thread Name:                 Thread_0x00000021B0A97670
    Stack Region:                0000007373c61000-0000007373e61000
    Registers:
        X[00]:                   0000000001312d00
        X[01]:                   0000000001312d00
        X[02]:                   0000000000000004
        X[03]:                   0000000000000000
        X[04]:                   0000000000000000
        X[05]:                   0000000000000000
        X[06]:                   0000000000000000
        X[07]:                   0000000000000000
        X[08]:                   0000000000000000
        X[09]:                   0000000000000000
        X[10]:                   0000000000000000
        X[11]:                   0000000000000000
        X[12]:                   0000000000000000
        X[13]:                   0000000000000000
        X[14]:                   0000000000000000
        X[15]:                   0000000000000000
        X[16]:                   0000000000000000
        X[17]:                   0000000000000000
        X[18]:                   0000000000000000
        X[19]:                   0000000000000000
        X[20]:                   0000000000000000
        X[21]:                   0000000000000000
        X[22]:                   0000000000000000
        X[23]:                   0000000000000000
        X[24]:                   0000000000000000
        X[25]:                   0000000000000000
        X[26]:                   0000000000000000
        X[27]:                   0000000000000000
        X[28]:                   0000000000000000
        FP:                      0000007373e60e90
        LR:                      0000004efd1d9a68 (arcropolis + 0x25a68)
        SP:                      0000007373e60e90
        PC:                      00000021b090785c (nnSdk + 0x38985c)
    Stack Trace:
        ReturnAddress[00]:       0000004efd3cc098
        ReturnAddress[01]:       0000000000000008
    Stack Dump:                               00 01 02 03 04 05 06 07 08 09 0a 0b 0c 0d 0e 0f
                                 007373e60e90 a0 c0 3c fd 4e 00 00 00 98 c0 3c fd 4e 00 00 00
                                 007373e60ea0 04 00 00 00 00 00 00 00 04 00 00 00 00 00 00 00
                                 007373e60eb0 00 00 00 00 00 00 00 00 04 00 00 00 00 00 00 00
                                 007373e60ec0 80 0f e6 73 73 00 00 00 74 7f 22 fd 4e 00 00 00
                                 007373e60ed0 00 00 00 00 00 00 00 00 00 00 00 00 00 00 00 00
                                 007373e60ee0 00 00 00 00 00 00 00 00 00 00 00 00 00 00 00 00
                                 007373e60ef0 00 00 00 00 00 00 00 00 00 00 00 00 00 00 00 00
                                 007373e60f00 00 00 00 00 00 00 00 00 30 d4 3c fd 4e 00 00 00
                                 007373e60f10 e0 00 a8 42 2c 00 00 00 80 00 dd 40 2c 00 00 00
                                 007373e60f20 00 00 00 00 00 00 00 00 00 00 00 00 00 00 00 00
                                 007373e60f30 0c 8f 2f fd 4e 00 00 00 00 00 00 00 00 00 00 00
                                 007373e60f40 80 00 dd 40 2c 00 00 00 20 00 8a 42 2c 00 00 00
                                 007373e60f50 d0 76 a9 b0 21 00 00 00 ac 61 cb 44 2c 00 00 00
                                 007373e60f60 78 1e 1a b1 21 00 00 00 c0 61 cb 44 2c 00 00 00
                                 007373e60f70 a8 61 cb 44 2c 00 00 00 00 60 cb 44 2c 00 00 00
                                 007373e60f80 b0 0f e6 73 73 00 00 00 b8 24 8b b0 21 00 00 00
    TLS Address:                 0000006b8d386000
    TLS Dump:                                 00 01 02 03 04 05 06 07 08 09 0a 0b 0c 0d 0e 0f
                                 006b8d386000 00 00 00 00 00 00 00 00 00 00 00 00 00 00 00 00
                                 006b8d386010 00 00 00 00 00 00 00 00 00 00 00 00 00 00 00 00
                                 006b8d386020 00 00 00 00 00 00 00 00 00 00 00 00 00 00 00 00
                                 006b8d386030 00 00 00 00 00 00 00 00 00 00 00 00 00 00 00 00
                                 006b8d386040 00 00 00 00 00 00 00 00 00 00 00 00 00 00 00 00
                                 006b8d386050 00 00 00 00 00 00 00 00 00 00 00 00 00 00 00 00
                                 006b8d386060 00 00 00 00 00 00 00 00 00 00 00 00 00 00 00 00
                                 006b8d386070 00 00 00 00 00 00 00 00 00 00 00 00 00 00 00 00
                                 006b8d386080 00 00 00 00 00 00 00 00 00 00 00 00 00 00 00 00
                                 006b8d386090 00 00 00 00 00 00 00 00 00 00 00 00 00 00 00 00
                                 006b8d3860a0 00 00 00 00 00 00 00 00 00 00 00 00 00 00 00 00
                                 006b8d3860b0 00 00 00 00 00 00 00 00 00 00 00 00 00 00 00 00
                                 006b8d3860c0 00 00 00 00 00 00 00 00 00 00 00 00 00 00 00 00
                                 006b8d3860d0 00 00 00 00 00 00 00 00 00 00 00 00 00 00 00 00
                                 006b8d3860e0 00 00 00 00 00 00 00 00 00 00 00 00 00 00 00 00
                                 006b8d3860f0 00 00 00 00 00 00 00 00 00 00 00 00 00 00 00 00
Threads[07]:
    Thread ID:                   00000000000002ac
    Thread Name:                 Thread_0x00000021B0A97670
    Stack Region:                000000739b48f000-000000739b4a3000
    Registers:
        X[00]:                   0000002c42a50048
        X[01]:                   0000002c42a50014
        X[02]:                   00000000001b81d1
        X[03]:                   ffffffffffffffff
        X[04]:                   0000000000000000
        X[05]:                   0000000000000000
        X[06]:                   0000000000000000
        X[07]:                   0000000000000000
        X[08]:                   0000000000000000
        X[09]:                   0000000000000000
        X[10]:                   0000000000000000
        X[11]:                   0000000000000000
        X[12]:                   0000000000000000
        X[13]:                   0000000000000000
        X[14]:                   0000000000000000
        X[15]:                   0000000000000000
        X[16]:                   0000000000000000
        X[17]:                   0000000000000000
        X[18]:                   0000000000000000
        X[19]:                   0000000000000000
        X[20]:                   0000000000000000
        X[21]:                   0000000000000000
        X[22]:                   0000000000000000
        X[23]:                   0000000000000000
        X[24]:                   0000000000000000
        X[25]:                   0000000000000000
        X[26]:                   0000000000000000
        X[27]:                   0000000000000000
        X[28]:                   0000000000000000
        FP:                      000000739b4a2ed0
        LR:                      00000021b08b7998 (nnSdk + 0x339998) (_ZN2nn2os6detail38InternalConditionVariableImplByHorizon4WaitEPNS1_23InternalCriticalSectionE + 0x48)
        SP:                      000000739b4a2eb0
        PC:                      00000021b090792c (nnSdk + 0x38992c)
    Stack Trace:
        ReturnAddress[00]:       00000021b08ac464 (nnSdk + 0x32e464) (_ZN2nn2os21WaitConditionVariableEPNS0_21ConditionVariableTypeEPNS0_9MutexTypeE + 0x44)
        ReturnAddress[01]:       00000021b0a97ebc (nnSdk + 0x519ebc) (__nnmusl_WaitConditionVariable + 0xc)
        ReturnAddress[02]:       00000021b0a98404 (nnSdk + 0x51a404) (__nx_pthread_detached_worker_start + 0x5c)
        ReturnAddress[03]:       00000021b0a976d0 (nnSdk + 0x5196d0)
        ReturnAddress[04]:       00000021b08b24b8 (nnSdk + 0x3344b8)
        ReturnAddress[05]:       00000021b08b6984 (nnSdk + 0x338984)
        ReturnAddress[06]:       0000000000000000
    Stack Dump:                               00 01 02 03 04 05 06 07 08 09 0a 0b 0c 0d 0e 0f
                                 00739b4a2eb0 00 00 a5 42 2c 00 00 00 00 00 00 00 00 00 00 00
                                 00739b4a2ec0 50 00 a5 42 2c 00 00 00 30 00 a5 42 2c 00 00 00
                                 00739b4a2ed0 f0 2e 4a 9b 73 00 00 00 64 c4 8a b0 21 00 00 00
                                 00739b4a2ee0 30 00 a5 42 2c 00 00 00 30 00 a5 42 2c 00 00 00
                                 00739b4a2ef0 00 2f 4a 9b 73 00 00 00 bc 7e a9 b0 21 00 00 00
                                 00739b4a2f00 60 2f 4a 9b 73 00 00 00 04 84 a9 b0 21 00 00 00
                                 00739b4a2f10 00 00 00 00 00 00 00 00 00 00 00 00 00 00 00 00
                                 00739b4a2f20 00 00 00 00 00 00 00 00 00 00 00 00 00 00 00 00
                                 00739b4a2f30 00 00 00 00 00 00 00 00 00 00 00 00 00 00 00 00
                                 00739b4a2f40 00 00 00 00 00 00 00 00 ac c1 06 42 2c 00 00 00
                                 00739b4a2f50 78 1e 1a b1 21 00 00 00 c0 c1 06 42 2c 00 00 00
                                 00739b4a2f60 80 2f 4a 9b 73 00 00 00 d0 76 a9 b0 21 00 00 00
                                 00739b4a2f70 a8 c1 06 42 2c 00 00 00 00 c0 06 42 2c 00 00 00
                                 00739b4a2f80 b0 2f 4a 9b 73 00 00 00 b8 24 8b b0 21 00 00 00
                                 00739b4a2f90 00 00 00 00 00 00 00 00 00 00 00 00 00 00 00 00
                                 00739b4a2fa0 00 00 00 00 00 00 00 00 00 c0 06 42 2c 00 00 00
    TLS Address:                 0000006b8d386200
    TLS Dump:                                 00 01 02 03 04 05 06 07 08 09 0a 0b 0c 0d 0e 0f
                                 006b8d386200 00 00 00 00 00 00 00 00 00 00 00 00 00 00 00 00
                                 006b8d386210 00 00 00 00 00 00 00 00 00 00 00 00 00 00 00 00
                                 006b8d386220 00 00 00 00 00 00 00 00 00 00 00 00 00 00 00 00
                                 006b8d386230 00 00 00 00 00 00 00 00 00 00 00 00 00 00 00 00
                                 006b8d386240 00 00 00 00 00 00 00 00 00 00 00 00 00 00 00 00
                                 006b8d386250 00 00 00 00 00 00 00 00 00 00 00 00 00 00 00 00
                                 006b8d386260 00 00 00 00 00 00 00 00 00 00 00 00 00 00 00 00
                                 006b8d386270 00 00 00 00 00 00 00 00 00 00 00 00 00 00 00 00
                                 006b8d386280 00 00 00 00 00 00 00 00 00 00 00 00 00 00 00 00
                                 006b8d386290 00 00 00 00 00 00 00 00 00 00 00 00 00 00 00 00
                                 006b8d3862a0 00 00 00 00 00 00 00 00 00 00 00 00 00 00 00 00
                                 006b8d3862b0 00 00 00 00 00 00 00 00 00 00 00 00 00 00 00 00
                                 006b8d3862c0 00 00 00 00 00 00 00 00 00 00 00 00 00 00 00 00
                                 006b8d3862d0 00 00 00 00 00 00 00 00 00 00 00 00 00 00 00 00
                                 006b8d3862e0 00 00 00 00 00 00 00 00 00 00 00 00 00 00 00 00
                                 006b8d3862f0 00 00 00 00 00 00 00 00 00 00 00 00 00 00 00 00
