Atmosphère Crash Report (v1.7):
Result:                          0x2A8 (2168-0001)

Process Info:
    Process Name:                Application
    Program ID:                  01006a800016e000
    Process ID:                  0000000000000090
    Process Flags:               00000077
    User Exception Address:      000000709aeff000
Exception Info:
    Type:                        Instruction Abort
    Address:                     0000000000000000
Crashed Thread Info:
    Thread ID:                   00000000000002ed
    Thread Name:                 Thread_0x00000016E416BDAC
    Stack Region:                0000005c8c808000-0000005c8c818000
    Registers:
        X[00]:                   0000005c8c817b88
        X[01]:                   0000005c8c817b28
        X[02]:                   0000004a1567bb50
        X[03]:                   0000000000000000
        X[04]:                   0000000000000000
        X[05]:                   0000000000000000
        X[06]:                   0000000000000000
        X[07]:                   0000000000000000
        X[08]:                   0000000000000000
        X[09]:                   0000000000000000
        X[10]:                   0000000000000000
        X[11]:                   0000000000084c29
        X[12]:                   0000000000000000
        X[13]:                   0000000000000000
        X[14]:                   0000000000000000
        X[15]:                   0000000000000000
        X[16]:                   0000000000000000
        X[17]:                   00000016e44b8020 (nnSdk + 0x33a020) (_ZN2nn2os6detail36InternalCriticalSectionImplByHorizon5LeaveEv + 0x0)
        X[18]:                   00000016e4c1ec38
        X[19]:                   0000004a15538778 (ssbu-online-deluxe + 0x12778) (main_menu_init + 0x0)
        X[20]:                   0000004a15684168
        X[21]:                   0000000000000000
        X[22]:                   0000000000000000
        X[23]:                   0000001d40cf0450
        X[24]:                   0000000000000000
        X[25]:                   0000000000000000
        X[26]:                   0000000000000000
        X[27]:                   0000000000000000
        X[28]:                   0000000000000000
        FP:                      0000005c8c817fb0
        LR:                      0000004a15543014 (ssbu-online-deluxe + 0x1d014) (main + 0x708)
        SP:                      0000005c8c817ba0
        PC:                      0000000000000000
    Stack Trace:
        ReturnAddress[00]:       00000016e44b6984 (nnSdk + 0x338984)
        ReturnAddress[01]:       0000000000000000
    Stack Dump:                               00 01 02 03 04 05 06 07 08 09 0a 0b 0c 0d 0e 0f
                                 005c8c817ba0 60 0f d8 41 1d 00 00 00 00 00 00 00 1d 00 00 00
                                 005c8c817bb0 90 7c 81 8c 00 00 00 00 d8 27 00 08 00 00 00 00
                                 005c8c817bc0 00 00 00 00 00 00 00 00 d8 27 00 08 00 00 00 00
                                 005c8c817bd0 00 00 00 00 00 00 00 00 00 00 00 00 00 00 00 00
                                 005c8c817be0 00 00 00 00 00 00 00 00 00 00 00 00 00 00 00 00
                                 005c8c817bf0 00 00 00 00 00 00 00 00 d0 ff ff ff 80 ff ff ff
                                 005c8c817c00 90 7c 81 8c 5c 00 00 00 90 7c 81 8c 5c 00 00 00
                                 005c8c817c10 f5 fa f5 fd f6 fe ff ff ff ff fe fe ff f8 ff ff
                                 005c8c817c20 00 00 00 00 00 00 00 00 9f a9 d6 a6 95 88 95 99
                                 005c8c817c30 00 00 00 00 00 00 00 00 00 00 00 00 00 00 00 00
                                 005c8c817c40 54 77 16 e4 16 00 00 00 00 00 00 00 00 00 00 00
                                 005c8c817c50 00 00 00 00 00 00 00 00 00 00 00 00 00 00 00 00
                                 005c8c817c60 00 00 00 00 00 00 00 00 00 00 00 00 00 00 00 00
                                 005c8c817c70 00 00 00 00 00 00 00 00 fc 0b 95 40 1d 00 00 00
                                 005c8c817c80 00 e0 58 42 1d 00 00 00 00 00 72 40 1d 00 00 00
                                 005c8c817c90 6c 05 16 e4 16 00 00 00 00 00 c2 41 1d 00 00 00
    TLS Address:                 000000709aeff800
    TLS Dump:                                 00 01 02 03 04 05 06 07 08 09 0a 0b 0c 0d 0e 0f
                                 00709aeff800 04 00 00 00 20 00 00 00 00 00 00 00 00 00 00 00
                                 00709aeff810 53 46 43 4f 00 00 00 00 00 00 00 00 00 00 00 00
                                 00709aeff820 04 00 00 00 01 01 01 01 01 01 02 00 00 00 00 00
                                 00709aeff830 00 e0 16 00 80 6a 00 01 00 e0 16 00 80 6a 00 01
                                 00709aeff840 fa 00 00 00 00 00 00 00 20 03 00 00 c9 04 00 00
                                 00709aeff850 d3 03 00 00 00 c2 f4 48 00 40 77 1b 00 10 5e 5f
                                 00709aeff860 72 75 6e 74 69 6d 65 00 00 00 00 00 00 00 00 00
                                 00709aeff870 00 00 00 00 00 00 00 00 00 00 00 00 00 00 00 00
                                 00709aeff880 00 00 00 00 00 00 00 00 00 00 00 00 00 00 00 00
                                 00709aeff890 00 00 00 00 00 00 00 00 00 00 00 00 00 00 00 00
                                 00709aeff8a0 00 00 00 00 00 00 00 00 00 00 00 00 00 00 00 00
                                 00709aeff8b0 00 00 00 00 00 00 00 00 00 00 00 00 00 00 00 00
                                 00709aeff8c0 00 00 00 00 00 00 00 00 00 00 00 00 00 00 00 00
                                 00709aeff8d0 00 00 00 00 00 00 00 00 00 00 00 00 00 00 00 00
                                 00709aeff8e0 00 00 00 00 00 00 00 00 00 00 00 00 00 00 00 00
                                 00709aeff8f0 00 00 00 00 00 00 00 00 00 00 00 00 00 00 00 00
Module Info:
    Number of Modules:           08
    Module 00:
        Address:                 0000004a15526000-0000004a15637000
        Name:                    ssbu-online-deluxe
        Module Id:               0000000000000000000000000000000000000000000000000000000000000000
    Module 01:
        Address:                 00000016dc5dc000-00000016dc600000
        Name:                    [00000000]
        Module Id:               0000000000000000000000000000000000000000000000000000000000000000
    Module 02:
        Address:                 00000016dc600000-00000016dc602000
        Name:                    nnrtld
        Module Id:               285183CAC95179371CC22CEC3723F882E1589659000000000000000000000000
    Module 03:
        Address:                 00000016dc604000-00000016dffcc000
        Name:                    cross2_Release.nss
        Module Id:               3EAE0063B12FD81E99FB5980BA56297049EA94F9000000000000000000000000
    Module 04:
        Address:                 00000016e3a4b000-00000016e3db8000
        Name:                    multimedia
        Module Id:               60C6EDBBFCEBD4176CC301D5D9CB5A6F094F9360000000000000000000000000
    Module 05:
        Address:                 00000016e4160000-00000016e4171000
        Name:                    Skyline
        Module Id:               84F953E76E1E2E976B0C1540F615449D25DA5BF3000000000000000000000000
    Module 06:
        Address:                 00000016e417e000-00000016e46bf000
        Name:                    nnSdk
        Module Id:               5FD4F531C1195E9E5510C9E73F22CD39612839F8000000000000000000000000
    Module 07:
        Address:                 0000000b669b1000-0000000b66b2d000
        Name:                    arcropolis
        Module Id:               0000000000000000000000000000000000000000000000000000000000000000
Thread Report:
Number of Threads:               08
Threads[00]:
    Thread ID:                   00000000000002e9
    Thread Name:                 MainThread
    Stack Region:                0000005cafdba000-0000005cafeba000
    Registers:
        X[00]:                   0000001d402f003c
        X[01]:                   0000001d402f0040
        X[02]:                   00000000000081ff
        X[03]:                   ffffffffffffffff
        X[04]:                   0000000000000000
        X[05]:                   0000000000000000
        X[06]:                   0000000000000000
        X[07]:                   0000000000000000
        X[08]:                   0000000000000000
        X[09]:                   0000000000000000
        X[10]:                   0000000000000000
        X[11]:                   0000000000000000
        X[12]:                   0000000000000000
        X[13]:                   0000000000000000
        X[14]:                   0000000000000000
        X[15]:                   0000000000000000
        X[16]:                   0000000000000000
        X[17]:                   0000000000000000
        X[18]:                   0000000000000000
        X[19]:                   0000000000000000
        X[20]:                   0000000000000000
        X[21]:                   0000000000000000
        X[22]:                   0000000000000000
        X[23]:                   0000000000000000
        X[24]:                   0000000000000000
        X[25]:                   0000000000000000
        X[26]:                   0000000000000000
        X[27]:                   0000000000000000
        X[28]:                   0000000000000000
        FP:                      0000005cafeb7ca0
        LR:                      00000016e44b7998 (nnSdk + 0x339998) (_ZN2nn2os6detail38InternalConditionVariableImplByHorizon4WaitEPNS1_23InternalCriticalSectionE + 0x48)
        SP:                      0000005cafeb7c80
        PC:                      00000016e450792c (nnSdk + 0x38992c)
    Stack Trace:
        ReturnAddress[00]:       00000016e44ac898 (nnSdk + 0x32e898) (_ZN2nn2os9WaitEventEPNS0_9EventTypeE + 0x48)
        ReturnAddress[01]:       00000016e4160618 (Skyline + 0x618)
        ReturnAddress[02]:       00000016dfd45cfc (cross2_Release.nss + 0x3741cfc)
        ReturnAddress[03]:       00000016dc8c9968 (cross2_Release.nss + 0x2c5968) (nnMain + 0x348)
        ReturnAddress[04]:       00000016e441ba2c (nnSdk + 0x29da2c) (_ZN2nn4init5StartEmmPFvvES2_ + 0x4c)
        ReturnAddress[05]:       00000016dc6000c0 (nnrtld + 0xc0)
    Stack Dump:                               00 01 02 03 04 05 06 07 08 09 0a 0b 0c 0d 0e 0f
                                 005cafeb7c80 40 00 2f 40 1d 00 00 00 00 00 00 00 00 00 00 00
                                 005cafeb7c90 20 00 2f 40 1d 00 00 00 3c 00 2f 40 1d 00 00 00
                                 005cafeb7ca0 d0 7c eb af 5c 00 00 00 98 c8 4a e4 16 00 00 00
                                 005cafeb7cb0 f8 05 00 00 00 00 00 00 49 7f eb af 5c 00 00 00
                                 005cafeb7cc0 80 0a 72 40 1d 00 00 00 00 0a 95 40 1d 00 00 00
                                 005cafeb7cd0 c0 83 eb af 5c 00 00 00 18 06 16 e4 16 00 00 00
                                 005cafeb7ce0 40 24 16 e4 16 00 00 00 30 7f eb af 5c 00 00 00
                                 005cafeb7cf0 10 81 bb 40 1d 00 00 00 90 7e eb af 5c 00 00 00
                                 005cafeb7d00 38 7d eb af 5c 00 00 00 a8 7e eb af 5c 00 00 00
                                 005cafeb7d10 30 13 16 e4 16 00 00 00 00 0a 95 40 1d 00 00 00
                                 005cafeb7d20 dc 1e 16 e4 16 00 00 00 a8 7e eb af 5c 00 00 00
                                 005cafeb7d30 a8 7e eb af 5c 00 00 00 70 7d eb af 01 00 00 00
                                 005cafeb7d40 30 13 16 e4 16 00 00 00 a8 7e eb af 5c 00 00 00
                                 005cafeb7d50 38 18 16 e4 16 00 00 00 60 7e eb af 5c 00 00 00
                                 005cafeb7d60 9f 7d eb af 5c 00 00 00 a8 7e eb af 5c 00 00 00
                                 005cafeb7d70 a8 7e eb af 5c 00 00 00 a8 7e eb af 5c 00 00 00
    TLS Address:                 000000709aeff200
    TLS Dump:                                 00 01 02 03 04 05 06 07 08 09 0a 0b 0c 0d 0e 0f
                                 00709aeff200 00 00 00 00 0c 00 00 00 00 00 00 00 00 00 00 00
                                 00709aeff210 00 00 00 00 00 00 00 00 00 00 00 00 00 00 00 00
                                 00709aeff220 53 46 43 4f 00 00 00 00 00 00 00 00 eb ca d2 c4
                                 00709aeff230 d0 04 00 00 00 00 00 00 00 00 00 00 00 00 00 00
                                 00709aeff240 74 f7 8b 19 04 00 00 00 d0 04 00 00 00 00 00 00
                                 00709aeff250 00 00 00 00 00 00 00 00 00 00 00 00 00 00 00 00
                                 00709aeff260 00 00 00 00 00 00 00 00 00 00 00 00 00 00 00 00
                                 00709aeff270 00 00 00 00 00 00 00 00 00 00 00 00 00 00 00 00
                                 00709aeff280 00 00 00 00 00 00 00 00 00 00 00 00 00 00 00 00
                                 00709aeff290 00 00 00 00 00 00 00 00 00 00 00 00 00 00 00 00
                                 00709aeff2a0 00 00 00 00 00 00 00 00 00 00 00 00 00 00 00 00
                                 00709aeff2b0 00 00 00 00 00 00 00 00 00 00 00 00 00 00 00 00
                                 00709aeff2c0 00 00 00 00 00 00 00 00 00 00 00 00 00 00 00 00
                                 00709aeff2d0 00 00 00 00 00 00 00 00 00 00 00 00 00 00 00 00
                                 00709aeff2e0 00 00 00 00 00 00 00 00 00 00 00 00 00 00 00 00
                                 00709aeff2f0 00 00 00 00 00 00 00 00 00 00 00 00 00 00 00 00
Threads[01]:
    Thread ID:                   00000000000002ea
    Thread Name:                 NxSystemThread
    Stack Region:                0000005c9fb80000-0000005c9fb81000
    Registers:
        X[00]:                   0000005c9fb80b5c
        X[01]:                   0000005c9fb80d74
        X[02]:                   0000000000000001
        X[03]:                   ffffffffffffffff
        X[04]:                   ffffffffffffffff
        X[05]:                   0000000000000000
        X[06]:                   0000000000000000
        X[07]:                   0000000000000000
        X[08]:                   0000000000000000
        X[09]:                   0000000000000000
        X[10]:                   0000000000000000
        X[11]:                   0000000000000000
        X[12]:                   0000000000000000
        X[13]:                   0000000000000000
        X[14]:                   0000000000000000
        X[15]:                   0000000000000000
        X[16]:                   0000000000000000
        X[17]:                   0000000000000000
        X[18]:                   0000000000000000
        X[19]:                   0000000000000000
        X[20]:                   0000000000000000
        X[21]:                   0000000000000000
        X[22]:                   0000000000000000
        X[23]:                   0000000000000000
        X[24]:                   0000000000000000
        X[25]:                   0000000000000000
        X[26]:                   0000000000000000
        X[27]:                   0000000000000000
        X[28]:                   0000000000000000
        FP:                      0000005c9fb80b60
        LR:                      00000016e44b6464 (nnSdk + 0x338464) (_ZN2nn2os6detail22MultiWaitImplByHorizon20WaitSynchronizationNEiPjil + 0x24)
        SP:                      0000005c9fb80b40
        PC:                      00000016e4507900 (nnSdk + 0x389900)
    Stack Trace:
        ReturnAddress[00]:       00000016e44b3c48 (nnSdk + 0x335c48) (_ZN2nn2os6detail13MultiWaitImpl19InternalWaitAnyImplEbNS_8TimeSpanE + 0x138)
        ReturnAddress[01]:       00000016e44b3e78 (nnSdk + 0x335e78) (_ZN2nn2os6detail13MultiWaitImpl11WaitAnyImplEbNS_8TimeSpanE + 0xa8)
        ReturnAddress[02]:       00000016e44b05f4 (nnSdk + 0x3325f4)
        ReturnAddress[03]:       00000016e44b055c (nnSdk + 0x33255c)
        ReturnAddress[04]:       00000016e44b054c (nnSdk + 0x33254c)
        ReturnAddress[05]:       00000016e44b24b8 (nnSdk + 0x3344b8)
        ReturnAddress[06]:       00000016e44b6984 (nnSdk + 0x338984)
        ReturnAddress[07]:       0000000000000000
    Stack Dump:                               00 01 02 03 04 05 06 07 08 09 0a 0b 0c 0d 0e 0f
                                 005c9fb80b40 5c 0b b8 9f 5c 00 00 00 00 00 00 00 00 00 00 00
                                 005c9fb80b50 7c c1 1e e0 f0 ff ff 7f d0 81 e4 e4 16 00 00 00
                                 005c9fb80b60 d0 0e b8 9f 5c 00 00 00 48 3c 4b e4 16 00 00 00
                                 005c9fb80b70 00 7c e4 e4 16 00 00 00 00 00 00 00 00 00 00 00
                                 005c9fb80b80 00 00 00 00 00 00 00 00 00 00 00 00 00 00 00 00
                                 005c9fb80b90 00 00 00 00 00 00 00 00 00 00 00 00 00 00 00 00
                                 005c9fb80ba0 00 00 00 00 00 00 00 00 00 00 00 00 00 00 00 00
                                 005c9fb80bb0 00 00 00 00 00 00 00 00 00 00 00 00 00 00 00 00
                                 005c9fb80bc0 00 00 00 00 00 00 00 00 00 00 00 00 00 00 00 00
                                 005c9fb80bd0 00 00 00 00 00 00 00 00 00 00 00 00 00 00 00 00
                                 005c9fb80be0 00 00 00 00 00 00 00 00 00 00 00 00 00 00 00 00
                                 005c9fb80bf0 00 00 00 00 00 00 00 00 00 00 00 00 00 00 00 00
                                 005c9fb80c00 00 00 00 00 00 00 00 00 00 00 00 00 00 00 00 00
                                 005c9fb80c10 00 00 00 00 00 00 00 00 00 00 00 00 00 00 00 00
                                 005c9fb80c20 00 00 00 00 00 00 00 00 00 00 00 00 00 00 00 00
                                 005c9fb80c30 00 00 00 00 00 00 00 00 00 00 00 00 00 00 00 00
    TLS Address:                 000000709aeff400
    TLS Dump:                                 00 01 02 03 04 05 06 07 08 09 0a 0b 0c 0d 0e 0f
                                 00709aeff400 00 00 00 00 00 00 00 00 00 00 00 00 00 00 00 00
                                 00709aeff410 00 00 00 00 00 00 00 00 00 00 00 00 00 00 00 00
                                 00709aeff420 00 00 00 00 00 00 00 00 00 00 00 00 00 00 00 00
                                 00709aeff430 00 00 00 00 00 00 00 00 00 00 00 00 00 00 00 00
                                 00709aeff440 00 00 00 00 00 00 00 00 00 00 00 00 00 00 00 00
                                 00709aeff450 00 00 00 00 00 00 00 00 00 00 00 00 00 00 00 00
                                 00709aeff460 00 00 00 00 00 00 00 00 00 00 00 00 00 00 00 00
                                 00709aeff470 00 00 00 00 00 00 00 00 00 00 00 00 00 00 00 00
                                 00709aeff480 00 00 00 00 00 00 00 00 00 00 00 00 00 00 00 00
                                 00709aeff490 00 00 00 00 00 00 00 00 00 00 00 00 00 00 00 00
                                 00709aeff4a0 00 00 00 00 00 00 00 00 00 00 00 00 00 00 00 00
                                 00709aeff4b0 00 00 00 00 00 00 00 00 00 00 00 00 00 00 00 00
                                 00709aeff4c0 00 00 00 00 00 00 00 00 00 00 00 00 00 00 00 00
                                 00709aeff4d0 00 00 00 00 00 00 00 00 00 00 00 00 00 00 00 00
                                 00709aeff4e0 00 00 00 00 00 00 00 00 00 00 00 00 00 00 00 00
                                 00709aeff4f0 00 00 00 00 00 00 00 00 00 00 00 00 00 00 00 00
Threads[02]:
    Thread ID:                   00000000000002eb
    Thread Name:                 <UNKNOWN>
    Stack Region:                0000005c7602d000-0000005c7606d000
    Registers:
        X[00]:                   0000005c7606cef8
        X[01]:                   0000005c7606cefc
        X[02]:                   0000000000000001
        X[03]:                   ffffffffffffffff
        X[04]:                   0000000000000000
        X[05]:                   0000000000000000
        X[06]:                   0000000000000000
        X[07]:                   0000000000000000
        X[08]:                   0000000000000000
        X[09]:                   0000000000000000
        X[10]:                   0000000000000000
        X[11]:                   0000000000000000
        X[12]:                   0000000000000000
        X[13]:                   0000000000000000
        X[14]:                   0000000000000000
        X[15]:                   0000000000000000
        X[16]:                   0000000000000000
        X[17]:                   0000000000000000
        X[18]:                   0000000000000000
        X[19]:                   0000000000000000
        X[20]:                   0000000000000000
        X[21]:                   0000000000000000
        X[22]:                   0000000000000000
        X[23]:                   0000000000000000
        X[24]:                   0000000000000000
        X[25]:                   0000000000000000
        X[26]:                   0000000000000000
        X[27]:                   0000000000000000
        X[28]:                   0000000000000000
        FP:                      0000005c7606cf10
        LR:                      00000016e44b7498 (nnSdk + 0x339498) (_ZN2nn2os6detail30InterProcessEventImplByHorizon4WaitEjb + 0x88)
        SP:                      0000005c7606cee0
        PC:                      00000016e4507900 (nnSdk + 0x389900)
    Stack Trace:
        ReturnAddress[00]:       00000016dfd5898c (cross2_Release.nss + 0x375498c)
        ReturnAddress[01]:       00000016e44b24b8 (nnSdk + 0x3344b8)
        ReturnAddress[02]:       00000016e44b6984 (nnSdk + 0x338984)
        ReturnAddress[03]:       0000000000000000
    Stack Dump:                               00 01 02 03 04 05 06 07 08 09 0a 0b 0c 0d 0e 0f
                                 005c7606cee0 f8 ce 06 76 5c 00 00 00 28 cf 06 76 5c 00 00 00
                                 005c7606cef0 10 cf 06 76 5c 00 00 00 bc a7 4a e4 f7 01 05 00
                                 005c7606cf00 06 00 00 00 00 00 00 00 f0 e4 f3 e1 16 00 00 00
                                 005c7606cf10 80 cf 06 76 5c 00 00 00 8c 89 d5 df 16 00 00 00
                                 005c7606cf20 00 00 00 00 00 00 00 00 0f 00 00 00 02 00 00 00
                                 005c7606cf30 00 00 00 00 00 00 00 00 00 00 00 00 00 00 00 00
                                 005c7606cf40 00 00 00 00 00 00 00 00 00 00 00 00 00 00 00 00
                                 005c7606cf50 00 00 00 00 00 00 00 00 00 00 00 00 00 00 00 00
                                 005c7606cf60 00 00 00 00 00 00 00 00 bc 09 95 40 1d 00 00 00
                                 005c7606cf70 b8 09 95 40 1d 00 00 00 10 08 95 40 1d 00 00 00
                                 005c7606cf80 b0 cf 06 76 5c 00 00 00 b8 24 4b e4 16 00 00 00
                                 005c7606cf90 00 00 00 00 00 00 00 00 00 00 00 00 00 00 00 00
                                 005c7606cfa0 00 00 00 00 00 00 00 00 10 08 95 40 1d 00 00 00
                                 005c7606cfb0 d0 cf 06 76 5c 00 00 00 84 69 4b e4 16 00 00 00
                                 005c7606cfc0 00 00 00 00 00 00 00 00 00 00 00 00 00 00 00 00
                                 005c7606cfd0 00 00 00 00 00 00 00 00 00 00 00 00 00 00 00 00
    TLS Address:                 000000709aeff600
    TLS Dump:                                 00 01 02 03 04 05 06 07 08 09 0a 0b 0c 0d 0e 0f
                                 00709aeff600 00 00 00 00 0d 00 00 00 00 00 00 00 00 00 00 00
                                 00709aeff610 00 00 00 00 00 00 00 00 00 00 00 00 00 00 00 00
                                 00709aeff620 53 46 43 4f 00 00 00 00 00 00 00 00 77 7d f2 32
                                 00709aeff630 00 00 00 00 00 00 00 00 00 00 00 00 00 00 00 00
                                 00709aeff640 00 00 00 00 00 00 00 00 00 00 00 00 00 00 00 00
                                 00709aeff650 00 00 00 00 00 00 00 00 00 00 00 00 00 00 00 00
                                 00709aeff660 00 00 00 00 00 00 00 00 00 00 00 00 00 00 00 00
                                 00709aeff670 00 00 00 00 00 00 00 00 00 00 00 00 00 00 00 00
                                 00709aeff680 00 00 00 00 00 00 00 00 00 00 00 00 00 00 00 00
                                 00709aeff690 00 00 00 00 00 00 00 00 00 00 00 00 00 00 00 00
                                 00709aeff6a0 00 00 00 00 00 00 00 00 00 00 00 00 00 00 00 00
                                 00709aeff6b0 00 00 00 00 00 00 00 00 00 00 00 00 00 00 00 00
                                 00709aeff6c0 00 00 00 00 00 00 00 00 00 00 00 00 00 00 00 00
                                 00709aeff6d0 00 00 00 00 00 00 00 00 00 00 00 00 00 00 00 00
                                 00709aeff6e0 00 00 00 00 00 00 00 00 00 00 00 00 00 00 00 00
                                 00709aeff6f0 00 00 00 00 00 00 00 00 00 00 00 00 00 00 00 00
Threads[03]:
    Thread ID:                   00000000000002ed
    Thread Name:                 Thread_0x00000016E416BDAC
    Stack Region:                0000005c8c808000-0000005c8c818000
    Registers:
        X[00]:                   0000005c8c817b88
        X[01]:                   0000005c8c817b28
        X[02]:                   0000004a1567bb50
        X[03]:                   0000000000000000
        X[04]:                   0000000000000000
        X[05]:                   0000000000000000
        X[06]:                   0000000000000000
        X[07]:                   0000000000000000
        X[08]:                   0000000000000000
        X[09]:                   0000000000000000
        X[10]:                   0000000000000000
        X[11]:                   0000000000084c29
        X[12]:                   0000000000000000
        X[13]:                   0000000000000000
        X[14]:                   0000000000000000
        X[15]:                   0000000000000000
        X[16]:                   0000000000000000
        X[17]:                   00000016e44b8020 (nnSdk + 0x33a020) (_ZN2nn2os6detail36InternalCriticalSectionImplByHorizon5LeaveEv + 0x0)
        X[18]:                   00000016e4c1ec38
        X[19]:                   0000004a15538778 (ssbu-online-deluxe + 0x12778) (main_menu_init + 0x0)
        X[20]:                   0000004a15684168
        X[21]:                   0000000000000000
        X[22]:                   0000000000000000
        X[23]:                   0000001d40cf0450
        X[24]:                   0000000000000000
        X[25]:                   0000000000000000
        X[26]:                   0000000000000000
        X[27]:                   0000000000000000
        X[28]:                   0000000000000000
        FP:                      0000005c8c817fb0
        LR:                      0000004a15543014 (ssbu-online-deluxe + 0x1d014) (main + 0x708)
        SP:                      0000005c8c817ba0
        PC:                      0000000000000000
    Stack Trace:
        ReturnAddress[00]:       00000016e44b6984 (nnSdk + 0x338984)
        ReturnAddress[01]:       0000000000000000
    Stack Dump:                               00 01 02 03 04 05 06 07 08 09 0a 0b 0c 0d 0e 0f
                                 005c8c817ba0 60 0f d8 41 1d 00 00 00 00 00 00 00 1d 00 00 00
                                 005c8c817bb0 90 7c 81 8c 00 00 00 00 d8 27 00 08 00 00 00 00
                                 005c8c817bc0 00 00 00 00 00 00 00 00 d8 27 00 08 00 00 00 00
                                 005c8c817bd0 00 00 00 00 00 00 00 00 00 00 00 00 00 00 00 00
                                 005c8c817be0 00 00 00 00 00 00 00 00 00 00 00 00 00 00 00 00
                                 005c8c817bf0 00 00 00 00 00 00 00 00 d0 ff ff ff 80 ff ff ff
                                 005c8c817c00 90 7c 81 8c 5c 00 00 00 90 7c 81 8c 5c 00 00 00
                                 005c8c817c10 f5 fa f5 fd f6 fe ff ff ff ff fe fe ff f8 ff ff
                                 005c8c817c20 00 00 00 00 00 00 00 00 9f a9 d6 a6 95 88 95 99
                                 005c8c817c30 00 00 00 00 00 00 00 00 00 00 00 00 00 00 00 00
                                 005c8c817c40 54 77 16 e4 16 00 00 00 00 00 00 00 00 00 00 00
                                 005c8c817c50 00 00 00 00 00 00 00 00 00 00 00 00 00 00 00 00
                                 005c8c817c60 00 00 00 00 00 00 00 00 00 00 00 00 00 00 00 00
                                 005c8c817c70 00 00 00 00 00 00 00 00 fc 0b 95 40 1d 00 00 00
                                 005c8c817c80 00 e0 58 42 1d 00 00 00 00 00 72 40 1d 00 00 00
                                 005c8c817c90 6c 05 16 e4 16 00 00 00 00 00 c2 41 1d 00 00 00
    TLS Address:                 000000709aeff800
    TLS Dump:                                 00 01 02 03 04 05 06 07 08 09 0a 0b 0c 0d 0e 0f
                                 00709aeff800 04 00 00 00 20 00 00 00 00 00 00 00 00 00 00 00
                                 00709aeff810 53 46 43 4f 00 00 00 00 00 00 00 00 00 00 00 00
                                 00709aeff820 04 00 00 00 01 01 01 01 01 01 02 00 00 00 00 00
                                 00709aeff830 00 e0 16 00 80 6a 00 01 00 e0 16 00 80 6a 00 01
                                 00709aeff840 fa 00 00 00 00 00 00 00 20 03 00 00 c9 04 00 00
                                 00709aeff850 d3 03 00 00 00 c2 f4 48 00 40 77 1b 00 10 5e 5f
                                 00709aeff860 72 75 6e 74 69 6d 65 00 00 00 00 00 00 00 00 00
                                 00709aeff870 00 00 00 00 00 00 00 00 00 00 00 00 00 00 00 00
                                 00709aeff880 00 00 00 00 00 00 00 00 00 00 00 00 00 00 00 00
                                 00709aeff890 00 00 00 00 00 00 00 00 00 00 00 00 00 00 00 00
                                 00709aeff8a0 00 00 00 00 00 00 00 00 00 00 00 00 00 00 00 00
                                 00709aeff8b0 00 00 00 00 00 00 00 00 00 00 00 00 00 00 00 00
                                 00709aeff8c0 00 00 00 00 00 00 00 00 00 00 00 00 00 00 00 00
                                 00709aeff8d0 00 00 00 00 00 00 00 00 00 00 00 00 00 00 00 00
                                 00709aeff8e0 00 00 00 00 00 00 00 00 00 00 00 00 00 00 00 00
                                 00709aeff8f0 00 00 00 00 00 00 00 00 00 00 00 00 00 00 00 00
Threads[04]:
    Thread ID:                   00000000000002ee
    Thread Name:                 Thread_0x00000016E41665D8
    Stack Region:                0000005c56679000-0000005c5667c000
    Registers:
        X[00]:                   00000000001501dc
        X[01]:                   000000709aeffa00
        X[02]:                   00000000001501dc
        X[03]:                   0000005c5667be60
        X[04]:                   0000000000001000
        X[05]:                   0000000000000013
        X[06]:                   000000709aeffa00
        X[07]:                   0000000000000001
        X[08]:                   0000000000000000
        X[09]:                   0000000000000000
        X[10]:                   0000000000000000
        X[11]:                   0000000000000000
        X[12]:                   0000000000000000
        X[13]:                   0000000000000000
        X[14]:                   0000000000000000
        X[15]:                   0000000000000000
        X[16]:                   0000000000000000
        X[17]:                   0000000000000000
        X[18]:                   0000000000000000
        X[19]:                   0000000000000000
        X[20]:                   0000000000000000
        X[21]:                   0000000000000000
        X[22]:                   0000000000000000
        X[23]:                   0000000000000000
        X[24]:                   0000000000000000
        X[25]:                   0000000000000000
        X[26]:                   0000000000000000
        X[27]:                   0000000000000000
        X[28]:                   0000000000000000
        FP:                      0000005c5667bdd0
        LR:                      00000016e44e5684 (nnSdk + 0x367684) (_ZN2nn2sf4hipc15SendSyncRequestENS_3svc6HandleEPvm + 0x34)
        SP:                      0000005c5667bdd0
        PC:                      00000016e4507954 (nnSdk + 0x389954)
    Stack Trace:
        ReturnAddress[00]:       00000016e44f9e80 (nnSdk + 0x37be80) (_ZN2nn2sf4cmif6client34CmifDomainProxyClientCoreProcessorINS0_4hipc6client38Hipc2ClientSessionManagedProxyKindBaseINS5_18Hipc2P + 0x150)
        ReturnAddress[01]:       00000016e44f8304 (nnSdk + 0x37a304)
        ReturnAddress[02]:       00000016e44efa24 (nnSdk + 0x371a24) (_ZN2nn6socket6detail6AcceptEiP8sockaddrPj + 0xa4)
        ReturnAddress[03]:       00000016e41666bc (Skyline + 0x66bc)
        ReturnAddress[04]:       00000016e44b6984 (nnSdk + 0x338984)
        ReturnAddress[05]:       0000000000000000
    Stack Dump:                               00 01 02 03 04 05 06 07 08 09 0a 0b 0c 0d 0e 0f
                                 005c5667bdd0 e0 be 67 56 5c 00 00 00 80 9e 4f e4 16 00 00 00
                                 005c5667bde0 00 00 00 00 00 00 00 00 20 bf 67 56 5c 00 00 00
                                 005c5667bdf0 1c bf 67 56 5c 00 00 00 01 00 00 00 00 00 00 01
                                 005c5667be00 0e 0c 00 00 00 00 00 00 00 00 00 00 00 00 00 00
                                 005c5667be10 00 00 00 00 00 00 00 00 00 00 00 00 02 00 00 00
                                 005c5667be20 00 00 00 00 05 00 00 00 13 00 00 00 15 00 00 00
                                 005c5667be30 00 00 00 00 00 00 00 00 00 00 00 00 00 00 00 00
                                 005c5667be40 00 00 00 00 00 00 00 00 00 00 00 00 00 00 00 00
                                 005c5667be50 00 00 00 00 00 00 00 00 00 00 00 00 00 00 00 00
                                 005c5667be60 22 00 00 00 00 00 00 00 70 bf 67 56 5c 00 00 00
                                 005c5667be70 00 00 00 00 00 00 00 00 f8 bd 67 56 5c 00 00 00
                                 005c5667be80 00 fa ef 9a 70 00 00 00 00 00 00 00 00 00 00 00
                                 005c5667be90 00 00 00 00 00 00 00 00 00 00 00 00 00 00 00 00
                                 005c5667bea0 00 00 00 00 00 00 00 00 00 00 00 00 00 00 00 00
                                 005c5667beb0 00 00 00 00 00 00 00 00 00 00 00 00 00 00 00 00
                                 005c5667bec0 00 00 00 00 00 00 00 00 ac 01 d5 40 1d 00 00 00
    TLS Address:                 000000709aeffa00
    TLS Dump:                                 00 01 02 03 04 05 06 07 08 09 0a 0b 0c 0d 0e 0f
                                 00709aeffa00 06 00 00 01 0e 0c 00 00 00 00 00 00 00 00 00 00
                                 00709aeffa10 00 00 00 00 00 00 00 00 00 00 00 00 00 00 00 00
                                 00709aeffa20 01 00 14 00 01 00 00 00 00 00 00 00 00 00 00 00
                                 00709aeffa30 53 46 43 49 01 00 00 00 0c 00 00 00 00 00 00 00
                                 00709aeffa40 00 00 00 00 ff ff 00 00 00 00 00 00 70 bf 67 56
                                 00709aeffa50 5c 00 00 00 00 00 00 00 00 00 00 00 00 00 00 00
                                 00709aeffa60 00 00 00 00 00 00 00 00 00 00 00 00 00 00 00 00
                                 00709aeffa70 00 00 00 00 00 00 00 00 00 00 00 00 00 00 00 00
                                 00709aeffa80 00 00 00 00 00 00 00 00 00 00 00 00 00 00 00 00
                                 00709aeffa90 00 00 00 00 00 00 00 00 00 00 00 00 00 00 00 00
                                 00709aeffaa0 00 00 00 00 00 00 00 00 00 00 00 00 00 00 00 00
                                 00709aeffab0 00 00 00 00 00 00 00 00 00 00 00 00 00 00 00 00
                                 00709aeffac0 00 00 00 00 00 00 00 00 00 00 00 00 00 00 00 00
                                 00709aeffad0 00 00 00 00 00 00 00 00 00 00 00 00 00 00 00 00
                                 00709aeffae0 00 00 00 00 00 00 00 00 00 00 00 00 00 00 00 00
                                 00709aeffaf0 00 00 00 00 00 00 00 00 00 00 00 00 00 00 00 00
Threads[05]:
    Thread ID:                   00000000000002ef
    Thread Name:                 Thread_0x00000016E4164E5C
    Stack Region:                0000005c6443b000-0000005c6443e000
    Registers:
        X[00]:                   00000000001481dd
        X[01]:                   000000709aeffc00
        X[02]:                   00000000001481dd
        X[03]:                   0000005c6443de00
        X[04]:                   0000000000000f90
        X[05]:                   0000000000000000
        X[06]:                   000000709aeffc00
        X[07]:                   0000005c6443dd08
        X[08]:                   0000000000000000
        X[09]:                   0000000000000000
        X[10]:                   0000000000000000
        X[11]:                   0000000000000000
        X[12]:                   0000000000000000
        X[13]:                   0000000000000000
        X[14]:                   0000000000000000
        X[15]:                   0000000000000000
        X[16]:                   0000000000000000
        X[17]:                   0000000000000000
        X[18]:                   0000000000000000
        X[19]:                   0000000000000000
        X[20]:                   0000000000000000
        X[21]:                   0000000000000000
        X[22]:                   0000000000000000
        X[23]:                   0000000000000000
        X[24]:                   0000000000000000
        X[25]:                   0000000000000000
        X[26]:                   0000000000000000
        X[27]:                   0000000000000000
        X[28]:                   0000000000000000
        FP:                      0000005c6443dd70
        LR:                      00000016e44e5684 (nnSdk + 0x367684) (_ZN2nn2sf4hipc15SendSyncRequestENS_3svc6HandleEPvm + 0x34)
        SP:                      0000005c6443dd70
        PC:                      00000016e4507954 (nnSdk + 0x389954)
    Stack Trace:
        ReturnAddress[00]:       00000016e44f9a30 (nnSdk + 0x37ba30) (_ZN2nn2sf4cmif6client34CmifDomainProxyClientCoreProcessorINS0_4hipc6client38Hipc2ClientSessionManagedProxyKindBaseINS5_18Hipc2P + 0x150)
        ReturnAddress[01]:       00000016e44f8278 (nnSdk + 0x37a278)
        ReturnAddress[02]:       00000016e44eec2c (nnSdk + 0x370c2c) (_ZN2nn6socket6detail4SendEiPKvmi + 0xac)
        ReturnAddress[03]:       00000016e4166990 (Skyline + 0x6990)
        ReturnAddress[04]:       00000016e44b6984 (nnSdk + 0x338984)
        ReturnAddress[05]:       0000000000000000
    Stack Dump:                               00 01 02 03 04 05 06 07 08 09 0a 0b 0c 0d 0e 0f
                                 005c6443dd70 80 de 43 64 5c 00 00 00 30 9a 4f e4 16 00 00 00
                                 005c6443dd80 d8 41 00 00 00 00 00 00 b4 de 43 64 5c 00 00 00
                                 005c6443dd90 b0 de 43 64 5c 00 00 00 01 00 00 00 00 00 11 00
                                 005c6443dda0 0e 00 00 00 00 00 00 00 00 00 00 00 00 00 00 00
                                 005c6443ddb0 00 00 00 00 02 00 00 00 04 00 00 00 00 00 00 00
                                 005c6443ddc0 00 00 00 00 07 00 00 00 00 00 00 00 15 00 00 00
                                 005c6443ddd0 00 de 43 64 06 00 00 00 00 0c d8 41 1d 00 00 00
                                 005c6443dde0 c8 39 28 40 1d 00 00 00 08 38 28 40 1d 00 00 00
                                 005c6443ddf0 40 de 43 64 5c 00 00 00 0c f6 f2 df 16 00 00 00
                                 005c6443de00 21 00 00 00 01 00 00 00 50 01 ac 42 1d 00 00 00
                                 005c6443de10 62 00 00 00 00 00 00 00 98 dd 43 64 5c 00 00 00
                                 005c6443de20 00 fc ef 9a 70 00 00 00 c8 39 28 40 1d 00 00 00
                                 005c6443de30 00 00 00 00 00 00 00 00 00 00 00 00 00 00 00 00
                                 005c6443de40 00 00 00 00 00 00 00 00 00 00 00 00 00 00 00 00
                                 005c6443de50 00 00 00 00 00 00 00 00 00 00 00 00 00 00 00 00
                                 005c6443de60 00 00 00 00 00 00 00 00 6c 03 d5 40 1d 00 00 00
    TLS Address:                 000000709aeffc00
    TLS Dump:                                 00 01 02 03 04 05 06 07 08 09 0a 0b 0c 0d 0e 0f
                                 00709aeffc00 00 00 00 00 0e 08 e0 03 00 00 00 00 00 00 00 00
                                 00709aeffc10 00 00 00 00 00 00 00 00 00 00 00 00 00 00 00 00
                                 00709aeffc20 53 46 43 4f 00 00 00 00 00 00 00 00 91 ab e3 ac
                                 00709aeffc30 ff ff ff ff 6b 00 00 00 00 00 00 00 00 00 00 00
                                 00709aeffc40 00 00 00 00 00 00 00 00 00 00 00 00 00 00 00 00
                                 00709aeffc50 00 00 00 00 00 00 00 00 00 00 00 00 00 00 00 00
                                 00709aeffc60 00 00 00 00 00 00 00 00 00 00 00 00 00 00 00 00
                                 00709aeffc70 00 00 00 00 00 00 00 00 00 00 00 00 00 00 00 00
                                 00709aeffc80 00 00 00 00 00 00 00 00 00 00 00 00 00 00 00 00
                                 00709aeffc90 00 00 00 00 00 00 00 00 00 00 00 00 00 00 00 00
                                 00709aeffca0 00 00 00 00 00 00 00 00 00 00 00 00 00 00 00 00
                                 00709aeffcb0 00 00 00 00 00 00 00 00 00 00 00 00 00 00 00 00
                                 00709aeffcc0 00 00 00 00 00 00 00 00 00 00 00 00 00 00 00 00
                                 00709aeffcd0 00 00 00 00 00 00 00 00 00 00 00 00 00 00 00 00
                                 00709aeffce0 00 00 00 00 00 00 00 00 00 00 00 00 00 00 00 00
                                 00709aeffcf0 00 00 00 00 00 00 00 00 00 00 00 00 00 00 00 00
Threads[06]:
    Thread ID:                   00000000000002f2
    Thread Name:                 Thread_0x00000016E4697670
    Stack Region:                0000005c62729000-0000005c62929000
    Registers:
        X[00]:                   0000000001312d00
        X[01]:                   0000000001312d00
        X[02]:                   0000000000000004
        X[03]:                   0000000000000000
        X[04]:                   0000000000000000
        X[05]:                   0000000000000000
        X[06]:                   0000000000000000
        X[07]:                   0000000000000000
        X[08]:                   0000000000000000
        X[09]:                   0000000000000000
        X[10]:                   0000000000000000
        X[11]:                   0000000000000000
        X[12]:                   0000000000000000
        X[13]:                   0000000000000000
        X[14]:                   0000000000000000
        X[15]:                   0000000000000000
        X[16]:                   0000000000000000
        X[17]:                   0000000000000000
        X[18]:                   0000000000000000
        X[19]:                   0000000000000000
        X[20]:                   0000000000000000
        X[21]:                   0000000000000000
        X[22]:                   0000000000000000
        X[23]:                   0000000000000000
        X[24]:                   0000000000000000
        X[25]:                   0000000000000000
        X[26]:                   0000000000000000
        X[27]:                   0000000000000000
        X[28]:                   0000000000000000
        FP:                      0000005c62928e90
        LR:                      0000000b669d6a68 (arcropolis + 0x25a68)
        SP:                      0000005c62928e90
        PC:                      00000016e450785c (nnSdk + 0x38985c)
    Stack Trace:
        ReturnAddress[00]:       0000000b66bc9098
        ReturnAddress[01]:       0000000000000008
    Stack Dump:                               00 01 02 03 04 05 06 07 08 09 0a 0b 0c 0d 0e 0f
                                 005c62928e90 a0 90 bc 66 0b 00 00 00 98 90 bc 66 0b 00 00 00
                                 005c62928ea0 04 00 00 00 00 00 00 00 04 00 00 00 00 00 00 00
                                 005c62928eb0 00 00 00 00 00 00 00 00 04 00 00 00 00 00 00 00
                                 005c62928ec0 80 8f 92 62 5c 00 00 00 74 4f a2 66 0b 00 00 00
                                 005c62928ed0 00 00 00 00 00 00 00 00 00 00 00 00 00 00 00 00
                                 005c62928ee0 00 00 00 00 00 00 00 00 00 00 00 00 00 00 00 00
                                 005c62928ef0 00 00 00 00 00 00 00 00 00 00 00 00 00 00 00 00
                                 005c62928f00 00 00 00 00 00 00 00 00 30 a4 bc 66 0b 00 00 00
                                 005c62928f10 e0 00 ac 42 1d 00 00 00 80 00 dd 40 1d 00 00 00
                                 005c62928f20 00 00 00 00 00 00 00 00 00 00 00 00 00 00 00 00
                                 005c62928f30 0c 5f af 66 0b 00 00 00 00 00 00 00 00 00 00 00
                                 005c62928f40 80 00 dd 40 1d 00 00 00 20 00 8e 42 1d 00 00 00
                                 005c62928f50 d0 76 69 e4 16 00 00 00 ac 01 d0 44 1d 00 00 00
                                 005c62928f60 78 1e da e4 16 00 00 00 c0 01 d0 44 1d 00 00 00
                                 005c62928f70 a8 01 d0 44 1d 00 00 00 00 00 d0 44 1d 00 00 00
                                 005c62928f80 b0 8f 92 62 5c 00 00 00 b8 24 4b e4 16 00 00 00
    TLS Address:                 00000071184d8000
    TLS Dump:                                 00 01 02 03 04 05 06 07 08 09 0a 0b 0c 0d 0e 0f
                                 0071184d8000 00 00 00 00 00 00 00 00 00 00 00 00 00 00 00 00
                                 0071184d8010 00 00 00 00 00 00 00 00 00 00 00 00 00 00 00 00
                                 0071184d8020 00 00 00 00 00 00 00 00 00 00 00 00 00 00 00 00
                                 0071184d8030 00 00 00 00 00 00 00 00 00 00 00 00 00 00 00 00
                                 0071184d8040 00 00 00 00 00 00 00 00 00 00 00 00 00 00 00 00
                                 0071184d8050 00 00 00 00 00 00 00 00 00 00 00 00 00 00 00 00
                                 0071184d8060 00 00 00 00 00 00 00 00 00 00 00 00 00 00 00 00
                                 0071184d8070 00 00 00 00 00 00 00 00 00 00 00 00 00 00 00 00
                                 0071184d8080 00 00 00 00 00 00 00 00 00 00 00 00 00 00 00 00
                                 0071184d8090 00 00 00 00 00 00 00 00 00 00 00 00 00 00 00 00
                                 0071184d80a0 00 00 00 00 00 00 00 00 00 00 00 00 00 00 00 00
                                 0071184d80b0 00 00 00 00 00 00 00 00 00 00 00 00 00 00 00 00
                                 0071184d80c0 00 00 00 00 00 00 00 00 00 00 00 00 00 00 00 00
                                 0071184d80d0 00 00 00 00 00 00 00 00 00 00 00 00 00 00 00 00
                                 0071184d80e0 00 00 00 00 00 00 00 00 00 00 00 00 00 00 00 00
                                 0071184d80f0 00 00 00 00 00 00 00 00 00 00 00 00 00 00 00 00
Threads[07]:
    Thread ID:                   00000000000002f3
    Thread Name:                 Thread_0x00000016E4697670
    Stack Region:                0000005ccefb6000-0000005ccefca000
    Registers:
        X[00]:                   0000001d42a90048
        X[01]:                   0000001d42a90014
        X[02]:                   00000000001b81d1
        X[03]:                   ffffffffffffffff
        X[04]:                   0000000000000000
        X[05]:                   0000000000000000
        X[06]:                   0000000000000000
        X[07]:                   0000000000000000
        X[08]:                   0000000000000000
        X[09]:                   0000000000000000
        X[10]:                   0000000000000000
        X[11]:                   0000000000000000
        X[12]:                   0000000000000000
        X[13]:                   0000000000000000
        X[14]:                   0000000000000000
        X[15]:                   0000000000000000
        X[16]:                   0000000000000000
        X[17]:                   0000000000000000
        X[18]:                   0000000000000000
        X[19]:                   0000000000000000
        X[20]:                   0000000000000000
        X[21]:                   0000000000000000
        X[22]:                   0000000000000000
        X[23]:                   0000000000000000
        X[24]:                   0000000000000000
        X[25]:                   0000000000000000
        X[26]:                   0000000000000000
        X[27]:                   0000000000000000
        X[28]:                   0000000000000000
        FP:                      0000005ccefc9ed0
        LR:                      00000016e44b7998 (nnSdk + 0x339998) (_ZN2nn2os6detail38InternalConditionVariableImplByHorizon4WaitEPNS1_23InternalCriticalSectionE + 0x48)
        SP:                      0000005ccefc9eb0
        PC:                      00000016e450792c (nnSdk + 0x38992c)
    Stack Trace:
        ReturnAddress[00]:       00000016e44ac464 (nnSdk + 0x32e464) (_ZN2nn2os21WaitConditionVariableEPNS0_21ConditionVariableTypeEPNS0_9MutexTypeE + 0x44)
        ReturnAddress[01]:       00000016e4697ebc (nnSdk + 0x519ebc) (__nnmusl_WaitConditionVariable + 0xc)
        ReturnAddress[02]:       00000016e4698404 (nnSdk + 0x51a404) (__nx_pthread_detached_worker_start + 0x5c)
        ReturnAddress[03]:       00000016e46976d0 (nnSdk + 0x5196d0)
        ReturnAddress[04]:       00000016e44b24b8 (nnSdk + 0x3344b8)
        ReturnAddress[05]:       00000016e44b6984 (nnSdk + 0x338984)
        ReturnAddress[06]:       0000000000000000
    Stack Dump:                               00 01 02 03 04 05 06 07 08 09 0a 0b 0c 0d 0e 0f
                                 005ccefc9eb0 00 00 a9 42 1d 00 00 00 00 00 00 00 00 00 00 00
                                 005ccefc9ec0 50 00 a9 42 1d 00 00 00 30 00 a9 42 1d 00 00 00
                                 005ccefc9ed0 f0 9e fc ce 5c 00 00 00 64 c4 4a e4 16 00 00 00
                                 005ccefc9ee0 30 00 a9 42 1d 00 00 00 30 00 a9 42 1d 00 00 00
                                 005ccefc9ef0 00 9f fc ce 5c 00 00 00 bc 7e 69 e4 16 00 00 00
                                 005ccefc9f00 60 9f fc ce 5c 00 00 00 04 84 69 e4 16 00 00 00
                                 005ccefc9f10 00 00 00 00 00 00 00 00 00 00 00 00 00 00 00 00
                                 005ccefc9f20 00 00 00 00 00 00 00 00 00 00 00 00 00 00 00 00
                                 005ccefc9f30 00 00 00 00 00 00 00 00 00 00 00 00 00 00 00 00
                                 005ccefc9f40 00 00 00 00 00 00 00 00 ac c1 06 42 1d 00 00 00
                                 005ccefc9f50 78 1e da e4 16 00 00 00 c0 c1 06 42 1d 00 00 00
                                 005ccefc9f60 80 9f fc ce 5c 00 00 00 d0 76 69 e4 16 00 00 00
                                 005ccefc9f70 a8 c1 06 42 1d 00 00 00 00 c0 06 42 1d 00 00 00
                                 005ccefc9f80 b0 9f fc ce 5c 00 00 00 b8 24 4b e4 16 00 00 00
                                 005ccefc9f90 00 00 00 00 00 00 00 00 00 00 00 00 00 00 00 00
                                 005ccefc9fa0 00 00 00 00 00 00 00 00 00 c0 06 42 1d 00 00 00
    TLS Address:                 00000071184d8200
    TLS Dump:                                 00 01 02 03 04 05 06 07 08 09 0a 0b 0c 0d 0e 0f
                                 0071184d8200 00 00 00 00 00 00 00 00 00 00 00 00 00 00 00 00
                                 0071184d8210 00 00 00 00 00 00 00 00 00 00 00 00 00 00 00 00
                                 0071184d8220 00 00 00 00 00 00 00 00 00 00 00 00 00 00 00 00
                                 0071184d8230 00 00 00 00 00 00 00 00 00 00 00 00 00 00 00 00
                                 0071184d8240 00 00 00 00 00 00 00 00 00 00 00 00 00 00 00 00
                                 0071184d8250 00 00 00 00 00 00 00 00 00 00 00 00 00 00 00 00
                                 0071184d8260 00 00 00 00 00 00 00 00 00 00 00 00 00 00 00 00
                                 0071184d8270 00 00 00 00 00 00 00 00 00 00 00 00 00 00 00 00
                                 0071184d8280 00 00 00 00 00 00 00 00 00 00 00 00 00 00 00 00
                                 0071184d8290 00 00 00 00 00 00 00 00 00 00 00 00 00 00 00 00
                                 0071184d82a0 00 00 00 00 00 00 00 00 00 00 00 00 00 00 00 00
                                 0071184d82b0 00 00 00 00 00 00 00 00 00 00 00 00 00 00 00 00
                                 0071184d82c0 00 00 00 00 00 00 00 00 00 00 00 00 00 00 00 00
                                 0071184d82d0 00 00 00 00 00 00 00 00 00 00 00 00 00 00 00 00
                                 0071184d82e0 00 00 00 00 00 00 00 00 00 00 00 00 00 00 00 00
                                 0071184d82f0 00 00 00 00 00 00 00 00 00 00 00 00 00 00 00 00
