Atmosphère Crash Report (v1.7):
Result:                          0x2A8 (2168-0001)

Process Info:
    Process Name:                Application
    Program ID:                  01006a800016e000
    Process ID:                  000000000000008f
    Process Flags:               00000077
    User Exception Address:      00000040946e0000
Exception Info:
    Type:                        Instruction Abort
    Address:                     0000000000000000
Crashed Thread Info:
    Thread ID:                   00000000000002d2
    Thread Name:                 Thread_0x0000002F5ED6BDAC
    Stack Region:                000000135de8b000-000000135de9b000
    Registers:
        X[00]:                   000000135de9ab88
        X[01]:                   000000135de9ab28
        X[02]:                   0000001dd4277b50
        X[03]:                   0000000000000000
        X[04]:                   0000000000000000
        X[05]:                   0000000000000000
        X[06]:                   0000000000000000
        X[07]:                   0000000000000000
        X[08]:                   0000000000000000
        X[09]:                   0000000000000000
        X[10]:                   0000000000000000
        X[11]:                   0000000000084c29
        X[12]:                   0000000000000000
        X[13]:                   0000000000000000
        X[14]:                   0000000000000000
        X[15]:                   0000000000000000
        X[16]:                   0000000000000000
        X[17]:                   0000002f5f0b8020 (nnSdk + 0x33a020) (_ZN2nn2os6detail36InternalCriticalSectionImplByHorizon5LeaveEv + 0x0)
        X[18]:                   0000002f5f81ec38
        X[19]:                   0000001dd4134778 (ssbu-online-deluxe + 0x12778) (main_menu_init + 0x0)
        X[20]:                   0000001dd4280168
        X[21]:                   0000000000000000
        X[22]:                   0000000000000000
        X[23]:                   0000005a80cf0450
        X[24]:                   0000000000000000
        X[25]:                   0000000000000000
        X[26]:                   0000000000000000
        X[27]:                   0000000000000000
        X[28]:                   0000000000000000
        FP:                      000000135de9afb0
        LR:                      0000001dd413f014 (ssbu-online-deluxe + 0x1d014) (main + 0x708)
        SP:                      000000135de9aba0
        PC:                      0000000000000000
    Stack Trace:
        ReturnAddress[00]:       0000002f5f0b6984 (nnSdk + 0x338984)
        ReturnAddress[01]:       0000000000000000
    Stack Dump:                               00 01 02 03 04 05 06 07 08 09 0a 0b 0c 0d 0e 0f
                                 00135de9aba0 60 0f d8 81 5a 00 00 00 00 00 00 00 5a 00 00 00
                                 00135de9abb0 90 ac e9 5d 00 00 00 00 20 35 00 08 00 00 00 00
                                 00135de9abc0 00 00 00 00 00 00 00 00 20 35 00 08 00 00 00 00
                                 00135de9abd0 00 00 00 00 00 00 00 00 00 00 00 00 00 00 00 00
                                 00135de9abe0 00 00 00 00 00 00 00 00 00 00 00 00 00 00 00 00
                                 00135de9abf0 00 00 00 00 00 00 00 00 d0 ff ff ff 80 ff ff ff
                                 00135de9ac00 90 ac e9 5d 13 00 00 00 90 ac e9 5d 13 00 00 00
                                 00135de9ac10 f5 fa f5 fd f6 fe ff ff ff ff fe fe ff f8 ff ff
                                 00135de9ac20 00 00 00 00 00 00 00 00 9f a9 d6 a6 95 88 95 99
                                 00135de9ac30 00 00 00 00 00 00 00 00 00 00 00 00 00 00 00 00
                                 00135de9ac40 54 77 d6 5e 2f 00 00 00 00 00 00 00 00 00 00 00
                                 00135de9ac50 00 00 00 00 00 00 00 00 00 00 00 00 00 00 00 00
                                 00135de9ac60 00 00 00 00 00 00 00 00 00 00 00 00 00 00 00 00
                                 00135de9ac70 00 00 00 00 00 00 00 00 fc 0b 95 80 5a 00 00 00
                                 00135de9ac80 00 10 52 82 5a 00 00 00 00 00 72 80 5a 00 00 00
                                 00135de9ac90 6c 05 d6 5e 2f 00 00 00 00 00 c2 81 5a 00 00 00
    TLS Address:                 00000040946e0800
    TLS Dump:                                 00 01 02 03 04 05 06 07 08 09 0a 0b 0c 0d 0e 0f
                                 0040946e0800 06 00 00 00 08 00 00 00 00 00 00 00 00 00 00 00
                                 0040946e0810 02 00 00 00 a0 00 00 00 00 00 00 00 00 00 00 00
                                 0040946e0820 53 46 43 4f 00 00 00 00 00 00 00 00 a1 6d 71 f3
                                 0040946e0830 00 00 00 00 00 00 00 00 01 00 00 00 00 00 00 00
                                 0040946e0840 01 00 00 00 00 00 00 00 37 02 00 00 00 00 00 00
                                 0040946e0850 01 00 00 00 00 00 00 00 00 40 77 1b 00 10 5e 5f
                                 0040946e0860 72 75 6e 74 69 6d 65 00 00 00 00 00 00 00 00 00
                                 0040946e0870 00 00 00 00 00 00 00 00 00 00 00 00 00 00 00 00
                                 0040946e0880 00 00 00 00 00 00 00 00 00 00 00 00 00 00 00 00
                                 0040946e0890 00 00 00 00 00 00 00 00 00 00 00 00 00 00 00 00
                                 0040946e08a0 00 00 00 00 00 00 00 00 00 00 00 00 00 00 00 00
                                 0040946e08b0 00 00 00 00 00 00 00 00 00 00 00 00 00 00 00 00
                                 0040946e08c0 00 00 00 00 00 00 00 00 00 00 00 00 00 00 00 00
                                 0040946e08d0 00 00 00 00 00 00 00 00 00 00 00 00 00 00 00 00
                                 0040946e08e0 00 00 00 00 00 00 00 00 00 00 00 00 00 00 00 00
                                 0040946e08f0 00 00 00 00 00 00 00 00 00 00 00 00 00 00 00 00
Module Info:
    Number of Modules:           08
    Module 00:
        Address:                 0000001dd4122000-0000001dd4233000
        Name:                    ssbu-online-deluxe
        Module Id:               0000000000000000000000000000000000000000000000000000000000000000
    Module 01:
        Address:                 0000002f571dc000-0000002f57200000
        Name:                    [00000000]
        Module Id:               0000000000000000000000000000000000000000000000000000000000000000
    Module 02:
        Address:                 0000002f57200000-0000002f57202000
        Name:                    nnrtld
        Module Id:               285183CAC95179371CC22CEC3723F882E1589659000000000000000000000000
    Module 03:
        Address:                 0000002f57204000-0000002f5abcc000
        Name:                    cross2_Release.nss
        Module Id:               3EAE0063B12FD81E99FB5980BA56297049EA94F9000000000000000000000000
    Module 04:
        Address:                 0000002f5e64b000-0000002f5e9b8000
        Name:                    multimedia
        Module Id:               60C6EDBBFCEBD4176CC301D5D9CB5A6F094F9360000000000000000000000000
    Module 05:
        Address:                 0000002f5ed60000-0000002f5ed71000
        Name:                    Skyline
        Module Id:               84F953E76E1E2E976B0C1540F615449D25DA5BF3000000000000000000000000
    Module 06:
        Address:                 0000002f5ed7e000-0000002f5f2bf000
        Name:                    nnSdk
        Module Id:               5FD4F531C1195E9E5510C9E73F22CD39612839F8000000000000000000000000
    Module 07:
        Address:                 0000001a8d1b8000-0000001a8d334000
        Name:                    arcropolis
        Module Id:               0000000000000000000000000000000000000000000000000000000000000000
Thread Report:
Number of Threads:               08
Threads[00]:
    Thread ID:                   00000000000002ce
    Thread Name:                 MainThread
    Stack Region:                00000013b0cc9000-00000013b0dc9000
    Registers:
        X[00]:                   0000005a802f003c
        X[01]:                   0000005a802f0040
        X[02]:                   00000000000081ff
        X[03]:                   ffffffffffffffff
        X[04]:                   0000000000000000
        X[05]:                   0000000000000000
        X[06]:                   0000000000000000
        X[07]:                   0000000000000000
        X[08]:                   0000000000000000
        X[09]:                   0000000000000000
        X[10]:                   0000000000000000
        X[11]:                   0000000000000000
        X[12]:                   0000000000000000
        X[13]:                   0000000000000000
        X[14]:                   0000000000000000
        X[15]:                   0000000000000000
        X[16]:                   0000000000000000
        X[17]:                   0000000000000000
        X[18]:                   0000000000000000
        X[19]:                   0000000000000000
        X[20]:                   0000000000000000
        X[21]:                   0000000000000000
        X[22]:                   0000000000000000
        X[23]:                   0000000000000000
        X[24]:                   0000000000000000
        X[25]:                   0000000000000000
        X[26]:                   0000000000000000
        X[27]:                   0000000000000000
        X[28]:                   0000000000000000
        FP:                      00000013b0dc6ca0
        LR:                      0000002f5f0b7998 (nnSdk + 0x339998) (_ZN2nn2os6detail38InternalConditionVariableImplByHorizon4WaitEPNS1_23InternalCriticalSectionE + 0x48)
        SP:                      00000013b0dc6c80
        PC:                      0000002f5f10792c (nnSdk + 0x38992c)
    Stack Trace:
        ReturnAddress[00]:       0000002f5f0ac898 (nnSdk + 0x32e898) (_ZN2nn2os9WaitEventEPNS0_9EventTypeE + 0x48)
        ReturnAddress[01]:       0000002f5ed60618 (Skyline + 0x618)
        ReturnAddress[02]:       0000002f5a945cfc (cross2_Release.nss + 0x3741cfc)
        ReturnAddress[03]:       0000002f574c9968 (cross2_Release.nss + 0x2c5968) (nnMain + 0x348)
        ReturnAddress[04]:       0000002f5f01ba2c (nnSdk + 0x29da2c) (_ZN2nn4init5StartEmmPFvvES2_ + 0x4c)
        ReturnAddress[05]:       0000002f572000c0 (nnrtld + 0xc0)
    Stack Dump:                               00 01 02 03 04 05 06 07 08 09 0a 0b 0c 0d 0e 0f
                                 0013b0dc6c80 40 00 2f 80 5a 00 00 00 00 00 00 00 00 00 00 00
                                 0013b0dc6c90 20 00 2f 80 5a 00 00 00 3c 00 2f 80 5a 00 00 00
                                 0013b0dc6ca0 d0 6c dc b0 13 00 00 00 98 c8 0a 5f 2f 00 00 00
                                 0013b0dc6cb0 f8 05 00 00 00 00 00 00 49 6f dc b0 13 00 00 00
                                 0013b0dc6cc0 80 0a 72 80 5a 00 00 00 00 0a 95 80 5a 00 00 00
                                 0013b0dc6cd0 c0 73 dc b0 13 00 00 00 18 06 d6 5e 2f 00 00 00
                                 0013b0dc6ce0 40 24 d6 5e 2f 00 00 00 30 6f dc b0 13 00 00 00
                                 0013b0dc6cf0 10 81 bb 80 5a 00 00 00 90 6e dc b0 13 00 00 00
                                 0013b0dc6d00 38 6d dc b0 13 00 00 00 a8 6e dc b0 13 00 00 00
                                 0013b0dc6d10 30 13 d6 5e 2f 00 00 00 00 0a 95 80 5a 00 00 00
                                 0013b0dc6d20 dc 1e d6 5e 2f 00 00 00 a8 6e dc b0 13 00 00 00
                                 0013b0dc6d30 a8 6e dc b0 13 00 00 00 70 6d dc b0 01 00 00 00
                                 0013b0dc6d40 30 13 d6 5e 2f 00 00 00 a8 6e dc b0 13 00 00 00
                                 0013b0dc6d50 38 18 d6 5e 2f 00 00 00 60 6e dc b0 13 00 00 00
                                 0013b0dc6d60 9f 6d dc b0 13 00 00 00 a8 6e dc b0 13 00 00 00
                                 0013b0dc6d70 a8 6e dc b0 13 00 00 00 a8 6e dc b0 13 00 00 00
    TLS Address:                 00000040946e0200
    TLS Dump:                                 00 01 02 03 04 05 06 07 08 09 0a 0b 0c 0d 0e 0f
                                 0040946e0200 00 00 00 00 0c 00 00 00 00 00 00 00 00 00 00 00
                                 0040946e0210 00 00 00 00 00 00 00 00 00 00 00 00 00 00 00 00
                                 0040946e0220 53 46 43 4f 00 00 00 00 00 00 00 00 eb ca d2 c4
                                 0040946e0230 d0 04 00 00 00 00 00 00 00 00 00 00 00 00 00 00
                                 0040946e0240 74 87 85 19 04 00 00 00 d0 04 00 00 00 00 00 00
                                 0040946e0250 00 00 00 00 00 00 00 00 00 00 00 00 00 00 00 00
                                 0040946e0260 00 00 00 00 00 00 00 00 00 00 00 00 00 00 00 00
                                 0040946e0270 00 00 00 00 00 00 00 00 00 00 00 00 00 00 00 00
                                 0040946e0280 00 00 00 00 00 00 00 00 00 00 00 00 00 00 00 00
                                 0040946e0290 00 00 00 00 00 00 00 00 00 00 00 00 00 00 00 00
                                 0040946e02a0 00 00 00 00 00 00 00 00 00 00 00 00 00 00 00 00
                                 0040946e02b0 00 00 00 00 00 00 00 00 00 00 00 00 00 00 00 00
                                 0040946e02c0 00 00 00 00 00 00 00 00 00 00 00 00 00 00 00 00
                                 0040946e02d0 00 00 00 00 00 00 00 00 00 00 00 00 00 00 00 00
                                 0040946e02e0 00 00 00 00 00 00 00 00 00 00 00 00 00 00 00 00
                                 0040946e02f0 00 00 00 00 00 00 00 00 00 00 00 00 00 00 00 00
Threads[01]:
    Thread ID:                   00000000000002cf
    Thread Name:                 NxSystemThread
    Stack Region:                00000013820d0000-00000013820d1000
    Registers:
        X[00]:                   00000013820d0b5c
        X[01]:                   00000013820d0d74
        X[02]:                   0000000000000001
        X[03]:                   ffffffffffffffff
        X[04]:                   ffffffffffffffff
        X[05]:                   0000000000000000
        X[06]:                   0000000000000000
        X[07]:                   0000000000000000
        X[08]:                   0000000000000000
        X[09]:                   0000000000000000
        X[10]:                   0000000000000000
        X[11]:                   0000000000000000
        X[12]:                   0000000000000000
        X[13]:                   0000000000000000
        X[14]:                   0000000000000000
        X[15]:                   0000000000000000
        X[16]:                   0000000000000000
        X[17]:                   0000000000000000
        X[18]:                   0000000000000000
        X[19]:                   0000000000000000
        X[20]:                   0000000000000000
        X[21]:                   0000000000000000
        X[22]:                   0000000000000000
        X[23]:                   0000000000000000
        X[24]:                   0000000000000000
        X[25]:                   0000000000000000
        X[26]:                   0000000000000000
        X[27]:                   0000000000000000
        X[28]:                   0000000000000000
        FP:                      00000013820d0b60
        LR:                      0000002f5f0b6464 (nnSdk + 0x338464) (_ZN2nn2os6detail22MultiWaitImplByHorizon20WaitSynchronizationNEiPjil + 0x24)
        SP:                      00000013820d0b40
        PC:                      0000002f5f107900 (nnSdk + 0x389900)
    Stack Trace:
        ReturnAddress[00]:       0000002f5f0b3c48 (nnSdk + 0x335c48) (_ZN2nn2os6detail13MultiWaitImpl19InternalWaitAnyImplEbNS_8TimeSpanE + 0x138)
        ReturnAddress[01]:       0000002f5f0b3e78 (nnSdk + 0x335e78) (_ZN2nn2os6detail13MultiWaitImpl11WaitAnyImplEbNS_8TimeSpanE + 0xa8)
        ReturnAddress[02]:       0000002f5f0b05f4 (nnSdk + 0x3325f4)
        ReturnAddress[03]:       0000002f5f0b055c (nnSdk + 0x33255c)
        ReturnAddress[04]:       0000002f5f0b054c (nnSdk + 0x33254c)
        ReturnAddress[05]:       0000002f5f0b24b8 (nnSdk + 0x3344b8)
        ReturnAddress[06]:       0000002f5f0b6984 (nnSdk + 0x338984)
        ReturnAddress[07]:       0000000000000000
    Stack Dump:                               00 01 02 03 04 05 06 07 08 09 0a 0b 0c 0d 0e 0f
                                 0013820d0b40 5c 0b 0d 82 13 00 00 00 00 00 00 00 00 00 00 00
                                 0013820d0b50 71 cc fa 31 ee ff ff 7f d0 81 a4 5f 2f 00 00 00
                                 0013820d0b60 d0 0e 0d 82 13 00 00 00 48 3c 0b 5f 2f 00 00 00
                                 0013820d0b70 00 7c a4 5f 2f 00 00 00 00 00 00 00 00 00 00 00
                                 0013820d0b80 00 00 00 00 00 00 00 00 00 00 00 00 00 00 00 00
                                 0013820d0b90 00 00 00 00 00 00 00 00 00 00 00 00 00 00 00 00
                                 0013820d0ba0 00 00 00 00 00 00 00 00 00 00 00 00 00 00 00 00
                                 0013820d0bb0 00 00 00 00 00 00 00 00 00 00 00 00 00 00 00 00
                                 0013820d0bc0 00 00 00 00 00 00 00 00 00 00 00 00 00 00 00 00
                                 0013820d0bd0 00 00 00 00 00 00 00 00 00 00 00 00 00 00 00 00
                                 0013820d0be0 00 00 00 00 00 00 00 00 00 00 00 00 00 00 00 00
                                 0013820d0bf0 00 00 00 00 00 00 00 00 00 00 00 00 00 00 00 00
                                 0013820d0c00 00 00 00 00 00 00 00 00 00 00 00 00 00 00 00 00
                                 0013820d0c10 00 00 00 00 00 00 00 00 00 00 00 00 00 00 00 00
                                 0013820d0c20 00 00 00 00 00 00 00 00 00 00 00 00 00 00 00 00
                                 0013820d0c30 00 00 00 00 00 00 00 00 00 00 00 00 00 00 00 00
    TLS Address:                 00000040946e0400
    TLS Dump:                                 00 01 02 03 04 05 06 07 08 09 0a 0b 0c 0d 0e 0f
                                 0040946e0400 00 00 00 00 00 00 00 00 00 00 00 00 00 00 00 00
                                 0040946e0410 00 00 00 00 00 00 00 00 00 00 00 00 00 00 00 00
                                 0040946e0420 00 00 00 00 00 00 00 00 00 00 00 00 00 00 00 00
                                 0040946e0430 00 00 00 00 00 00 00 00 00 00 00 00 00 00 00 00
                                 0040946e0440 00 00 00 00 00 00 00 00 00 00 00 00 00 00 00 00
                                 0040946e0450 00 00 00 00 00 00 00 00 00 00 00 00 00 00 00 00
                                 0040946e0460 00 00 00 00 00 00 00 00 00 00 00 00 00 00 00 00
                                 0040946e0470 00 00 00 00 00 00 00 00 00 00 00 00 00 00 00 00
                                 0040946e0480 00 00 00 00 00 00 00 00 00 00 00 00 00 00 00 00
                                 0040946e0490 00 00 00 00 00 00 00 00 00 00 00 00 00 00 00 00
                                 0040946e04a0 00 00 00 00 00 00 00 00 00 00 00 00 00 00 00 00
                                 0040946e04b0 00 00 00 00 00 00 00 00 00 00 00 00 00 00 00 00
                                 0040946e04c0 00 00 00 00 00 00 00 00 00 00 00 00 00 00 00 00
                                 0040946e04d0 00 00 00 00 00 00 00 00 00 00 00 00 00 00 00 00
                                 0040946e04e0 00 00 00 00 00 00 00 00 00 00 00 00 00 00 00 00
                                 0040946e04f0 00 00 00 00 00 00 00 00 00 00 00 00 00 00 00 00
Threads[02]:
    Thread ID:                   00000000000002d0
    Thread Name:                 <UNKNOWN>
    Stack Region:                000000136ab33000-000000136ab73000
    Registers:
        X[00]:                   000000136ab72ef8
        X[01]:                   000000136ab72efc
        X[02]:                   0000000000000001
        X[03]:                   ffffffffffffffff
        X[04]:                   0000000000000000
        X[05]:                   0000000000000000
        X[06]:                   0000000000000000
        X[07]:                   0000000000000000
        X[08]:                   0000000000000000
        X[09]:                   0000000000000000
        X[10]:                   0000000000000000
        X[11]:                   0000000000000000
        X[12]:                   0000000000000000
        X[13]:                   0000000000000000
        X[14]:                   0000000000000000
        X[15]:                   0000000000000000
        X[16]:                   0000000000000000
        X[17]:                   0000000000000000
        X[18]:                   0000000000000000
        X[19]:                   0000000000000000
        X[20]:                   0000000000000000
        X[21]:                   0000000000000000
        X[22]:                   0000000000000000
        X[23]:                   0000000000000000
        X[24]:                   0000000000000000
        X[25]:                   0000000000000000
        X[26]:                   0000000000000000
        X[27]:                   0000000000000000
        X[28]:                   0000000000000000
        FP:                      000000136ab72f10
        LR:                      0000002f5f0b7498 (nnSdk + 0x339498) (_ZN2nn2os6detail30InterProcessEventImplByHorizon4WaitEjb + 0x88)
        SP:                      000000136ab72ee0
        PC:                      0000002f5f107900 (nnSdk + 0x389900)
    Stack Trace:
        ReturnAddress[00]:       0000002f5a95898c (cross2_Release.nss + 0x375498c)
        ReturnAddress[01]:       0000002f5f0b24b8 (nnSdk + 0x3344b8)
        ReturnAddress[02]:       0000002f5f0b6984 (nnSdk + 0x338984)
        ReturnAddress[03]:       0000000000000000
    Stack Dump:                               00 01 02 03 04 05 06 07 08 09 0a 0b 0c 0d 0e 0f
                                 00136ab72ee0 f8 2e b7 6a 13 00 00 00 28 2f b7 6a 13 00 00 00
                                 00136ab72ef0 10 2f b7 6a 13 00 00 00 bc a7 0a 5f f7 01 05 00
                                 00136ab72f00 06 00 00 00 00 00 00 00 f0 e4 b3 5c 2f 00 00 00
                                 00136ab72f10 80 2f b7 6a 13 00 00 00 8c 89 95 5a 2f 00 00 00
                                 00136ab72f20 00 00 00 00 00 00 00 00 0f 00 00 00 02 00 00 00
                                 00136ab72f30 00 00 00 00 00 00 00 00 00 00 00 00 00 00 00 00
                                 00136ab72f40 00 00 00 00 00 00 00 00 00 00 00 00 00 00 00 00
                                 00136ab72f50 00 00 00 00 00 00 00 00 00 00 00 00 00 00 00 00
                                 00136ab72f60 00 00 00 00 00 00 00 00 bc 09 95 80 5a 00 00 00
                                 00136ab72f70 b8 09 95 80 5a 00 00 00 10 08 95 80 5a 00 00 00
                                 00136ab72f80 b0 2f b7 6a 13 00 00 00 b8 24 0b 5f 2f 00 00 00
                                 00136ab72f90 00 00 00 00 00 00 00 00 00 00 00 00 00 00 00 00
                                 00136ab72fa0 00 00 00 00 00 00 00 00 10 08 95 80 5a 00 00 00
                                 00136ab72fb0 d0 2f b7 6a 13 00 00 00 84 69 0b 5f 2f 00 00 00
                                 00136ab72fc0 00 00 00 00 00 00 00 00 00 00 00 00 00 00 00 00
                                 00136ab72fd0 00 00 00 00 00 00 00 00 00 00 00 00 00 00 00 00
    TLS Address:                 00000040946e0600
    TLS Dump:                                 00 01 02 03 04 05 06 07 08 09 0a 0b 0c 0d 0e 0f
                                 0040946e0600 00 00 00 00 0d 00 00 00 00 00 00 00 00 00 00 00
                                 0040946e0610 00 00 00 00 00 00 00 00 00 00 00 00 00 00 00 00
                                 0040946e0620 53 46 43 4f 00 00 00 00 00 00 00 00 77 7d f2 32
                                 0040946e0630 00 00 00 00 00 00 00 00 00 00 00 00 00 00 00 00
                                 0040946e0640 00 00 00 00 00 00 00 00 00 00 00 00 00 00 00 00
                                 0040946e0650 00 00 00 00 00 00 00 00 00 00 00 00 00 00 00 00
                                 0040946e0660 00 00 00 00 00 00 00 00 00 00 00 00 00 00 00 00
                                 0040946e0670 00 00 00 00 00 00 00 00 00 00 00 00 00 00 00 00
                                 0040946e0680 00 00 00 00 00 00 00 00 00 00 00 00 00 00 00 00
                                 0040946e0690 00 00 00 00 00 00 00 00 00 00 00 00 00 00 00 00
                                 0040946e06a0 00 00 00 00 00 00 00 00 00 00 00 00 00 00 00 00
                                 0040946e06b0 00 00 00 00 00 00 00 00 00 00 00 00 00 00 00 00
                                 0040946e06c0 00 00 00 00 00 00 00 00 00 00 00 00 00 00 00 00
                                 0040946e06d0 00 00 00 00 00 00 00 00 00 00 00 00 00 00 00 00
                                 0040946e06e0 00 00 00 00 00 00 00 00 00 00 00 00 00 00 00 00
                                 0040946e06f0 00 00 00 00 00 00 00 00 00 00 00 00 00 00 00 00
Threads[03]:
    Thread ID:                   00000000000002d2
    Thread Name:                 Thread_0x0000002F5ED6BDAC
    Stack Region:                000000135de8b000-000000135de9b000
    Registers:
        X[00]:                   000000135de9ab88
        X[01]:                   000000135de9ab28
        X[02]:                   0000001dd4277b50
        X[03]:                   0000000000000000
        X[04]:                   0000000000000000
        X[05]:                   0000000000000000
        X[06]:                   0000000000000000
        X[07]:                   0000000000000000
        X[08]:                   0000000000000000
        X[09]:                   0000000000000000
        X[10]:                   0000000000000000
        X[11]:                   0000000000084c29
        X[12]:                   0000000000000000
        X[13]:                   0000000000000000
        X[14]:                   0000000000000000
        X[15]:                   0000000000000000
        X[16]:                   0000000000000000
        X[17]:                   0000002f5f0b8020 (nnSdk + 0x33a020) (_ZN2nn2os6detail36InternalCriticalSectionImplByHorizon5LeaveEv + 0x0)
        X[18]:                   0000002f5f81ec38
        X[19]:                   0000001dd4134778 (ssbu-online-deluxe + 0x12778) (main_menu_init + 0x0)
        X[20]:                   0000001dd4280168
        X[21]:                   0000000000000000
        X[22]:                   0000000000000000
        X[23]:                   0000005a80cf0450
        X[24]:                   0000000000000000
        X[25]:                   0000000000000000
        X[26]:                   0000000000000000
        X[27]:                   0000000000000000
        X[28]:                   0000000000000000
        FP:                      000000135de9afb0
        LR:                      0000001dd413f014 (ssbu-online-deluxe + 0x1d014) (main + 0x708)
        SP:                      000000135de9aba0
        PC:                      0000000000000000
    Stack Trace:
        ReturnAddress[00]:       0000002f5f0b6984 (nnSdk + 0x338984)
        ReturnAddress[01]:       0000000000000000
    Stack Dump:                               00 01 02 03 04 05 06 07 08 09 0a 0b 0c 0d 0e 0f
                                 00135de9aba0 60 0f d8 81 5a 00 00 00 00 00 00 00 5a 00 00 00
                                 00135de9abb0 90 ac e9 5d 00 00 00 00 20 35 00 08 00 00 00 00
                                 00135de9abc0 00 00 00 00 00 00 00 00 20 35 00 08 00 00 00 00
                                 00135de9abd0 00 00 00 00 00 00 00 00 00 00 00 00 00 00 00 00
                                 00135de9abe0 00 00 00 00 00 00 00 00 00 00 00 00 00 00 00 00
                                 00135de9abf0 00 00 00 00 00 00 00 00 d0 ff ff ff 80 ff ff ff
                                 00135de9ac00 90 ac e9 5d 13 00 00 00 90 ac e9 5d 13 00 00 00
                                 00135de9ac10 f5 fa f5 fd f6 fe ff ff ff ff fe fe ff f8 ff ff
                                 00135de9ac20 00 00 00 00 00 00 00 00 9f a9 d6 a6 95 88 95 99
                                 00135de9ac30 00 00 00 00 00 00 00 00 00 00 00 00 00 00 00 00
                                 00135de9ac40 54 77 d6 5e 2f 00 00 00 00 00 00 00 00 00 00 00
                                 00135de9ac50 00 00 00 00 00 00 00 00 00 00 00 00 00 00 00 00
                                 00135de9ac60 00 00 00 00 00 00 00 00 00 00 00 00 00 00 00 00
                                 00135de9ac70 00 00 00 00 00 00 00 00 fc 0b 95 80 5a 00 00 00
                                 00135de9ac80 00 10 52 82 5a 00 00 00 00 00 72 80 5a 00 00 00
                                 00135de9ac90 6c 05 d6 5e 2f 00 00 00 00 00 c2 81 5a 00 00 00
    TLS Address:                 00000040946e0800
    TLS Dump:                                 00 01 02 03 04 05 06 07 08 09 0a 0b 0c 0d 0e 0f
                                 0040946e0800 06 00 00 00 08 00 00 00 00 00 00 00 00 00 00 00
                                 0040946e0810 02 00 00 00 a0 00 00 00 00 00 00 00 00 00 00 00
                                 0040946e0820 53 46 43 4f 00 00 00 00 00 00 00 00 a1 6d 71 f3
                                 0040946e0830 00 00 00 00 00 00 00 00 01 00 00 00 00 00 00 00
                                 0040946e0840 01 00 00 00 00 00 00 00 37 02 00 00 00 00 00 00
                                 0040946e0850 01 00 00 00 00 00 00 00 00 40 77 1b 00 10 5e 5f
                                 0040946e0860 72 75 6e 74 69 6d 65 00 00 00 00 00 00 00 00 00
                                 0040946e0870 00 00 00 00 00 00 00 00 00 00 00 00 00 00 00 00
                                 0040946e0880 00 00 00 00 00 00 00 00 00 00 00 00 00 00 00 00
                                 0040946e0890 00 00 00 00 00 00 00 00 00 00 00 00 00 00 00 00
                                 0040946e08a0 00 00 00 00 00 00 00 00 00 00 00 00 00 00 00 00
                                 0040946e08b0 00 00 00 00 00 00 00 00 00 00 00 00 00 00 00 00
                                 0040946e08c0 00 00 00 00 00 00 00 00 00 00 00 00 00 00 00 00
                                 0040946e08d0 00 00 00 00 00 00 00 00 00 00 00 00 00 00 00 00
                                 0040946e08e0 00 00 00 00 00 00 00 00 00 00 00 00 00 00 00 00
                                 0040946e08f0 00 00 00 00 00 00 00 00 00 00 00 00 00 00 00 00
Threads[04]:
    Thread ID:                   00000000000002d3
    Thread Name:                 Thread_0x0000002F5ED665D8
    Stack Region:                000000136f43b000-000000136f43e000
    Registers:
        X[00]:                   00000000001501dc
        X[01]:                   00000040946e0a00
        X[02]:                   00000000001501dc
        X[03]:                   000000136f43de60
        X[04]:                   0000000000001000
        X[05]:                   0000000000000013
        X[06]:                   00000040946e0a00
        X[07]:                   0000000000000001
        X[08]:                   0000000000000000
        X[09]:                   0000000000000000
        X[10]:                   0000000000000000
        X[11]:                   0000000000000000
        X[12]:                   0000000000000000
        X[13]:                   0000000000000000
        X[14]:                   0000000000000000
        X[15]:                   0000000000000000
        X[16]:                   0000000000000000
        X[17]:                   0000000000000000
        X[18]:                   0000000000000000
        X[19]:                   0000000000000000
        X[20]:                   0000000000000000
        X[21]:                   0000000000000000
        X[22]:                   0000000000000000
        X[23]:                   0000000000000000
        X[24]:                   0000000000000000
        X[25]:                   0000000000000000
        X[26]:                   0000000000000000
        X[27]:                   0000000000000000
        X[28]:                   0000000000000000
        FP:                      000000136f43ddd0
        LR:                      0000002f5f0e5684 (nnSdk + 0x367684) (_ZN2nn2sf4hipc15SendSyncRequestENS_3svc6HandleEPvm + 0x34)
        SP:                      000000136f43ddd0
        PC:                      0000002f5f107954 (nnSdk + 0x389954)
    Stack Trace:
        ReturnAddress[00]:       0000002f5f0f9e80 (nnSdk + 0x37be80) (_ZN2nn2sf4cmif6client34CmifDomainProxyClientCoreProcessorINS0_4hipc6client38Hipc2ClientSessionManagedProxyKindBaseINS5_18Hipc2P + 0x150)
        ReturnAddress[01]:       0000002f5f0f8304 (nnSdk + 0x37a304)
        ReturnAddress[02]:       0000002f5f0efa24 (nnSdk + 0x371a24) (_ZN2nn6socket6detail6AcceptEiP8sockaddrPj + 0xa4)
        ReturnAddress[03]:       0000002f5ed666bc (Skyline + 0x66bc)
        ReturnAddress[04]:       0000002f5f0b6984 (nnSdk + 0x338984)
        ReturnAddress[05]:       0000000000000000
    Stack Dump:                               00 01 02 03 04 05 06 07 08 09 0a 0b 0c 0d 0e 0f
                                 00136f43ddd0 e0 de 43 6f 13 00 00 00 80 9e 0f 5f 2f 00 00 00
                                 00136f43dde0 00 00 00 00 00 00 00 00 20 df 43 6f 13 00 00 00
                                 00136f43ddf0 1c df 43 6f 13 00 00 00 01 00 00 00 00 00 00 01
                                 00136f43de00 0e 0c 00 00 00 00 00 00 00 00 00 00 00 00 00 00
                                 00136f43de10 00 00 00 00 00 00 00 00 00 00 00 00 02 00 00 00
                                 00136f43de20 00 00 00 00 05 00 00 00 13 00 00 00 15 00 00 00
                                 00136f43de30 00 00 00 00 00 00 00 00 00 00 00 00 00 00 00 00
                                 00136f43de40 00 00 00 00 00 00 00 00 00 00 00 00 00 00 00 00
                                 00136f43de50 00 00 00 00 00 00 00 00 00 00 00 00 00 00 00 00
                                 00136f43de60 22 00 00 00 00 00 00 00 70 df 43 6f 13 00 00 00
                                 00136f43de70 00 00 00 00 00 00 00 00 f8 dd 43 6f 13 00 00 00
                                 00136f43de80 00 0a 6e 94 40 00 00 00 00 00 00 00 00 00 00 00
                                 00136f43de90 00 00 00 00 00 00 00 00 00 00 00 00 00 00 00 00
                                 00136f43dea0 00 00 00 00 00 00 00 00 00 00 00 00 00 00 00 00
                                 00136f43deb0 00 00 00 00 00 00 00 00 00 00 00 00 00 00 00 00
                                 00136f43dec0 00 00 00 00 00 00 00 00 ac 01 d5 80 5a 00 00 00
    TLS Address:                 00000040946e0a00
    TLS Dump:                                 00 01 02 03 04 05 06 07 08 09 0a 0b 0c 0d 0e 0f
                                 0040946e0a00 06 00 00 01 0e 0c 00 00 00 00 00 00 00 00 00 00
                                 0040946e0a10 00 00 00 00 00 00 00 00 00 00 00 00 00 00 00 00
                                 0040946e0a20 01 00 14 00 01 00 00 00 00 00 00 00 00 00 00 00
                                 0040946e0a30 53 46 43 49 01 00 00 00 0c 00 00 00 00 00 00 00
                                 0040946e0a40 00 00 00 00 ff ff 00 00 00 00 00 00 70 df 43 6f
                                 0040946e0a50 13 00 00 00 00 00 00 00 00 00 00 00 00 00 00 00
                                 0040946e0a60 00 00 00 00 00 00 00 00 00 00 00 00 00 00 00 00
                                 0040946e0a70 00 00 00 00 00 00 00 00 00 00 00 00 00 00 00 00
                                 0040946e0a80 00 00 00 00 00 00 00 00 00 00 00 00 00 00 00 00
                                 0040946e0a90 00 00 00 00 00 00 00 00 00 00 00 00 00 00 00 00
                                 0040946e0aa0 00 00 00 00 00 00 00 00 00 00 00 00 00 00 00 00
                                 0040946e0ab0 00 00 00 00 00 00 00 00 00 00 00 00 00 00 00 00
                                 0040946e0ac0 00 00 00 00 00 00 00 00 00 00 00 00 00 00 00 00
                                 0040946e0ad0 00 00 00 00 00 00 00 00 00 00 00 00 00 00 00 00
                                 0040946e0ae0 00 00 00 00 00 00 00 00 00 00 00 00 00 00 00 00
                                 0040946e0af0 00 00 00 00 00 00 00 00 00 00 00 00 00 00 00 00
Threads[05]:
    Thread ID:                   00000000000002d4
    Thread Name:                 Thread_0x0000002F5ED64E5C
    Stack Region:                000000135b932000-000000135b935000
    Registers:
        X[00]:                   0000000005f5e100
        X[01]:                   0000000000000000
        X[02]:                   0000000000000000
        X[03]:                   0000000000000000
        X[04]:                   0000000000000000
        X[05]:                   0000000000000000
        X[06]:                   0000000000000000
        X[07]:                   0000000000000000
        X[08]:                   0000000000000000
        X[09]:                   0000000000000000
        X[10]:                   0000000000000000
        X[11]:                   0000000000000000
        X[12]:                   0000000000000000
        X[13]:                   0000000000000000
        X[14]:                   0000000000000000
        X[15]:                   0000000000000000
        X[16]:                   0000000000000000
        X[17]:                   0000000000000000
        X[18]:                   0000000000000000
        X[19]:                   0000000000000000
        X[20]:                   0000000000000000
        X[21]:                   0000000000000000
        X[22]:                   0000000000000000
        X[23]:                   0000000000000000
        X[24]:                   0000000000000000
        X[25]:                   0000000000000000
        X[26]:                   0000000000000000
        X[27]:                   0000000000000000
        X[28]:                   0000000000000000
        FP:                      000000135b934fb0
        LR:                      0000002f5ed64ee4 (Skyline + 0x4ee4)
        SP:                      000000135b934f40
        PC:                      0000002f5f10785c (nnSdk + 0x38985c)
    Stack Trace:
        ReturnAddress[00]:       0000002f5f0b6984 (nnSdk + 0x338984)
        ReturnAddress[01]:       0000000000000000
    Stack Dump:                               00 01 02 03 04 05 06 07 08 09 0a 0b 0c 0d 0e 0f
                                 00135b934f00 b0 4f 93 5b 13 00 00 00 50 00 2f 80 5a 00 00 00
                                 00135b934f10 d0 4e d6 5e 2f 00 00 00 00 00 72 80 5a 00 00 00
                                 00135b934f20 00 00 00 00 00 00 00 00 00 e1 f5 05 00 00 00 00
                                 00135b934f30 b0 4f 93 5b 13 00 00 00 00 e1 f5 05 00 00 00 00
                                 00135b934f40 b8 24 0b 5f 2f 00 00 00 c0 01 d5 80 5a 00 00 00
                                 00135b934f50 00 00 00 00 00 00 00 00 00 00 72 80 5a 00 00 00
                                 00135b934f60 00 00 00 00 00 00 00 00 78 4f 93 5b 13 00 00 00
                                 00135b934f70 09 00 00 00 00 00 00 00 54 63 70 4c 6f 67 67 65
                                 00135b934f80 72 00 93 5b 13 00 00 00 00 00 72 80 5a 00 00 00
                                 00135b934f90 00 00 00 00 00 00 00 00 00 00 00 00 00 00 00 00
                                 00135b934fa0 00 00 00 00 00 00 00 00 c0 01 d5 80 5a 00 00 00
                                 00135b934fb0 d0 4f 93 5b 13 00 00 00 84 69 0b 5f 2f 00 00 00
                                 00135b934fc0 00 00 00 00 00 00 00 00 00 00 00 00 00 00 00 00
                                 00135b934fd0 00 00 00 00 00 00 00 00 00 00 00 00 00 00 00 00
                                 00135b934fe0 50 24 0b 5f 2f 00 00 00 00 00 00 00 00 00 00 00
                                 00135b934ff0 00 00 00 00 00 00 00 00 00 00 00 00 00 00 00 00
    TLS Address:                 00000040946e0c00
    TLS Dump:                                 00 01 02 03 04 05 06 07 08 09 0a 0b 0c 0d 0e 0f
                                 0040946e0c00 00 00 00 00 0e 08 e0 03 00 00 00 00 00 00 00 00
                                 0040946e0c10 00 00 00 00 00 00 00 00 00 00 00 00 00 00 00 00
                                 0040946e0c20 53 46 43 4f 00 00 00 00 00 00 00 00 91 ab e3 ac
                                 0040946e0c30 ff ff ff ff 6b 00 00 00 00 00 00 00 00 00 00 00
                                 0040946e0c40 00 00 00 00 00 00 00 00 00 00 00 00 00 00 00 00
                                 0040946e0c50 00 00 00 00 00 00 00 00 00 00 00 00 00 00 00 00
                                 0040946e0c60 00 00 00 00 00 00 00 00 00 00 00 00 00 00 00 00
                                 0040946e0c70 00 00 00 00 00 00 00 00 00 00 00 00 00 00 00 00
                                 0040946e0c80 00 00 00 00 00 00 00 00 00 00 00 00 00 00 00 00
                                 0040946e0c90 00 00 00 00 00 00 00 00 00 00 00 00 00 00 00 00
                                 0040946e0ca0 00 00 00 00 00 00 00 00 00 00 00 00 00 00 00 00
                                 0040946e0cb0 00 00 00 00 00 00 00 00 00 00 00 00 00 00 00 00
                                 0040946e0cc0 00 00 00 00 00 00 00 00 00 00 00 00 00 00 00 00
                                 0040946e0cd0 00 00 00 00 00 00 00 00 00 00 00 00 00 00 00 00
                                 0040946e0ce0 00 00 00 00 00 00 00 00 00 00 00 00 00 00 00 00
                                 0040946e0cf0 00 00 00 00 00 00 00 00 00 00 00 00 00 00 00 00
Threads[06]:
    Thread ID:                   00000000000002d7
    Thread Name:                 Thread_0x0000002F5F297670
    Stack Region:                00000013adf25000-00000013ae125000
    Registers:
        X[00]:                   0000000001312d00
        X[01]:                   0000000001312d00
        X[02]:                   0000000000000004
        X[03]:                   0000000000000000
        X[04]:                   0000000000000000
        X[05]:                   0000000000000000
        X[06]:                   0000000000000000
        X[07]:                   0000000000000000
        X[08]:                   0000000000000000
        X[09]:                   0000000000000000
        X[10]:                   0000000000000000
        X[11]:                   0000000000000000
        X[12]:                   0000000000000000
        X[13]:                   0000000000000000
        X[14]:                   0000000000000000
        X[15]:                   0000000000000000
        X[16]:                   0000000000000000
        X[17]:                   0000000000000000
        X[18]:                   0000000000000000
        X[19]:                   0000000000000000
        X[20]:                   0000000000000000
        X[21]:                   0000000000000000
        X[22]:                   0000000000000000
        X[23]:                   0000000000000000
        X[24]:                   0000000000000000
        X[25]:                   0000000000000000
        X[26]:                   0000000000000000
        X[27]:                   0000000000000000
        X[28]:                   0000000000000000
        FP:                      00000013ae124e90
        LR:                      0000001a8d1dda68 (arcropolis + 0x25a68)
        SP:                      00000013ae124e90
        PC:                      0000002f5f10785c (nnSdk + 0x38985c)
    Stack Trace:
        ReturnAddress[00]:       0000001a8d3d0098
        ReturnAddress[01]:       0000000000000008
    Stack Dump:                               00 01 02 03 04 05 06 07 08 09 0a 0b 0c 0d 0e 0f
                                 0013ae124e90 a0 00 3d 8d 1a 00 00 00 98 00 3d 8d 1a 00 00 00
                                 0013ae124ea0 04 00 00 00 00 00 00 00 04 00 00 00 00 00 00 00
                                 0013ae124eb0 00 00 00 00 00 00 00 00 04 00 00 00 00 00 00 00
                                 0013ae124ec0 80 4f 12 ae 13 00 00 00 74 bf 22 8d 1a 00 00 00
                                 0013ae124ed0 00 00 00 00 00 00 00 00 00 00 00 00 00 00 00 00
                                 0013ae124ee0 00 00 00 00 00 00 00 00 00 00 00 00 00 00 00 00
                                 0013ae124ef0 00 00 00 00 00 00 00 00 00 00 00 00 00 00 00 00
                                 0013ae124f00 00 00 00 00 00 00 00 00 30 14 3d 8d 1a 00 00 00
                                 0013ae124f10 e0 00 a8 82 5a 00 00 00 80 00 dd 80 5a 00 00 00
                                 0013ae124f20 00 00 00 00 00 00 00 00 00 00 00 00 00 00 00 00
                                 0013ae124f30 0c cf 2f 8d 1a 00 00 00 00 00 00 00 00 00 00 00
                                 0013ae124f40 80 00 dd 80 5a 00 00 00 20 00 8a 82 5a 00 00 00
                                 0013ae124f50 d0 76 29 5f 2f 00 00 00 ac 41 cb 84 5a 00 00 00
                                 0013ae124f60 78 1e 9a 5f 2f 00 00 00 c0 41 cb 84 5a 00 00 00
                                 0013ae124f70 a8 41 cb 84 5a 00 00 00 00 40 cb 84 5a 00 00 00
                                 0013ae124f80 b0 4f 12 ae 13 00 00 00 b8 24 0b 5f 2f 00 00 00
    TLS Address:                 000000406beb2000
    TLS Dump:                                 00 01 02 03 04 05 06 07 08 09 0a 0b 0c 0d 0e 0f
                                 00406beb2000 00 00 00 00 00 00 00 00 00 00 00 00 00 00 00 00
                                 00406beb2010 00 00 00 00 00 00 00 00 00 00 00 00 00 00 00 00
                                 00406beb2020 00 00 00 00 00 00 00 00 00 00 00 00 00 00 00 00
                                 00406beb2030 00 00 00 00 00 00 00 00 00 00 00 00 00 00 00 00
                                 00406beb2040 00 00 00 00 00 00 00 00 00 00 00 00 00 00 00 00
                                 00406beb2050 00 00 00 00 00 00 00 00 00 00 00 00 00 00 00 00
                                 00406beb2060 00 00 00 00 00 00 00 00 00 00 00 00 00 00 00 00
                                 00406beb2070 00 00 00 00 00 00 00 00 00 00 00 00 00 00 00 00
                                 00406beb2080 00 00 00 00 00 00 00 00 00 00 00 00 00 00 00 00
                                 00406beb2090 00 00 00 00 00 00 00 00 00 00 00 00 00 00 00 00
                                 00406beb20a0 00 00 00 00 00 00 00 00 00 00 00 00 00 00 00 00
                                 00406beb20b0 00 00 00 00 00 00 00 00 00 00 00 00 00 00 00 00
                                 00406beb20c0 00 00 00 00 00 00 00 00 00 00 00 00 00 00 00 00
                                 00406beb20d0 00 00 00 00 00 00 00 00 00 00 00 00 00 00 00 00
                                 00406beb20e0 00 00 00 00 00 00 00 00 00 00 00 00 00 00 00 00
                                 00406beb20f0 00 00 00 00 00 00 00 00 00 00 00 00 00 00 00 00
Threads[07]:
    Thread ID:                   00000000000002d8
    Thread Name:                 Thread_0x0000002F5F297670
    Stack Region:                0000001345f92000-0000001345fa6000
    Registers:
        X[00]:                   0000005a82a50048
        X[01]:                   0000005a82a50014
        X[02]:                   00000000001b81d1
        X[03]:                   ffffffffffffffff
        X[04]:                   0000000000000000
        X[05]:                   0000000000000000
        X[06]:                   0000000000000000
        X[07]:                   0000000000000000
        X[08]:                   0000000000000000
        X[09]:                   0000000000000000
        X[10]:                   0000000000000000
        X[11]:                   0000000000000000
        X[12]:                   0000000000000000
        X[13]:                   0000000000000000
        X[14]:                   0000000000000000
        X[15]:                   0000000000000000
        X[16]:                   0000000000000000
        X[17]:                   0000000000000000
        X[18]:                   0000000000000000
        X[19]:                   0000000000000000
        X[20]:                   0000000000000000
        X[21]:                   0000000000000000
        X[22]:                   0000000000000000
        X[23]:                   0000000000000000
        X[24]:                   0000000000000000
        X[25]:                   0000000000000000
        X[26]:                   0000000000000000
        X[27]:                   0000000000000000
        X[28]:                   0000000000000000
        FP:                      0000001345fa5ed0
        LR:                      0000002f5f0b7998 (nnSdk + 0x339998) (_ZN2nn2os6detail38InternalConditionVariableImplByHorizon4WaitEPNS1_23InternalCriticalSectionE + 0x48)
        SP:                      0000001345fa5eb0
        PC:                      0000002f5f10792c (nnSdk + 0x38992c)
    Stack Trace:
        ReturnAddress[00]:       0000002f5f0ac464 (nnSdk + 0x32e464) (_ZN2nn2os21WaitConditionVariableEPNS0_21ConditionVariableTypeEPNS0_9MutexTypeE + 0x44)
        ReturnAddress[01]:       0000002f5f297ebc (nnSdk + 0x519ebc) (__nnmusl_WaitConditionVariable + 0xc)
        ReturnAddress[02]:       0000002f5f298404 (nnSdk + 0x51a404) (__nx_pthread_detached_worker_start + 0x5c)
        ReturnAddress[03]:       0000002f5f2976d0 (nnSdk + 0x5196d0)
        ReturnAddress[04]:       0000002f5f0b24b8 (nnSdk + 0x3344b8)
        ReturnAddress[05]:       0000002f5f0b6984 (nnSdk + 0x338984)
        ReturnAddress[06]:       0000000000000000
    Stack Dump:                               00 01 02 03 04 05 06 07 08 09 0a 0b 0c 0d 0e 0f
                                 001345fa5eb0 00 00 a5 82 5a 00 00 00 00 00 00 00 00 00 00 00
                                 001345fa5ec0 50 00 a5 82 5a 00 00 00 30 00 a5 82 5a 00 00 00
                                 001345fa5ed0 f0 5e fa 45 13 00 00 00 64 c4 0a 5f 2f 00 00 00
                                 001345fa5ee0 30 00 a5 82 5a 00 00 00 30 00 a5 82 5a 00 00 00
                                 001345fa5ef0 00 5f fa 45 13 00 00 00 bc 7e 29 5f 2f 00 00 00
                                 001345fa5f00 60 5f fa 45 13 00 00 00 04 84 29 5f 2f 00 00 00
                                 001345fa5f10 00 00 00 00 00 00 00 00 00 00 00 00 00 00 00 00
                                 001345fa5f20 00 00 00 00 00 00 00 00 00 00 00 00 00 00 00 00
                                 001345fa5f30 00 00 00 00 00 00 00 00 00 00 00 00 00 00 00 00
                                 001345fa5f40 00 00 00 00 00 00 00 00 ac c1 06 82 5a 00 00 00
                                 001345fa5f50 78 1e 9a 5f 2f 00 00 00 c0 c1 06 82 5a 00 00 00
                                 001345fa5f60 80 5f fa 45 13 00 00 00 d0 76 29 5f 2f 00 00 00
                                 001345fa5f70 a8 c1 06 82 5a 00 00 00 00 c0 06 82 5a 00 00 00
                                 001345fa5f80 b0 5f fa 45 13 00 00 00 b8 24 0b 5f 2f 00 00 00
                                 001345fa5f90 00 00 00 00 00 00 00 00 00 00 00 00 00 00 00 00
                                 001345fa5fa0 00 00 00 00 00 00 00 00 00 c0 06 82 5a 00 00 00
    TLS Address:                 000000406beb2200
    TLS Dump:                                 00 01 02 03 04 05 06 07 08 09 0a 0b 0c 0d 0e 0f
                                 00406beb2200 00 00 00 00 00 00 00 00 00 00 00 00 00 00 00 00
                                 00406beb2210 00 00 00 00 00 00 00 00 00 00 00 00 00 00 00 00
                                 00406beb2220 00 00 00 00 00 00 00 00 00 00 00 00 00 00 00 00
                                 00406beb2230 00 00 00 00 00 00 00 00 00 00 00 00 00 00 00 00
                                 00406beb2240 00 00 00 00 00 00 00 00 00 00 00 00 00 00 00 00
                                 00406beb2250 00 00 00 00 00 00 00 00 00 00 00 00 00 00 00 00
                                 00406beb2260 00 00 00 00 00 00 00 00 00 00 00 00 00 00 00 00
                                 00406beb2270 00 00 00 00 00 00 00 00 00 00 00 00 00 00 00 00
                                 00406beb2280 00 00 00 00 00 00 00 00 00 00 00 00 00 00 00 00
                                 00406beb2290 00 00 00 00 00 00 00 00 00 00 00 00 00 00 00 00
                                 00406beb22a0 00 00 00 00 00 00 00 00 00 00 00 00 00 00 00 00
                                 00406beb22b0 00 00 00 00 00 00 00 00 00 00 00 00 00 00 00 00
                                 00406beb22c0 00 00 00 00 00 00 00 00 00 00 00 00 00 00 00 00
                                 00406beb22d0 00 00 00 00 00 00 00 00 00 00 00 00 00 00 00 00
                                 00406beb22e0 00 00 00 00 00 00 00 00 00 00 00 00 00 00 00 00
                                 00406beb22f0 00 00 00 00 00 00 00 00 00 00 00 00 00 00 00 00
