Atmosphère Crash Report (v1.7):
Result:                          0x2A8 (2168-0001)

Process Info:
    Process Name:                Application
    Program ID:                  01006a800016e000
    Process ID:                  0000000000000093
    Process Flags:               00000077
    User Exception Address:      0000002ff44b4000
Exception Info:
    Type:                        Instruction Abort
    Address:                     0000000000000000
Crashed Thread Info:
    Thread ID:                   00000000000002fc
    Thread Name:                 Thread_0x0000006F48B6BDAC
    Stack Region:                0000006acff8e000-0000006acff9e000
    Registers:
        X[00]:                   0000006acff9db88
        X[01]:                   0000006acff9db28
        X[02]:                   0000000717682b50
        X[03]:                   0000000000000000
        X[04]:                   0000000000000000
        X[05]:                   0000000000000000
        X[06]:                   0000000000000000
        X[07]:                   0000000000000000
        X[08]:                   0000000000000000
        X[09]:                   0000000000000000
        X[10]:                   0000000000000000
        X[11]:                   0000000000084c29
        X[12]:                   0000000000000000
        X[13]:                   0000000000000000
        X[14]:                   0000000000000000
        X[15]:                   0000000000000000
        X[16]:                   0000000000000000
        X[17]:                   0000006f48eb8020 (nnSdk + 0x33a020) (_ZN2nn2os6detail36InternalCriticalSectionImplByHorizon5LeaveEv + 0x0)
        X[18]:                   0000006f4961ec38
        X[19]:                   000000071753f778 (ssbu-online-deluxe + 0x12778) (main_menu_init + 0x0)
        X[20]:                   000000071768b168
        X[21]:                   0000000000000000
        X[22]:                   0000000000000000
        X[23]:                   0000005440cf0450
        X[24]:                   0000000000000000
        X[25]:                   0000000000000000
        X[26]:                   0000000000000000
        X[27]:                   0000000000000000
        X[28]:                   0000000000000000
        FP:                      0000006acff9dfb0
        LR:                      000000071754a014 (ssbu-online-deluxe + 0x1d014) (main + 0x708)
        SP:                      0000006acff9dba0
        PC:                      0000000000000000
    Stack Trace:
        ReturnAddress[00]:       0000006f48eb6984 (nnSdk + 0x338984)
        ReturnAddress[01]:       0000000000000000
    Stack Dump:                               00 01 02 03 04 05 06 07 08 09 0a 0b 0c 0d 0e 0f
                                 006acff9dba0 60 0f d8 41 54 00 00 00 00 00 00 00 54 00 00 00
                                 006acff9dbb0 90 dc f9 cf 00 00 00 00 20 35 00 08 00 00 00 00
                                 006acff9dbc0 00 00 00 00 00 00 00 00 20 35 00 08 00 00 00 00
                                 006acff9dbd0 00 00 00 00 00 00 00 00 00 00 00 00 00 00 00 00
                                 006acff9dbe0 00 00 00 00 00 00 00 00 00 00 00 00 00 00 00 00
                                 006acff9dbf0 00 00 00 00 00 00 00 00 d0 ff ff ff 80 ff ff ff
                                 006acff9dc00 90 dc f9 cf 6a 00 00 00 90 dc f9 cf 6a 00 00 00
                                 006acff9dc10 f5 fa f5 fd f6 fe ff ff ff ff fe fe ff f8 ff ff
                                 006acff9dc20 00 00 00 00 00 00 00 00 9f a9 d6 a6 95 88 95 99
                                 006acff9dc30 00 00 00 00 00 00 00 00 00 00 00 00 00 00 00 00
                                 006acff9dc40 54 77 b6 48 6f 00 00 00 00 00 00 00 00 00 00 00
                                 006acff9dc50 00 00 00 00 00 00 00 00 00 00 00 00 00 00 00 00
                                 006acff9dc60 00 00 00 00 00 00 00 00 00 00 00 00 00 00 00 00
                                 006acff9dc70 00 00 00 00 00 00 00 00 fc 0b 95 40 54 00 00 00
                                 006acff9dc80 00 a0 52 42 54 00 00 00 00 00 72 40 54 00 00 00
                                 006acff9dc90 6c 05 b6 48 6f 00 00 00 00 00 c2 41 54 00 00 00
    TLS Address:                 0000002ff44b4800
    TLS Dump:                                 00 01 02 03 04 05 06 07 08 09 0a 0b 0c 0d 0e 0f
                                 002ff44b4800 06 00 00 00 08 00 00 00 00 00 00 00 00 00 00 00
                                 002ff44b4810 02 00 00 00 a0 00 00 00 00 00 00 00 00 00 00 00
                                 002ff44b4820 53 46 43 4f 00 00 00 00 00 00 00 00 a1 6d 71 f3
                                 002ff44b4830 00 00 00 00 00 00 00 00 01 00 00 00 00 00 00 00
                                 002ff44b4840 01 00 00 00 00 00 00 00 53 03 00 00 00 00 00 00
                                 002ff44b4850 01 00 00 00 00 00 00 00 00 40 77 1b 00 10 5e 5f
                                 002ff44b4860 72 75 6e 74 69 6d 65 00 00 00 00 00 00 00 00 00
                                 002ff44b4870 00 00 00 00 00 00 00 00 00 00 00 00 00 00 00 00
                                 002ff44b4880 00 00 00 00 00 00 00 00 00 00 00 00 00 00 00 00
                                 002ff44b4890 00 00 00 00 00 00 00 00 00 00 00 00 00 00 00 00
                                 002ff44b48a0 00 00 00 00 00 00 00 00 00 00 00 00 00 00 00 00
                                 002ff44b48b0 00 00 00 00 00 00 00 00 00 00 00 00 00 00 00 00
                                 002ff44b48c0 00 00 00 00 00 00 00 00 00 00 00 00 00 00 00 00
                                 002ff44b48d0 00 00 00 00 00 00 00 00 00 00 00 00 00 00 00 00
                                 002ff44b48e0 00 00 00 00 00 00 00 00 00 00 00 00 00 00 00 00
                                 002ff44b48f0 00 00 00 00 00 00 00 00 00 00 00 00 00 00 00 00
Module Info:
    Number of Modules:           08
    Module 00:
        Address:                 000000071752d000-000000071763e000
        Name:                    ssbu-online-deluxe
        Module Id:               0000000000000000000000000000000000000000000000000000000000000000
    Module 01:
        Address:                 0000006f40fdc000-0000006f41000000
        Name:                    [00000000]
        Module Id:               0000000000000000000000000000000000000000000000000000000000000000
    Module 02:
        Address:                 0000006f41000000-0000006f41002000
        Name:                    nnrtld
        Module Id:               285183CAC95179371CC22CEC3723F882E1589659000000000000000000000000
    Module 03:
        Address:                 0000006f41004000-0000006f449cc000
        Name:                    cross2_Release.nss
        Module Id:               3EAE0063B12FD81E99FB5980BA56297049EA94F9000000000000000000000000
    Module 04:
        Address:                 0000006f4844b000-0000006f487b8000
        Name:                    multimedia
        Module Id:               60C6EDBBFCEBD4176CC301D5D9CB5A6F094F9360000000000000000000000000
    Module 05:
        Address:                 0000006f48b60000-0000006f48b71000
        Name:                    Skyline
        Module Id:               84F953E76E1E2E976B0C1540F615449D25DA5BF3000000000000000000000000
    Module 06:
        Address:                 0000006f48b7e000-0000006f490bf000
        Name:                    nnSdk
        Module Id:               5FD4F531C1195E9E5510C9E73F22CD39612839F8000000000000000000000000
    Module 07:
        Address:                 000000482cfb1000-000000482d12d000
        Name:                    arcropolis
        Module Id:               0000000000000000000000000000000000000000000000000000000000000000
Thread Report:
Number of Threads:               08
Threads[00]:
    Thread ID:                   00000000000002f8
    Thread Name:                 MainThread
    Stack Region:                0000006adc4a9000-0000006adc5a9000
    Registers:
        X[00]:                   00000054402f003c
        X[01]:                   00000054402f0040
        X[02]:                   00000000000081ff
        X[03]:                   ffffffffffffffff
        X[04]:                   0000000000000000
        X[05]:                   0000000000000000
        X[06]:                   0000000000000000
        X[07]:                   0000000000000000
        X[08]:                   0000000000000000
        X[09]:                   0000000000000000
        X[10]:                   0000000000000000
        X[11]:                   0000000000000000
        X[12]:                   0000000000000000
        X[13]:                   0000000000000000
        X[14]:                   0000000000000000
        X[15]:                   0000000000000000
        X[16]:                   0000000000000000
        X[17]:                   0000000000000000
        X[18]:                   0000000000000000
        X[19]:                   0000000000000000
        X[20]:                   0000000000000000
        X[21]:                   0000000000000000
        X[22]:                   0000000000000000
        X[23]:                   0000000000000000
        X[24]:                   0000000000000000
        X[25]:                   0000000000000000
        X[26]:                   0000000000000000
        X[27]:                   0000000000000000
        X[28]:                   0000000000000000
        FP:                      0000006adc5a6ca0
        LR:                      0000006f48eb7998 (nnSdk + 0x339998) (_ZN2nn2os6detail38InternalConditionVariableImplByHorizon4WaitEPNS1_23InternalCriticalSectionE + 0x48)
        SP:                      0000006adc5a6c80
        PC:                      0000006f48f0792c (nnSdk + 0x38992c)
    Stack Trace:
        ReturnAddress[00]:       0000006f48eac898 (nnSdk + 0x32e898) (_ZN2nn2os9WaitEventEPNS0_9EventTypeE + 0x48)
        ReturnAddress[01]:       0000006f48b60618 (Skyline + 0x618)
        ReturnAddress[02]:       0000006f44745cfc (cross2_Release.nss + 0x3741cfc)
        ReturnAddress[03]:       0000006f412c9968 (cross2_Release.nss + 0x2c5968) (nnMain + 0x348)
        ReturnAddress[04]:       0000006f48e1ba2c (nnSdk + 0x29da2c) (_ZN2nn4init5StartEmmPFvvES2_ + 0x4c)
        ReturnAddress[05]:       0000006f410000c0 (nnrtld + 0xc0)
    Stack Dump:                               00 01 02 03 04 05 06 07 08 09 0a 0b 0c 0d 0e 0f
                                 006adc5a6c80 40 00 2f 40 54 00 00 00 00 00 00 00 00 00 00 00
                                 006adc5a6c90 20 00 2f 40 54 00 00 00 3c 00 2f 40 54 00 00 00
                                 006adc5a6ca0 d0 6c 5a dc 6a 00 00 00 98 c8 ea 48 6f 00 00 00
                                 006adc5a6cb0 f8 05 00 00 00 00 00 00 49 6f 5a dc 6a 00 00 00
                                 006adc5a6cc0 80 0a 72 40 54 00 00 00 00 0a 95 40 54 00 00 00
                                 006adc5a6cd0 c0 73 5a dc 6a 00 00 00 18 06 b6 48 6f 00 00 00
                                 006adc5a6ce0 40 24 b6 48 6f 00 00 00 30 6f 5a dc 6a 00 00 00
                                 006adc5a6cf0 10 81 bb 40 54 00 00 00 90 6e 5a dc 6a 00 00 00
                                 006adc5a6d00 38 6d 5a dc 6a 00 00 00 a8 6e 5a dc 6a 00 00 00
                                 006adc5a6d10 30 13 b6 48 6f 00 00 00 00 0a 95 40 54 00 00 00
                                 006adc5a6d20 dc 1e b6 48 6f 00 00 00 a8 6e 5a dc 6a 00 00 00
                                 006adc5a6d30 a8 6e 5a dc 6a 00 00 00 70 6d 5a dc 01 00 00 00
                                 006adc5a6d40 30 13 b6 48 6f 00 00 00 a8 6e 5a dc 6a 00 00 00
                                 006adc5a6d50 38 18 b6 48 6f 00 00 00 60 6e 5a dc 6a 00 00 00
                                 006adc5a6d60 9f 6d 5a dc 6a 00 00 00 a8 6e 5a dc 6a 00 00 00
                                 006adc5a6d70 a8 6e 5a dc 6a 00 00 00 a8 6e 5a dc 6a 00 00 00
    TLS Address:                 0000002ff44b4200
    TLS Dump:                                 00 01 02 03 04 05 06 07 08 09 0a 0b 0c 0d 0e 0f
                                 002ff44b4200 00 00 00 00 0c 00 00 00 00 00 00 00 00 00 00 00
                                 002ff44b4210 00 00 00 00 00 00 00 00 00 00 00 00 00 00 00 00
                                 002ff44b4220 53 46 43 4f 00 00 00 00 00 00 00 00 eb ca d2 c4
                                 002ff44b4230 d0 04 00 00 00 00 00 00 00 00 00 00 00 00 00 00
                                 002ff44b4240 74 87 85 19 04 00 00 00 d0 04 00 00 00 00 00 00
                                 002ff44b4250 00 00 00 00 00 00 00 00 00 00 00 00 00 00 00 00
                                 002ff44b4260 00 00 00 00 00 00 00 00 00 00 00 00 00 00 00 00
                                 002ff44b4270 00 00 00 00 00 00 00 00 00 00 00 00 00 00 00 00
                                 002ff44b4280 00 00 00 00 00 00 00 00 00 00 00 00 00 00 00 00
                                 002ff44b4290 00 00 00 00 00 00 00 00 00 00 00 00 00 00 00 00
                                 002ff44b42a0 00 00 00 00 00 00 00 00 00 00 00 00 00 00 00 00
                                 002ff44b42b0 00 00 00 00 00 00 00 00 00 00 00 00 00 00 00 00
                                 002ff44b42c0 00 00 00 00 00 00 00 00 00 00 00 00 00 00 00 00
                                 002ff44b42d0 00 00 00 00 00 00 00 00 00 00 00 00 00 00 00 00
                                 002ff44b42e0 00 00 00 00 00 00 00 00 00 00 00 00 00 00 00 00
                                 002ff44b42f0 00 00 00 00 00 00 00 00 00 00 00 00 00 00 00 00
Threads[01]:
    Thread ID:                   00000000000002fa
    Thread Name:                 NxSystemThread
    Stack Region:                0000006ab2a80000-0000006ab2a81000
    Registers:
        X[00]:                   0000006ab2a80b5c
        X[01]:                   0000006ab2a80d74
        X[02]:                   0000000000000001
        X[03]:                   ffffffffffffffff
        X[04]:                   ffffffffffffffff
        X[05]:                   0000000000000000
        X[06]:                   0000000000000000
        X[07]:                   0000000000000000
        X[08]:                   0000000000000000
        X[09]:                   0000000000000000
        X[10]:                   0000000000000000
        X[11]:                   0000000000000000
        X[12]:                   0000000000000000
        X[13]:                   0000000000000000
        X[14]:                   0000000000000000
        X[15]:                   0000000000000000
        X[16]:                   0000000000000000
        X[17]:                   0000000000000000
        X[18]:                   0000000000000000
        X[19]:                   0000000000000000
        X[20]:                   0000000000000000
        X[21]:                   0000000000000000
        X[22]:                   0000000000000000
        X[23]:                   0000000000000000
        X[24]:                   0000000000000000
        X[25]:                   0000000000000000
        X[26]:                   0000000000000000
        X[27]:                   0000000000000000
        X[28]:                   0000000000000000
        FP:                      0000006ab2a80b60
        LR:                      0000006f48eb6464 (nnSdk + 0x338464) (_ZN2nn2os6detail22MultiWaitImplByHorizon20WaitSynchronizationNEiPjil + 0x24)
        SP:                      0000006ab2a80b40
        PC:                      0000006f48f07900 (nnSdk + 0x389900)
    Stack Trace:
        ReturnAddress[00]:       0000006f48eb3c48 (nnSdk + 0x335c48) (_ZN2nn2os6detail13MultiWaitImpl19InternalWaitAnyImplEbNS_8TimeSpanE + 0x138)
        ReturnAddress[01]:       0000006f48eb3e78 (nnSdk + 0x335e78) (_ZN2nn2os6detail13MultiWaitImpl11WaitAnyImplEbNS_8TimeSpanE + 0xa8)
        ReturnAddress[02]:       0000006f48eb05f4 (nnSdk + 0x3325f4)
        ReturnAddress[03]:       0000006f48eb055c (nnSdk + 0x33255c)
        ReturnAddress[04]:       0000006f48eb054c (nnSdk + 0x33254c)
        ReturnAddress[05]:       0000006f48eb24b8 (nnSdk + 0x3344b8)
        ReturnAddress[06]:       0000006f48eb6984 (nnSdk + 0x338984)
        ReturnAddress[07]:       0000000000000000
    Stack Dump:                               00 01 02 03 04 05 06 07 08 09 0a 0b 0c 0d 0e 0f
                                 006ab2a80b40 5c 0b a8 b2 6a 00 00 00 00 00 00 00 00 00 00 00
                                 006ab2a80b50 1c 20 72 80 e7 ff ff 7f d0 81 84 49 6f 00 00 00
                                 006ab2a80b60 d0 0e a8 b2 6a 00 00 00 48 3c eb 48 6f 00 00 00
                                 006ab2a80b70 00 7c 84 49 6f 00 00 00 00 00 00 00 00 00 00 00
                                 006ab2a80b80 00 00 00 00 00 00 00 00 00 00 00 00 00 00 00 00
                                 006ab2a80b90 00 00 00 00 00 00 00 00 00 00 00 00 00 00 00 00
                                 006ab2a80ba0 00 00 00 00 00 00 00 00 00 00 00 00 00 00 00 00
                                 006ab2a80bb0 00 00 00 00 00 00 00 00 00 00 00 00 00 00 00 00
                                 006ab2a80bc0 00 00 00 00 00 00 00 00 00 00 00 00 00 00 00 00
                                 006ab2a80bd0 00 00 00 00 00 00 00 00 00 00 00 00 00 00 00 00
                                 006ab2a80be0 00 00 00 00 00 00 00 00 00 00 00 00 00 00 00 00
                                 006ab2a80bf0 00 00 00 00 00 00 00 00 00 00 00 00 00 00 00 00
                                 006ab2a80c00 00 00 00 00 00 00 00 00 00 00 00 00 00 00 00 00
                                 006ab2a80c10 00 00 00 00 00 00 00 00 00 00 00 00 00 00 00 00
                                 006ab2a80c20 00 00 00 00 00 00 00 00 00 00 00 00 00 00 00 00
                                 006ab2a80c30 00 00 00 00 00 00 00 00 00 00 00 00 00 00 00 00
    TLS Address:                 0000002ff44b4400
    TLS Dump:                                 00 01 02 03 04 05 06 07 08 09 0a 0b 0c 0d 0e 0f
                                 002ff44b4400 00 00 00 00 00 00 00 00 00 00 00 00 00 00 00 00
                                 002ff44b4410 00 00 00 00 00 00 00 00 00 00 00 00 00 00 00 00
                                 002ff44b4420 00 00 00 00 00 00 00 00 00 00 00 00 00 00 00 00
                                 002ff44b4430 00 00 00 00 00 00 00 00 00 00 00 00 00 00 00 00
                                 002ff44b4440 00 00 00 00 00 00 00 00 00 00 00 00 00 00 00 00
                                 002ff44b4450 00 00 00 00 00 00 00 00 00 00 00 00 00 00 00 00
                                 002ff44b4460 00 00 00 00 00 00 00 00 00 00 00 00 00 00 00 00
                                 002ff44b4470 00 00 00 00 00 00 00 00 00 00 00 00 00 00 00 00
                                 002ff44b4480 00 00 00 00 00 00 00 00 00 00 00 00 00 00 00 00
                                 002ff44b4490 00 00 00 00 00 00 00 00 00 00 00 00 00 00 00 00
                                 002ff44b44a0 00 00 00 00 00 00 00 00 00 00 00 00 00 00 00 00
                                 002ff44b44b0 00 00 00 00 00 00 00 00 00 00 00 00 00 00 00 00
                                 002ff44b44c0 00 00 00 00 00 00 00 00 00 00 00 00 00 00 00 00
                                 002ff44b44d0 00 00 00 00 00 00 00 00 00 00 00 00 00 00 00 00
                                 002ff44b44e0 00 00 00 00 00 00 00 00 00 00 00 00 00 00 00 00
                                 002ff44b44f0 00 00 00 00 00 00 00 00 00 00 00 00 00 00 00 00
Threads[02]:
    Thread ID:                   00000000000002fb
    Thread Name:                 <UNKNOWN>
    Stack Region:                0000006a96732000-0000006a96772000
    Registers:
        X[00]:                   0000006a96771ef8
        X[01]:                   0000006a96771efc
        X[02]:                   0000000000000001
        X[03]:                   ffffffffffffffff
        X[04]:                   0000000000000000
        X[05]:                   0000000000000000
        X[06]:                   0000000000000000
        X[07]:                   0000000000000000
        X[08]:                   0000000000000000
        X[09]:                   0000000000000000
        X[10]:                   0000000000000000
        X[11]:                   0000000000000000
        X[12]:                   0000000000000000
        X[13]:                   0000000000000000
        X[14]:                   0000000000000000
        X[15]:                   0000000000000000
        X[16]:                   0000000000000000
        X[17]:                   0000000000000000
        X[18]:                   0000000000000000
        X[19]:                   0000000000000000
        X[20]:                   0000000000000000
        X[21]:                   0000000000000000
        X[22]:                   0000000000000000
        X[23]:                   0000000000000000
        X[24]:                   0000000000000000
        X[25]:                   0000000000000000
        X[26]:                   0000000000000000
        X[27]:                   0000000000000000
        X[28]:                   0000000000000000
        FP:                      0000006a96771f10
        LR:                      0000006f48eb7498 (nnSdk + 0x339498) (_ZN2nn2os6detail30InterProcessEventImplByHorizon4WaitEjb + 0x88)
        SP:                      0000006a96771ee0
        PC:                      0000006f48f07900 (nnSdk + 0x389900)
    Stack Trace:
        ReturnAddress[00]:       0000006f4475898c (cross2_Release.nss + 0x375498c)
        ReturnAddress[01]:       0000006f48eb24b8 (nnSdk + 0x3344b8)
        ReturnAddress[02]:       0000006f48eb6984 (nnSdk + 0x338984)
        ReturnAddress[03]:       0000000000000000
    Stack Dump:                               00 01 02 03 04 05 06 07 08 09 0a 0b 0c 0d 0e 0f
                                 006a96771ee0 f8 1e 77 96 6a 00 00 00 28 1f 77 96 6a 00 00 00
                                 006a96771ef0 10 1f 77 96 6a 00 00 00 bc a7 ea 48 f7 01 05 00
                                 006a96771f00 06 00 00 00 00 00 00 00 f0 e4 93 46 6f 00 00 00
                                 006a96771f10 80 1f 77 96 6a 00 00 00 8c 89 75 44 6f 00 00 00
                                 006a96771f20 00 00 00 00 00 00 00 00 0f 00 00 00 02 00 00 00
                                 006a96771f30 00 00 00 00 00 00 00 00 00 00 00 00 00 00 00 00
                                 006a96771f40 00 00 00 00 00 00 00 00 00 00 00 00 00 00 00 00
                                 006a96771f50 00 00 00 00 00 00 00 00 00 00 00 00 00 00 00 00
                                 006a96771f60 00 00 00 00 00 00 00 00 bc 09 95 40 54 00 00 00
                                 006a96771f70 b8 09 95 40 54 00 00 00 10 08 95 40 54 00 00 00
                                 006a96771f80 b0 1f 77 96 6a 00 00 00 b8 24 eb 48 6f 00 00 00
                                 006a96771f90 00 00 00 00 00 00 00 00 00 00 00 00 00 00 00 00
                                 006a96771fa0 00 00 00 00 00 00 00 00 10 08 95 40 54 00 00 00
                                 006a96771fb0 d0 1f 77 96 6a 00 00 00 84 69 eb 48 6f 00 00 00
                                 006a96771fc0 00 00 00 00 00 00 00 00 00 00 00 00 00 00 00 00
                                 006a96771fd0 00 00 00 00 00 00 00 00 00 00 00 00 00 00 00 00
    TLS Address:                 0000002ff44b4600
    TLS Dump:                                 00 01 02 03 04 05 06 07 08 09 0a 0b 0c 0d 0e 0f
                                 002ff44b4600 00 00 00 00 0d 00 00 00 00 00 00 00 00 00 00 00
                                 002ff44b4610 00 00 00 00 00 00 00 00 00 00 00 00 00 00 00 00
                                 002ff44b4620 53 46 43 4f 00 00 00 00 00 00 00 00 77 7d f2 32
                                 002ff44b4630 00 00 00 00 00 00 00 00 00 00 00 00 00 00 00 00
                                 002ff44b4640 00 00 00 00 00 00 00 00 00 00 00 00 00 00 00 00
                                 002ff44b4650 00 00 00 00 00 00 00 00 00 00 00 00 00 00 00 00
                                 002ff44b4660 00 00 00 00 00 00 00 00 00 00 00 00 00 00 00 00
                                 002ff44b4670 00 00 00 00 00 00 00 00 00 00 00 00 00 00 00 00
                                 002ff44b4680 00 00 00 00 00 00 00 00 00 00 00 00 00 00 00 00
                                 002ff44b4690 00 00 00 00 00 00 00 00 00 00 00 00 00 00 00 00
                                 002ff44b46a0 00 00 00 00 00 00 00 00 00 00 00 00 00 00 00 00
                                 002ff44b46b0 00 00 00 00 00 00 00 00 00 00 00 00 00 00 00 00
                                 002ff44b46c0 00 00 00 00 00 00 00 00 00 00 00 00 00 00 00 00
                                 002ff44b46d0 00 00 00 00 00 00 00 00 00 00 00 00 00 00 00 00
                                 002ff44b46e0 00 00 00 00 00 00 00 00 00 00 00 00 00 00 00 00
                                 002ff44b46f0 00 00 00 00 00 00 00 00 00 00 00 00 00 00 00 00
Threads[03]:
    Thread ID:                   00000000000002fc
    Thread Name:                 Thread_0x0000006F48B6BDAC
    Stack Region:                0000006acff8e000-0000006acff9e000
    Registers:
        X[00]:                   0000006acff9db88
        X[01]:                   0000006acff9db28
        X[02]:                   0000000717682b50
        X[03]:                   0000000000000000
        X[04]:                   0000000000000000
        X[05]:                   0000000000000000
        X[06]:                   0000000000000000
        X[07]:                   0000000000000000
        X[08]:                   0000000000000000
        X[09]:                   0000000000000000
        X[10]:                   0000000000000000
        X[11]:                   0000000000084c29
        X[12]:                   0000000000000000
        X[13]:                   0000000000000000
        X[14]:                   0000000000000000
        X[15]:                   0000000000000000
        X[16]:                   0000000000000000
        X[17]:                   0000006f48eb8020 (nnSdk + 0x33a020) (_ZN2nn2os6detail36InternalCriticalSectionImplByHorizon5LeaveEv + 0x0)
        X[18]:                   0000006f4961ec38
        X[19]:                   000000071753f778 (ssbu-online-deluxe + 0x12778) (main_menu_init + 0x0)
        X[20]:                   000000071768b168
        X[21]:                   0000000000000000
        X[22]:                   0000000000000000
        X[23]:                   0000005440cf0450
        X[24]:                   0000000000000000
        X[25]:                   0000000000000000
        X[26]:                   0000000000000000
        X[27]:                   0000000000000000
        X[28]:                   0000000000000000
        FP:                      0000006acff9dfb0
        LR:                      000000071754a014 (ssbu-online-deluxe + 0x1d014) (main + 0x708)
        SP:                      0000006acff9dba0
        PC:                      0000000000000000
    Stack Trace:
        ReturnAddress[00]:       0000006f48eb6984 (nnSdk + 0x338984)
        ReturnAddress[01]:       0000000000000000
    Stack Dump:                               00 01 02 03 04 05 06 07 08 09 0a 0b 0c 0d 0e 0f
                                 006acff9dba0 60 0f d8 41 54 00 00 00 00 00 00 00 54 00 00 00
                                 006acff9dbb0 90 dc f9 cf 00 00 00 00 20 35 00 08 00 00 00 00
                                 006acff9dbc0 00 00 00 00 00 00 00 00 20 35 00 08 00 00 00 00
                                 006acff9dbd0 00 00 00 00 00 00 00 00 00 00 00 00 00 00 00 00
                                 006acff9dbe0 00 00 00 00 00 00 00 00 00 00 00 00 00 00 00 00
                                 006acff9dbf0 00 00 00 00 00 00 00 00 d0 ff ff ff 80 ff ff ff
                                 006acff9dc00 90 dc f9 cf 6a 00 00 00 90 dc f9 cf 6a 00 00 00
                                 006acff9dc10 f5 fa f5 fd f6 fe ff ff ff ff fe fe ff f8 ff ff
                                 006acff9dc20 00 00 00 00 00 00 00 00 9f a9 d6 a6 95 88 95 99
                                 006acff9dc30 00 00 00 00 00 00 00 00 00 00 00 00 00 00 00 00
                                 006acff9dc40 54 77 b6 48 6f 00 00 00 00 00 00 00 00 00 00 00
                                 006acff9dc50 00 00 00 00 00 00 00 00 00 00 00 00 00 00 00 00
                                 006acff9dc60 00 00 00 00 00 00 00 00 00 00 00 00 00 00 00 00
                                 006acff9dc70 00 00 00 00 00 00 00 00 fc 0b 95 40 54 00 00 00
                                 006acff9dc80 00 a0 52 42 54 00 00 00 00 00 72 40 54 00 00 00
                                 006acff9dc90 6c 05 b6 48 6f 00 00 00 00 00 c2 41 54 00 00 00
    TLS Address:                 0000002ff44b4800
    TLS Dump:                                 00 01 02 03 04 05 06 07 08 09 0a 0b 0c 0d 0e 0f
                                 002ff44b4800 06 00 00 00 08 00 00 00 00 00 00 00 00 00 00 00
                                 002ff44b4810 02 00 00 00 a0 00 00 00 00 00 00 00 00 00 00 00
                                 002ff44b4820 53 46 43 4f 00 00 00 00 00 00 00 00 a1 6d 71 f3
                                 002ff44b4830 00 00 00 00 00 00 00 00 01 00 00 00 00 00 00 00
                                 002ff44b4840 01 00 00 00 00 00 00 00 53 03 00 00 00 00 00 00
                                 002ff44b4850 01 00 00 00 00 00 00 00 00 40 77 1b 00 10 5e 5f
                                 002ff44b4860 72 75 6e 74 69 6d 65 00 00 00 00 00 00 00 00 00
                                 002ff44b4870 00 00 00 00 00 00 00 00 00 00 00 00 00 00 00 00
                                 002ff44b4880 00 00 00 00 00 00 00 00 00 00 00 00 00 00 00 00
                                 002ff44b4890 00 00 00 00 00 00 00 00 00 00 00 00 00 00 00 00
                                 002ff44b48a0 00 00 00 00 00 00 00 00 00 00 00 00 00 00 00 00
                                 002ff44b48b0 00 00 00 00 00 00 00 00 00 00 00 00 00 00 00 00
                                 002ff44b48c0 00 00 00 00 00 00 00 00 00 00 00 00 00 00 00 00
                                 002ff44b48d0 00 00 00 00 00 00 00 00 00 00 00 00 00 00 00 00
                                 002ff44b48e0 00 00 00 00 00 00 00 00 00 00 00 00 00 00 00 00
                                 002ff44b48f0 00 00 00 00 00 00 00 00 00 00 00 00 00 00 00 00
Threads[04]:
    Thread ID:                   00000000000002fd
    Thread Name:                 Thread_0x0000006F48B665D8
    Stack Region:                0000006a76a03000-0000006a76a06000
    Registers:
        X[00]:                   00000000001501dc
        X[01]:                   0000002ff44b4a00
        X[02]:                   00000000001501dc
        X[03]:                   0000006a76a05e60
        X[04]:                   0000000000001000
        X[05]:                   0000000000000013
        X[06]:                   0000002ff44b4a00
        X[07]:                   0000000000000001
        X[08]:                   0000000000000000
        X[09]:                   0000000000000000
        X[10]:                   0000000000000000
        X[11]:                   0000000000000000
        X[12]:                   0000000000000000
        X[13]:                   0000000000000000
        X[14]:                   0000000000000000
        X[15]:                   0000000000000000
        X[16]:                   0000000000000000
        X[17]:                   0000000000000000
        X[18]:                   0000000000000000
        X[19]:                   0000000000000000
        X[20]:                   0000000000000000
        X[21]:                   0000000000000000
        X[22]:                   0000000000000000
        X[23]:                   0000000000000000
        X[24]:                   0000000000000000
        X[25]:                   0000000000000000
        X[26]:                   0000000000000000
        X[27]:                   0000000000000000
        X[28]:                   0000000000000000
        FP:                      0000006a76a05dd0
        LR:                      0000006f48ee5684 (nnSdk + 0x367684) (_ZN2nn2sf4hipc15SendSyncRequestENS_3svc6HandleEPvm + 0x34)
        SP:                      0000006a76a05dd0
        PC:                      0000006f48f07954 (nnSdk + 0x389954)
    Stack Trace:
        ReturnAddress[00]:       0000006f48ef9e80 (nnSdk + 0x37be80) (_ZN2nn2sf4cmif6client34CmifDomainProxyClientCoreProcessorINS0_4hipc6client38Hipc2ClientSessionManagedProxyKindBaseINS5_18Hipc2P + 0x150)
        ReturnAddress[01]:       0000006f48ef8304 (nnSdk + 0x37a304)
        ReturnAddress[02]:       0000006f48eefa24 (nnSdk + 0x371a24) (_ZN2nn6socket6detail6AcceptEiP8sockaddrPj + 0xa4)
        ReturnAddress[03]:       0000006f48b666bc (Skyline + 0x66bc)
        ReturnAddress[04]:       0000006f48eb6984 (nnSdk + 0x338984)
        ReturnAddress[05]:       0000000000000000
    Stack Dump:                               00 01 02 03 04 05 06 07 08 09 0a 0b 0c 0d 0e 0f
                                 006a76a05dd0 e0 5e a0 76 6a 00 00 00 80 9e ef 48 6f 00 00 00
                                 006a76a05de0 00 00 00 00 00 00 00 00 20 5f a0 76 6a 00 00 00
                                 006a76a05df0 1c 5f a0 76 6a 00 00 00 01 00 00 00 00 00 00 01
                                 006a76a05e00 0e 0c 00 00 00 00 00 00 00 00 00 00 00 00 00 00
                                 006a76a05e10 00 00 00 00 00 00 00 00 00 00 00 00 02 00 00 00
                                 006a76a05e20 00 00 00 00 05 00 00 00 13 00 00 00 15 00 00 00
                                 006a76a05e30 00 00 00 00 00 00 00 00 00 00 00 00 00 00 00 00
                                 006a76a05e40 00 00 00 00 00 00 00 00 00 00 00 00 00 00 00 00
                                 006a76a05e50 00 00 00 00 00 00 00 00 00 00 00 00 00 00 00 00
                                 006a76a05e60 22 00 00 00 00 00 00 00 70 5f a0 76 6a 00 00 00
                                 006a76a05e70 00 00 00 00 00 00 00 00 f8 5d a0 76 6a 00 00 00
                                 006a76a05e80 00 4a 4b f4 2f 00 00 00 00 00 00 00 00 00 00 00
                                 006a76a05e90 00 00 00 00 00 00 00 00 00 00 00 00 00 00 00 00
                                 006a76a05ea0 00 00 00 00 00 00 00 00 00 00 00 00 00 00 00 00
                                 006a76a05eb0 00 00 00 00 00 00 00 00 00 00 00 00 00 00 00 00
                                 006a76a05ec0 00 00 00 00 00 00 00 00 ac 01 d5 40 54 00 00 00
    TLS Address:                 0000002ff44b4a00
    TLS Dump:                                 00 01 02 03 04 05 06 07 08 09 0a 0b 0c 0d 0e 0f
                                 002ff44b4a00 06 00 00 01 0e 0c 00 00 00 00 00 00 00 00 00 00
                                 002ff44b4a10 00 00 00 00 00 00 00 00 00 00 00 00 00 00 00 00
                                 002ff44b4a20 01 00 14 00 01 00 00 00 00 00 00 00 00 00 00 00
                                 002ff44b4a30 53 46 43 49 01 00 00 00 0c 00 00 00 00 00 00 00
                                 002ff44b4a40 00 00 00 00 ff ff 00 00 00 00 00 00 70 5f a0 76
                                 002ff44b4a50 6a 00 00 00 00 00 00 00 00 00 00 00 00 00 00 00
                                 002ff44b4a60 00 00 00 00 00 00 00 00 00 00 00 00 00 00 00 00
                                 002ff44b4a70 00 00 00 00 00 00 00 00 00 00 00 00 00 00 00 00
                                 002ff44b4a80 00 00 00 00 00 00 00 00 00 00 00 00 00 00 00 00
                                 002ff44b4a90 00 00 00 00 00 00 00 00 00 00 00 00 00 00 00 00
                                 002ff44b4aa0 00 00 00 00 00 00 00 00 00 00 00 00 00 00 00 00
                                 002ff44b4ab0 00 00 00 00 00 00 00 00 00 00 00 00 00 00 00 00
                                 002ff44b4ac0 00 00 00 00 00 00 00 00 00 00 00 00 00 00 00 00
                                 002ff44b4ad0 00 00 00 00 00 00 00 00 00 00 00 00 00 00 00 00
                                 002ff44b4ae0 00 00 00 00 00 00 00 00 00 00 00 00 00 00 00 00
                                 002ff44b4af0 00 00 00 00 00 00 00 00 00 00 00 00 00 00 00 00
Threads[05]:
    Thread ID:                   00000000000002fe
    Thread Name:                 Thread_0x0000006F48B64E5C
    Stack Region:                0000006ad8070000-0000006ad8073000
    Registers:
        X[00]:                   0000000005f5e100
        X[01]:                   0000000000000000
        X[02]:                   0000000000000000
        X[03]:                   0000000000000000
        X[04]:                   0000000000000000
        X[05]:                   0000000000000000
        X[06]:                   0000000000000000
        X[07]:                   0000000000000000
        X[08]:                   0000000000000000
        X[09]:                   0000000000000000
        X[10]:                   0000000000000000
        X[11]:                   0000000000000000
        X[12]:                   0000000000000000
        X[13]:                   0000000000000000
        X[14]:                   0000000000000000
        X[15]:                   0000000000000000
        X[16]:                   0000000000000000
        X[17]:                   0000000000000000
        X[18]:                   0000000000000000
        X[19]:                   0000000000000000
        X[20]:                   0000000000000000
        X[21]:                   0000000000000000
        X[22]:                   0000000000000000
        X[23]:                   0000000000000000
        X[24]:                   0000000000000000
        X[25]:                   0000000000000000
        X[26]:                   0000000000000000
        X[27]:                   0000000000000000
        X[28]:                   0000000000000000
        FP:                      0000006ad8072fb0
        LR:                      0000006f48b64ee4 (Skyline + 0x4ee4)
        SP:                      0000006ad8072f40
        PC:                      0000006f48f0785c (nnSdk + 0x38985c)
    Stack Trace:
        ReturnAddress[00]:       0000006f48eb6984 (nnSdk + 0x338984)
        ReturnAddress[01]:       0000000000000000
    Stack Dump:                               00 01 02 03 04 05 06 07 08 09 0a 0b 0c 0d 0e 0f
                                 006ad8072f00 b0 2f 07 d8 6a 00 00 00 50 00 2f 40 54 00 00 00
                                 006ad8072f10 d0 4e b6 48 6f 00 00 00 00 00 72 40 54 00 00 00
                                 006ad8072f20 00 00 00 00 00 00 00 00 00 e1 f5 05 00 00 00 00
                                 006ad8072f30 b0 2f 07 d8 6a 00 00 00 00 e1 f5 05 00 00 00 00
                                 006ad8072f40 b8 24 eb 48 6f 00 00 00 c0 01 d5 40 54 00 00 00
                                 006ad8072f50 00 00 00 00 00 00 00 00 00 00 72 40 54 00 00 00
                                 006ad8072f60 00 00 00 00 00 00 00 00 78 2f 07 d8 6a 00 00 00
                                 006ad8072f70 09 00 00 00 00 00 00 00 54 63 70 4c 6f 67 67 65
                                 006ad8072f80 72 00 07 d8 6a 00 00 00 00 00 72 40 54 00 00 00
                                 006ad8072f90 00 00 00 00 00 00 00 00 00 00 00 00 00 00 00 00
                                 006ad8072fa0 00 00 00 00 00 00 00 00 c0 01 d5 40 54 00 00 00
                                 006ad8072fb0 d0 2f 07 d8 6a 00 00 00 84 69 eb 48 6f 00 00 00
                                 006ad8072fc0 00 00 00 00 00 00 00 00 00 00 00 00 00 00 00 00
                                 006ad8072fd0 00 00 00 00 00 00 00 00 00 00 00 00 00 00 00 00
                                 006ad8072fe0 50 24 eb 48 6f 00 00 00 00 00 00 00 00 00 00 00
                                 006ad8072ff0 00 00 00 00 00 00 00 00 00 00 00 00 00 00 00 00
    TLS Address:                 0000002ff44b4c00
    TLS Dump:                                 00 01 02 03 04 05 06 07 08 09 0a 0b 0c 0d 0e 0f
                                 002ff44b4c00 00 00 00 00 0e 08 e0 03 00 00 00 00 00 00 00 00
                                 002ff44b4c10 00 00 00 00 00 00 00 00 00 00 00 00 00 00 00 00
                                 002ff44b4c20 53 46 43 4f 00 00 00 00 00 00 00 00 91 ab e3 ac
                                 002ff44b4c30 ff ff ff ff 6b 00 00 00 00 00 00 00 00 00 00 00
                                 002ff44b4c40 00 00 00 00 00 00 00 00 00 00 00 00 00 00 00 00
                                 002ff44b4c50 00 00 00 00 00 00 00 00 00 00 00 00 00 00 00 00
                                 002ff44b4c60 00 00 00 00 00 00 00 00 00 00 00 00 00 00 00 00
                                 002ff44b4c70 00 00 00 00 00 00 00 00 00 00 00 00 00 00 00 00
                                 002ff44b4c80 00 00 00 00 00 00 00 00 00 00 00 00 00 00 00 00
                                 002ff44b4c90 00 00 00 00 00 00 00 00 00 00 00 00 00 00 00 00
                                 002ff44b4ca0 00 00 00 00 00 00 00 00 00 00 00 00 00 00 00 00
                                 002ff44b4cb0 00 00 00 00 00 00 00 00 00 00 00 00 00 00 00 00
                                 002ff44b4cc0 00 00 00 00 00 00 00 00 00 00 00 00 00 00 00 00
                                 002ff44b4cd0 00 00 00 00 00 00 00 00 00 00 00 00 00 00 00 00
                                 002ff44b4ce0 00 00 00 00 00 00 00 00 00 00 00 00 00 00 00 00
                                 002ff44b4cf0 00 00 00 00 00 00 00 00 00 00 00 00 00 00 00 00
Threads[06]:
    Thread ID:                   0000000000000302
    Thread Name:                 Thread_0x0000006F49097670
    Stack Region:                0000006a86622000-0000006a86822000
    Registers:
        X[00]:                   0000000001312d00
        X[01]:                   0000000001312d00
        X[02]:                   0000000000000004
        X[03]:                   0000000000000000
        X[04]:                   0000000000000000
        X[05]:                   0000000000000000
        X[06]:                   0000000000000000
        X[07]:                   0000000000000000
        X[08]:                   0000000000000000
        X[09]:                   0000000000000000
        X[10]:                   0000000000000000
        X[11]:                   0000000000000000
        X[12]:                   0000000000000000
        X[13]:                   0000000000000000
        X[14]:                   0000000000000000
        X[15]:                   0000000000000000
        X[16]:                   0000000000000000
        X[17]:                   0000000000000000
        X[18]:                   0000000000000000
        X[19]:                   0000000000000000
        X[20]:                   0000000000000000
        X[21]:                   0000000000000000
        X[22]:                   0000000000000000
        X[23]:                   0000000000000000
        X[24]:                   0000000000000000
        X[25]:                   0000000000000000
        X[26]:                   0000000000000000
        X[27]:                   0000000000000000
        X[28]:                   0000000000000000
        FP:                      0000006a86821e90
        LR:                      000000482cfd6a68 (arcropolis + 0x25a68)
        SP:                      0000006a86821e90
        PC:                      0000006f48f0785c (nnSdk + 0x38985c)
    Stack Trace:
        ReturnAddress[00]:       000000482d1c9098
        ReturnAddress[01]:       0000000000000008
    Stack Dump:                               00 01 02 03 04 05 06 07 08 09 0a 0b 0c 0d 0e 0f
                                 006a86821e90 a0 90 1c 2d 48 00 00 00 98 90 1c 2d 48 00 00 00
                                 006a86821ea0 04 00 00 00 00 00 00 00 04 00 00 00 00 00 00 00
                                 006a86821eb0 00 00 00 00 00 00 00 00 04 00 00 00 00 00 00 00
                                 006a86821ec0 80 1f 82 86 6a 00 00 00 74 4f 02 2d 48 00 00 00
                                 006a86821ed0 00 00 00 00 00 00 00 00 00 00 00 00 00 00 00 00
                                 006a86821ee0 00 00 00 00 00 00 00 00 00 00 00 00 00 00 00 00
                                 006a86821ef0 00 00 00 00 00 00 00 00 00 00 00 00 00 00 00 00
                                 006a86821f00 00 00 00 00 00 00 00 00 30 a4 1c 2d 48 00 00 00
                                 006a86821f10 e0 00 a8 42 54 00 00 00 80 00 dd 40 54 00 00 00
                                 006a86821f20 00 00 00 00 00 00 00 00 00 00 00 00 00 00 00 00
                                 006a86821f30 0c 5f 0f 2d 48 00 00 00 00 00 00 00 00 00 00 00
                                 006a86821f40 80 00 dd 40 54 00 00 00 20 00 8a 42 54 00 00 00
                                 006a86821f50 d0 76 09 49 6f 00 00 00 ac 61 cb 44 54 00 00 00
                                 006a86821f60 78 1e 7a 49 6f 00 00 00 c0 61 cb 44 54 00 00 00
                                 006a86821f70 a8 61 cb 44 54 00 00 00 00 60 cb 44 54 00 00 00
                                 006a86821f80 b0 1f 82 86 6a 00 00 00 b8 24 eb 48 6f 00 00 00
    TLS Address:                 00000036c61aa000
    TLS Dump:                                 00 01 02 03 04 05 06 07 08 09 0a 0b 0c 0d 0e 0f
                                 0036c61aa000 00 00 00 00 00 00 00 00 00 00 00 00 00 00 00 00
                                 0036c61aa010 00 00 00 00 00 00 00 00 00 00 00 00 00 00 00 00
                                 0036c61aa020 00 00 00 00 00 00 00 00 00 00 00 00 00 00 00 00
                                 0036c61aa030 00 00 00 00 00 00 00 00 00 00 00 00 00 00 00 00
                                 0036c61aa040 00 00 00 00 00 00 00 00 00 00 00 00 00 00 00 00
                                 0036c61aa050 00 00 00 00 00 00 00 00 00 00 00 00 00 00 00 00
                                 0036c61aa060 00 00 00 00 00 00 00 00 00 00 00 00 00 00 00 00
                                 0036c61aa070 00 00 00 00 00 00 00 00 00 00 00 00 00 00 00 00
                                 0036c61aa080 00 00 00 00 00 00 00 00 00 00 00 00 00 00 00 00
                                 0036c61aa090 00 00 00 00 00 00 00 00 00 00 00 00 00 00 00 00
                                 0036c61aa0a0 00 00 00 00 00 00 00 00 00 00 00 00 00 00 00 00
                                 0036c61aa0b0 00 00 00 00 00 00 00 00 00 00 00 00 00 00 00 00
                                 0036c61aa0c0 00 00 00 00 00 00 00 00 00 00 00 00 00 00 00 00
                                 0036c61aa0d0 00 00 00 00 00 00 00 00 00 00 00 00 00 00 00 00
                                 0036c61aa0e0 00 00 00 00 00 00 00 00 00 00 00 00 00 00 00 00
                                 0036c61aa0f0 00 00 00 00 00 00 00 00 00 00 00 00 00 00 00 00
Threads[07]:
    Thread ID:                   0000000000000303
    Thread Name:                 Thread_0x0000006F49097670
    Stack Region:                0000006ada0de000-0000006ada0f2000
    Registers:
        X[00]:                   0000005442a50048
        X[01]:                   0000005442a50014
        X[02]:                   00000000001b81d1
        X[03]:                   ffffffffffffffff
        X[04]:                   0000000000000000
        X[05]:                   0000000000000000
        X[06]:                   0000000000000000
        X[07]:                   0000000000000000
        X[08]:                   0000000000000000
        X[09]:                   0000000000000000
        X[10]:                   0000000000000000
        X[11]:                   0000000000000000
        X[12]:                   0000000000000000
        X[13]:                   0000000000000000
        X[14]:                   0000000000000000
        X[15]:                   0000000000000000
        X[16]:                   0000000000000000
        X[17]:                   0000000000000000
        X[18]:                   0000000000000000
        X[19]:                   0000000000000000
        X[20]:                   0000000000000000
        X[21]:                   0000000000000000
        X[22]:                   0000000000000000
        X[23]:                   0000000000000000
        X[24]:                   0000000000000000
        X[25]:                   0000000000000000
        X[26]:                   0000000000000000
        X[27]:                   0000000000000000
        X[28]:                   0000000000000000
        FP:                      0000006ada0f1ed0
        LR:                      0000006f48eb7998 (nnSdk + 0x339998) (_ZN2nn2os6detail38InternalConditionVariableImplByHorizon4WaitEPNS1_23InternalCriticalSectionE + 0x48)
        SP:                      0000006ada0f1eb0
        PC:                      0000006f48f0792c (nnSdk + 0x38992c)
    Stack Trace:
        ReturnAddress[00]:       0000006f48eac464 (nnSdk + 0x32e464) (_ZN2nn2os21WaitConditionVariableEPNS0_21ConditionVariableTypeEPNS0_9MutexTypeE + 0x44)
        ReturnAddress[01]:       0000006f49097ebc (nnSdk + 0x519ebc) (__nnmusl_WaitConditionVariable + 0xc)
        ReturnAddress[02]:       0000006f49098404 (nnSdk + 0x51a404) (__nx_pthread_detached_worker_start + 0x5c)
        ReturnAddress[03]:       0000006f490976d0 (nnSdk + 0x5196d0)
        ReturnAddress[04]:       0000006f48eb24b8 (nnSdk + 0x3344b8)
        ReturnAddress[05]:       0000006f48eb6984 (nnSdk + 0x338984)
        ReturnAddress[06]:       0000000000000000
    Stack Dump:                               00 01 02 03 04 05 06 07 08 09 0a 0b 0c 0d 0e 0f
                                 006ada0f1eb0 00 00 a5 42 54 00 00 00 00 00 00 00 00 00 00 00
                                 006ada0f1ec0 50 00 a5 42 54 00 00 00 30 00 a5 42 54 00 00 00
                                 006ada0f1ed0 f0 1e 0f da 6a 00 00 00 64 c4 ea 48 6f 00 00 00
                                 006ada0f1ee0 30 00 a5 42 54 00 00 00 30 00 a5 42 54 00 00 00
                                 006ada0f1ef0 00 1f 0f da 6a 00 00 00 bc 7e 09 49 6f 00 00 00
                                 006ada0f1f00 60 1f 0f da 6a 00 00 00 04 84 09 49 6f 00 00 00
                                 006ada0f1f10 00 00 00 00 00 00 00 00 00 00 00 00 00 00 00 00
                                 006ada0f1f20 00 00 00 00 00 00 00 00 00 00 00 00 00 00 00 00
                                 006ada0f1f30 00 00 00 00 00 00 00 00 00 00 00 00 00 00 00 00
                                 006ada0f1f40 00 00 00 00 00 00 00 00 ac c1 06 42 54 00 00 00
                                 006ada0f1f50 78 1e 7a 49 6f 00 00 00 c0 c1 06 42 54 00 00 00
                                 006ada0f1f60 80 1f 0f da 6a 00 00 00 d0 76 09 49 6f 00 00 00
                                 006ada0f1f70 a8 c1 06 42 54 00 00 00 00 c0 06 42 54 00 00 00
                                 006ada0f1f80 b0 1f 0f da 6a 00 00 00 b8 24 eb 48 6f 00 00 00
                                 006ada0f1f90 00 00 00 00 00 00 00 00 00 00 00 00 00 00 00 00
                                 006ada0f1fa0 00 00 00 00 00 00 00 00 00 c0 06 42 54 00 00 00
    TLS Address:                 00000036c61aa200
    TLS Dump:                                 00 01 02 03 04 05 06 07 08 09 0a 0b 0c 0d 0e 0f
                                 0036c61aa200 00 00 00 00 00 00 00 00 00 00 00 00 00 00 00 00
                                 0036c61aa210 00 00 00 00 00 00 00 00 00 00 00 00 00 00 00 00
                                 0036c61aa220 00 00 00 00 00 00 00 00 00 00 00 00 00 00 00 00
                                 0036c61aa230 00 00 00 00 00 00 00 00 00 00 00 00 00 00 00 00
                                 0036c61aa240 00 00 00 00 00 00 00 00 00 00 00 00 00 00 00 00
                                 0036c61aa250 00 00 00 00 00 00 00 00 00 00 00 00 00 00 00 00
                                 0036c61aa260 00 00 00 00 00 00 00 00 00 00 00 00 00 00 00 00
                                 0036c61aa270 00 00 00 00 00 00 00 00 00 00 00 00 00 00 00 00
                                 0036c61aa280 00 00 00 00 00 00 00 00 00 00 00 00 00 00 00 00
                                 0036c61aa290 00 00 00 00 00 00 00 00 00 00 00 00 00 00 00 00
                                 0036c61aa2a0 00 00 00 00 00 00 00 00 00 00 00 00 00 00 00 00
                                 0036c61aa2b0 00 00 00 00 00 00 00 00 00 00 00 00 00 00 00 00
                                 0036c61aa2c0 00 00 00 00 00 00 00 00 00 00 00 00 00 00 00 00
                                 0036c61aa2d0 00 00 00 00 00 00 00 00 00 00 00 00 00 00 00 00
                                 0036c61aa2e0 00 00 00 00 00 00 00 00 00 00 00 00 00 00 00 00
                                 0036c61aa2f0 00 00 00 00 00 00 00 00 00 00 00 00 00 00 00 00
