Atmosphère Crash Report (v1.7):
Result:                          0xA8 (2168-0000)

Process Info:
    Process Name:                Application
    Program ID:                  01006a800016e000
    Process ID:                  000000000000008c
    Process Flags:               00000077
    User Exception Address:      0000005bf4b35000
Exception Info:
    Type:                        Undefined Instruction
    Address:                     0000005ad573d838 (training_modpack + 0x62838)
    Opcode:                      d4200020
Crashed Thread Info:
    Thread ID:                   00000000000002bd
    Thread Name:                 Thread_0x000000061936CDAC
    Stack Region:                0000003a89a86000-0000003a89a96000
    Registers:
        X[00]:                   0000001040dd0300
        X[01]:                   0000003a89a95348
        X[02]:                   0000001042ad03b0
        X[03]:                   0000000000000001
        X[04]:                   0000000000000000
        X[05]:                   0000000000000000
        X[06]:                   0000000000000000
        X[07]:                   0000000000000000
        X[08]:                   0000001042af0300
        X[09]:                   0000000000000001
        X[10]:                   0000000000000001
        X[11]:                   000000061a078630
        X[12]:                   0000000000000000
        X[13]:                   0000000000000000
        X[14]:                   0000000000000000
        X[15]:                   0000000000000000
        X[16]:                   0000000619fa8ed0
        X[17]:                   00000006196b0f40 (nnSdk + 0x331f40) (_ZN2nn2os11GetTlsValueENS0_7TlsSlotE + 0x0)
        X[18]:                   0000000000000000
        X[19]:                   0000000000000001
        X[20]:                   0000005ad5944358
        X[21]:                   0000000000000000
        X[22]:                   0000005ad5937330
        X[23]:                   0000005ad5944000
        X[24]:                   0000000000000000
        X[25]:                   0000003a89a95560
        X[26]:                   0000005ad5943f00
        X[27]:                   0000005ad5943000
        X[28]:                   0000000000000000
        FP:                      0000003a89a95fb0
        LR:                      0000005ad573d6e4 (training_modpack + 0x626e4)
        SP:                      0000003a89a95390
        PC:                      0000005ad573d838 (training_modpack + 0x62838)
    Stack Trace:
        ReturnAddress[00]:       00000006196b7984 (nnSdk + 0x338984)
        ReturnAddress[01]:       0000000000000000
    Stack Dump:                               00 01 02 03 04 05 06 07 08 09 0a 0b 0c 0d 0e 0f
                                 003a89a95390 78 53 a9 89 3a 00 00 00 80 54 a9 89 3a 00 00 00
                                 003a89a953a0 60 4c 93 d5 5a 00 00 00 30 73 93 d5 5a 00 00 00
                                 003a89a953b0 02 00 00 00 00 00 00 00 80 54 a9 89 3a 00 00 00
                                 003a89a953c0 00 00 00 00 00 00 00 00 20 00 00 00 00 00 00 00
                                 003a89a953d0 80 54 a9 89 3a 00 00 00 78 4a 93 d5 5a 00 00 00
                                 003a89a953e0 30 73 93 d5 5a 00 00 00 01 00 00 00 00 00 00 00
                                 003a89a953f0 20 00 00 00 00 00 00 00 01 00 00 00 00 00 00 00
                                 003a89a95400 b0 54 a9 89 3a 00 00 00 03 02 dd 40 10 00 00 00
                                 003a89a95410 00 00 00 00 00 00 00 00 46 79 8c d5 5a 00 00 00
                                 003a89a95420 21 00 00 00 00 00 00 00 00 00 00 00 00 00 00 00
                                 003a89a95430 31 79 8c d5 5a 00 00 00 15 00 00 00 00 00 00 00
                                 003a89a95440 9c e0 73 d5 5a 00 00 00 60 55 a9 89 3a 00 00 00
                                 003a89a95450 00 00 00 00 00 00 00 00 08 41 94 d5 5a 00 00 00
                                 003a89a95460 c8 a7 93 d5 5a 00 00 00 c0 7e 93 d5 5a 00 00 00
                                 003a89a95470 40 57 a9 89 3a 00 00 00 a0 b6 93 d5 5a 00 00 00
                                 003a89a95480 24 00 00 00 00 00 00 00 b0 07 cf 40 10 00 00 00
    TLS Address:                 0000005bf4b35800
    TLS Dump:                                 00 01 02 03 04 05 06 07 08 09 0a 0b 0c 0d 0e 0f
                                 005bf4b35800 06 00 00 00 08 00 00 00 00 00 00 00 00 00 00 00
                                 005bf4b35810 02 00 00 00 2c 00 00 00 00 00 00 00 00 00 00 00
                                 005bf4b35820 53 46 43 4f 00 00 00 00 80 04 00 00 b3 0f 1e d6
                                 005bf4b35830 00 00 00 00 00 00 00 00 0a 00 00 00 00 00 00 00
                                 005bf4b35840 00 00 00 00 00 00 00 00 36 00 00 00 00 00 00 00
                                 005bf4b35850 20 00 00 00 00 00 00 00 00 00 00 00 00 00 00 00
                                 005bf4b35860 53 46 43 49 01 00 00 00 0c 00 00 00 00 00 00 00
                                 005bf4b35870 01 00 00 00 00 00 00 00 00 00 00 00 00 00 00 00
                                 005bf4b35880 00 00 00 00 00 00 00 00 00 00 00 00 00 00 00 00
                                 005bf4b35890 00 00 00 00 00 00 00 00 00 00 00 00 00 00 00 00
                                 005bf4b358a0 00 00 00 00 00 00 00 00 00 00 00 00 00 00 00 00
                                 005bf4b358b0 00 00 00 00 00 00 00 00 00 00 00 00 00 00 00 00
                                 005bf4b358c0 00 00 00 00 00 00 00 00 00 00 00 00 00 00 00 00
                                 005bf4b358d0 00 00 00 00 00 00 00 00 00 00 00 00 00 00 00 00
                                 005bf4b358e0 00 00 00 00 00 00 00 00 00 00 00 00 00 00 00 00
                                 005bf4b358f0 00 00 00 00 00 00 00 00 00 00 00 00 00 00 00 00
Module Info:
    Number of Modules:           09
    Module 00:
        Address:                 0000005ad56db000-0000005ad585f000
        Name:                    training_modpack
        Module Id:               0000000000000000000000000000000000000000000000000000000000000000
    Module 01:
        Address:                 00000006117dc000-0000000611800000
        Name:                    [00000000]
        Module Id:               0000000000000000000000000000000000000000000000000000000000000000
    Module 02:
        Address:                 0000000611800000-0000000611802000
        Name:                    nnrtld
        Module Id:               285183CAC95179371CC22CEC3723F882E1589659000000000000000000000000
    Module 03:
        Address:                 0000000611804000-00000006151cd000
        Name:                    cross2_Release.nss
        Module Id:               21450C647B8C5940ED5B68218EA128FD3C5D597D000000000000000000000000
    Module 04:
        Address:                 0000000618c4c000-0000000618fb9000
        Name:                    multimedia
        Module Id:               60C6EDBBFCEBD4176CC301D5D9CB5A6F094F9360000000000000000000000000
    Module 05:
        Address:                 0000000619361000-0000000619372000
        Name:                    Skyline
        Module Id:               84F953E76E1E2E976B0C1540F615449D25DA5BF3000000000000000000000000
    Module 06:
        Address:                 000000061937f000-00000006198c0000
        Name:                    nnSdk
        Module Id:               5FD4F531C1195E9E5510C9E73F22CD39612839F8000000000000000000000000
    Module 07:
        Address:                 00000045ad54c000-00000045ad699000
        Name:                    arcropolis
        Module Id:               0000000000000000000000000000000000000000000000000000000000000000
    Module 08:
        Address:                 000000437df20000-000000437df36000
        Name:                    ssbu-pia-manager-impl
        Module Id:               0000000000000000000000000000000000000000000000000000000000000000
Thread Report:
Number of Threads:               09
Threads[00]:
    Thread ID:                   00000000000002b7
    Thread Name:                 MainThread
    Stack Region:                0000003a874db000-0000003a875db000
    Registers:
        X[00]:                   00000010402f003c
        X[01]:                   00000010402f0040
        X[02]:                   00000000000081ff
        X[03]:                   ffffffffffffffff
        X[04]:                   0000000000000000
        X[05]:                   0000000000000000
        X[06]:                   0000000000000000
        X[07]:                   0000000000000000
        X[08]:                   0000000000000000
        X[09]:                   0000000000000000
        X[10]:                   0000000000000000
        X[11]:                   0000000000000000
        X[12]:                   0000000000000000
        X[13]:                   0000000000000000
        X[14]:                   0000000000000000
        X[15]:                   0000000000000000
        X[16]:                   0000000000000000
        X[17]:                   0000000000000000
        X[18]:                   0000000000000000
        X[19]:                   0000000000000000
        X[20]:                   0000000000000000
        X[21]:                   0000000000000000
        X[22]:                   0000000000000000
        X[23]:                   0000000000000000
        X[24]:                   0000000000000000
        X[25]:                   0000000000000000
        X[26]:                   0000000000000000
        X[27]:                   0000000000000000
        X[28]:                   0000000000000000
        FP:                      0000003a875d8ca0
        LR:                      00000006196b8998 (nnSdk + 0x339998) (_ZN2nn2os6detail38InternalConditionVariableImplByHorizon4WaitEPNS1_23InternalCriticalSectionE + 0x48)
        SP:                      0000003a875d8c80
        PC:                      000000061970892c (nnSdk + 0x38992c)
    Stack Trace:
        ReturnAddress[00]:       00000006196ad898 (nnSdk + 0x32e898) (_ZN2nn2os9WaitEventEPNS0_9EventTypeE + 0x48)
        ReturnAddress[01]:       0000000619361618 (Skyline + 0x618)
        ReturnAddress[02]:       0000000614f462ac (cross2_Release.nss + 0x37422ac)
        ReturnAddress[03]:       0000000611ac9968 (cross2_Release.nss + 0x2c5968) (nnMain + 0x348)
        ReturnAddress[04]:       000000061961ca2c (nnSdk + 0x29da2c) (_ZN2nn4init5StartEmmPFvvES2_ + 0x4c)
        ReturnAddress[05]:       00000006118000c0 (nnrtld + 0xc0)
    Stack Dump:                               00 01 02 03 04 05 06 07 08 09 0a 0b 0c 0d 0e 0f
                                 003a875d8c80 40 00 2f 40 10 00 00 00 00 00 00 00 00 00 00 00
                                 003a875d8c90 20 00 2f 40 10 00 00 00 3c 00 2f 40 10 00 00 00
                                 003a875d8ca0 d0 8c 5d 87 3a 00 00 00 98 d8 6a 19 06 00 00 00
                                 003a875d8cb0 d0 06 00 00 00 00 00 00 49 8f 5d 87 3a 00 00 00
                                 003a875d8cc0 80 0a 72 40 10 00 00 00 00 0a 95 40 10 00 00 00
                                 003a875d8cd0 c0 93 5d 87 3a 00 00 00 18 16 36 19 06 00 00 00
                                 003a875d8ce0 40 34 36 19 06 00 00 00 30 8f 5d 87 3a 00 00 00
                                 003a875d8cf0 10 81 bb 40 10 00 00 00 90 8e 5d 87 3a 00 00 00
                                 003a875d8d00 38 8d 5d 87 3a 00 00 00 a8 8e 5d 87 3a 00 00 00
                                 003a875d8d10 30 23 36 19 06 00 00 00 00 0a 95 40 10 00 00 00
                                 003a875d8d20 dc 2e 36 19 06 00 00 00 a8 8e 5d 87 3a 00 00 00
                                 003a875d8d30 a8 8e 5d 87 3a 00 00 00 70 8d 5d 87 01 00 00 00
                                 003a875d8d40 30 23 36 19 06 00 00 00 a8 8e 5d 87 3a 00 00 00
                                 003a875d8d50 38 28 36 19 06 00 00 00 60 8e 5d 87 3a 00 00 00
                                 003a875d8d60 9f 8d 5d 87 3a 00 00 00 a8 8e 5d 87 3a 00 00 00
                                 003a875d8d70 a8 8e 5d 87 3a 00 00 00 a8 8e 5d 87 3a 00 00 00
    TLS Address:                 0000005bf4b35200
    TLS Dump:                                 00 01 02 03 04 05 06 07 08 09 0a 0b 0c 0d 0e 0f
                                 005bf4b35200 00 00 00 00 0c 00 00 00 00 00 00 00 00 00 00 00
                                 005bf4b35210 00 00 00 00 00 00 00 00 00 00 00 00 00 00 00 00
                                 005bf4b35220 53 46 43 4f 00 00 00 00 00 00 00 00 eb ca d2 c4
                                 005bf4b35230 ac 05 00 00 00 00 00 00 00 00 00 00 00 00 00 00
                                 005bf4b35240 64 a4 b3 19 04 00 00 00 ac 05 00 00 00 00 00 00
                                 005bf4b35250 00 00 00 00 00 00 00 00 00 00 00 00 00 00 00 00
                                 005bf4b35260 00 00 00 00 00 00 00 00 00 00 00 00 00 00 00 00
                                 005bf4b35270 00 00 00 00 00 00 00 00 00 00 00 00 00 00 00 00
                                 005bf4b35280 00 00 00 00 00 00 00 00 00 00 00 00 00 00 00 00
                                 005bf4b35290 00 00 00 00 00 00 00 00 00 00 00 00 00 00 00 00
                                 005bf4b352a0 00 00 00 00 00 00 00 00 00 00 00 00 00 00 00 00
                                 005bf4b352b0 00 00 00 00 00 00 00 00 00 00 00 00 00 00 00 00
                                 005bf4b352c0 00 00 00 00 00 00 00 00 00 00 00 00 00 00 00 00
                                 005bf4b352d0 00 00 00 00 00 00 00 00 00 00 00 00 00 00 00 00
                                 005bf4b352e0 00 00 00 00 00 00 00 00 00 00 00 00 00 00 00 00
                                 005bf4b352f0 00 00 00 00 00 00 00 00 00 00 00 00 00 00 00 00
Threads[01]:
    Thread ID:                   00000000000002b8
    Thread Name:                 NxSystemThread
    Stack Region:                0000003a50bdd000-0000003a50bde000
    Registers:
        X[00]:                   0000003a50bddb5c
        X[01]:                   0000003a50bddd74
        X[02]:                   0000000000000001
        X[03]:                   ffffffffffffffff
        X[04]:                   ffffffffffffffff
        X[05]:                   0000000000000000
        X[06]:                   0000000000000000
        X[07]:                   0000000000000000
        X[08]:                   0000000000000000
        X[09]:                   0000000000000000
        X[10]:                   0000000000000000
        X[11]:                   0000000000000000
        X[12]:                   0000000000000000
        X[13]:                   0000000000000000
        X[14]:                   0000000000000000
        X[15]:                   0000000000000000
        X[16]:                   0000000000000000
        X[17]:                   0000000000000000
        X[18]:                   0000000000000000
        X[19]:                   0000000000000000
        X[20]:                   0000000000000000
        X[21]:                   0000000000000000
        X[22]:                   0000000000000000
        X[23]:                   0000000000000000
        X[24]:                   0000000000000000
        X[25]:                   0000000000000000
        X[26]:                   0000000000000000
        X[27]:                   0000000000000000
        X[28]:                   0000000000000000
        FP:                      0000003a50bddb60
        LR:                      00000006196b7464 (nnSdk + 0x338464) (_ZN2nn2os6detail22MultiWaitImplByHorizon20WaitSynchronizationNEiPjil + 0x24)
        SP:                      0000003a50bddb40
        PC:                      0000000619708900 (nnSdk + 0x389900)
    Stack Trace:
        ReturnAddress[00]:       00000006196b4c48 (nnSdk + 0x335c48) (_ZN2nn2os6detail13MultiWaitImpl19InternalWaitAnyImplEbNS_8TimeSpanE + 0x138)
        ReturnAddress[01]:       00000006196b4e78 (nnSdk + 0x335e78) (_ZN2nn2os6detail13MultiWaitImpl11WaitAnyImplEbNS_8TimeSpanE + 0xa8)
        ReturnAddress[02]:       00000006196b15f4 (nnSdk + 0x3325f4)
        ReturnAddress[03]:       00000006196b155c (nnSdk + 0x33255c)
        ReturnAddress[04]:       00000006196b154c (nnSdk + 0x33254c)
        ReturnAddress[05]:       00000006196b34b8 (nnSdk + 0x3344b8)
        ReturnAddress[06]:       00000006196b7984 (nnSdk + 0x338984)
        ReturnAddress[07]:       0000000000000000
    Stack Dump:                               00 01 02 03 04 05 06 07 08 09 0a 0b 0c 0d 0e 0f
                                 003a50bddb40 5c db bd 50 3a 00 00 00 00 00 00 00 00 00 00 00
                                 003a50bddb50 c3 5d c6 99 f1 ff ff 7f d0 91 04 1a 06 00 00 00
                                 003a50bddb60 d0 de bd 50 3a 00 00 00 48 4c 6b 19 06 00 00 00
                                 003a50bddb70 00 8c 04 1a 06 00 00 00 00 00 00 00 00 00 00 00
                                 003a50bddb80 00 00 00 00 00 00 00 00 00 00 00 00 00 00 00 00
                                 003a50bddb90 00 00 00 00 00 00 00 00 00 00 00 00 00 00 00 00
                                 003a50bddba0 00 00 00 00 00 00 00 00 00 00 00 00 00 00 00 00
                                 003a50bddbb0 00 00 00 00 00 00 00 00 00 00 00 00 00 00 00 00
                                 003a50bddbc0 00 00 00 00 00 00 00 00 00 00 00 00 00 00 00 00
                                 003a50bddbd0 00 00 00 00 00 00 00 00 00 00 00 00 00 00 00 00
                                 003a50bddbe0 00 00 00 00 00 00 00 00 00 00 00 00 00 00 00 00
                                 003a50bddbf0 00 00 00 00 00 00 00 00 00 00 00 00 00 00 00 00
                                 003a50bddc00 00 00 00 00 00 00 00 00 00 00 00 00 00 00 00 00
                                 003a50bddc10 00 00 00 00 00 00 00 00 00 00 00 00 00 00 00 00
                                 003a50bddc20 00 00 00 00 00 00 00 00 00 00 00 00 00 00 00 00
                                 003a50bddc30 00 00 00 00 00 00 00 00 00 00 00 00 00 00 00 00
    TLS Address:                 0000005bf4b35400
    TLS Dump:                                 00 01 02 03 04 05 06 07 08 09 0a 0b 0c 0d 0e 0f
                                 005bf4b35400 00 00 00 00 00 00 00 00 00 00 00 00 00 00 00 00
                                 005bf4b35410 00 00 00 00 00 00 00 00 00 00 00 00 00 00 00 00
                                 005bf4b35420 00 00 00 00 00 00 00 00 00 00 00 00 00 00 00 00
                                 005bf4b35430 00 00 00 00 00 00 00 00 00 00 00 00 00 00 00 00
                                 005bf4b35440 00 00 00 00 00 00 00 00 00 00 00 00 00 00 00 00
                                 005bf4b35450 00 00 00 00 00 00 00 00 00 00 00 00 00 00 00 00
                                 005bf4b35460 00 00 00 00 00 00 00 00 00 00 00 00 00 00 00 00
                                 005bf4b35470 00 00 00 00 00 00 00 00 00 00 00 00 00 00 00 00
                                 005bf4b35480 00 00 00 00 00 00 00 00 00 00 00 00 00 00 00 00
                                 005bf4b35490 00 00 00 00 00 00 00 00 00 00 00 00 00 00 00 00
                                 005bf4b354a0 00 00 00 00 00 00 00 00 00 00 00 00 00 00 00 00
                                 005bf4b354b0 00 00 00 00 00 00 00 00 00 00 00 00 00 00 00 00
                                 005bf4b354c0 00 00 00 00 00 00 00 00 00 00 00 00 00 00 00 00
                                 005bf4b354d0 00 00 00 00 00 00 00 00 00 00 00 00 00 00 00 00
                                 005bf4b354e0 00 00 00 00 00 00 00 00 00 00 00 00 00 00 00 00
                                 005bf4b354f0 00 00 00 00 00 00 00 00 00 00 00 00 00 00 00 00
Threads[02]:
    Thread ID:                   00000000000002b9
    Thread Name:                 <UNKNOWN>
    Stack Region:                0000003a369c9000-0000003a36a09000
    Registers:
        X[00]:                   0000003a36a08ef8
        X[01]:                   0000003a36a08efc
        X[02]:                   0000000000000001
        X[03]:                   ffffffffffffffff
        X[04]:                   0000000000000000
        X[05]:                   0000000000000000
        X[06]:                   0000000000000000
        X[07]:                   0000000000000000
        X[08]:                   0000000000000000
        X[09]:                   0000000000000000
        X[10]:                   0000000000000000
        X[11]:                   0000000000000000
        X[12]:                   0000000000000000
        X[13]:                   0000000000000000
        X[14]:                   0000000000000000
        X[15]:                   0000000000000000
        X[16]:                   0000000000000000
        X[17]:                   0000000000000000
        X[18]:                   0000000000000000
        X[19]:                   0000000000000000
        X[20]:                   0000000000000000
        X[21]:                   0000000000000000
        X[22]:                   0000000000000000
        X[23]:                   0000000000000000
        X[24]:                   0000000000000000
        X[25]:                   0000000000000000
        X[26]:                   0000000000000000
        X[27]:                   0000000000000000
        X[28]:                   0000000000000000
        FP:                      0000003a36a08f10
        LR:                      00000006196b8498 (nnSdk + 0x339498) (_ZN2nn2os6detail30InterProcessEventImplByHorizon4WaitEjb + 0x88)
        SP:                      0000003a36a08ee0
        PC:                      0000000619708900 (nnSdk + 0x389900)
    Stack Trace:
        ReturnAddress[00]:       0000000614f58f3c (cross2_Release.nss + 0x3754f3c)
        ReturnAddress[01]:       00000006196b34b8 (nnSdk + 0x3344b8)
        ReturnAddress[02]:       00000006196b7984 (nnSdk + 0x338984)
        ReturnAddress[03]:       0000000000000000
    Stack Dump:                               00 01 02 03 04 05 06 07 08 09 0a 0b 0c 0d 0e 0f
                                 003a36a08ee0 f8 8e a0 36 3a 00 00 00 28 8f a0 36 3a 00 00 00
                                 003a36a08ef0 10 8f a0 36 3a 00 00 00 bc b7 6a 19 f7 01 05 00
                                 003a36a08f00 06 00 00 00 00 00 00 00 f0 f4 13 17 06 00 00 00
                                 003a36a08f10 80 8f a0 36 3a 00 00 00 3c 8f f5 14 06 00 00 00
                                 003a36a08f20 00 00 00 00 00 00 00 00 0f 00 00 00 03 00 00 00
                                 003a36a08f30 00 00 00 00 00 00 00 00 00 00 00 00 00 00 00 00
                                 003a36a08f40 00 00 00 00 00 00 00 00 00 00 00 00 00 00 00 00
                                 003a36a08f50 00 00 00 00 00 00 00 00 00 00 00 00 00 00 00 00
                                 003a36a08f60 00 00 00 00 00 00 00 00 bc 09 95 40 10 00 00 00
                                 003a36a08f70 b8 09 95 40 10 00 00 00 10 08 95 40 10 00 00 00
                                 003a36a08f80 b0 8f a0 36 3a 00 00 00 b8 34 6b 19 06 00 00 00
                                 003a36a08f90 00 00 00 00 00 00 00 00 00 00 00 00 00 00 00 00
                                 003a36a08fa0 00 00 00 00 00 00 00 00 10 08 95 40 10 00 00 00
                                 003a36a08fb0 d0 8f a0 36 3a 00 00 00 84 79 6b 19 06 00 00 00
                                 003a36a08fc0 00 00 00 00 00 00 00 00 00 00 00 00 00 00 00 00
                                 003a36a08fd0 00 00 00 00 00 00 00 00 00 00 00 00 00 00 00 00
    TLS Address:                 0000005bf4b35600
    TLS Dump:                                 00 01 02 03 04 05 06 07 08 09 0a 0b 0c 0d 0e 0f
                                 005bf4b35600 00 00 00 00 0d 00 00 00 00 00 00 00 00 00 00 00
                                 005bf4b35610 00 00 00 00 00 00 00 00 00 00 00 00 00 00 00 00
                                 005bf4b35620 53 46 43 4f 00 00 00 00 00 00 00 00 77 7d f2 32
                                 005bf4b35630 02 00 00 00 00 00 00 00 00 00 00 00 00 00 00 00
                                 005bf4b35640 00 00 00 00 00 00 00 00 00 00 00 00 00 00 00 00
                                 005bf4b35650 00 00 00 00 00 00 00 00 00 00 00 00 00 00 00 00
                                 005bf4b35660 00 00 00 00 00 00 00 00 00 00 00 00 00 00 00 00
                                 005bf4b35670 00 00 00 00 00 00 00 00 00 00 00 00 00 00 00 00
                                 005bf4b35680 00 00 00 00 00 00 00 00 00 00 00 00 00 00 00 00
                                 005bf4b35690 00 00 00 00 00 00 00 00 00 00 00 00 00 00 00 00
                                 005bf4b356a0 00 00 00 00 00 00 00 00 00 00 00 00 00 00 00 00
                                 005bf4b356b0 00 00 00 00 00 00 00 00 00 00 00 00 00 00 00 00
                                 005bf4b356c0 00 00 00 00 00 00 00 00 00 00 00 00 00 00 00 00
                                 005bf4b356d0 00 00 00 00 00 00 00 00 00 00 00 00 00 00 00 00
                                 005bf4b356e0 00 00 00 00 00 00 00 00 00 00 00 00 00 00 00 00
                                 005bf4b356f0 00 00 00 00 00 00 00 00 00 00 00 00 00 00 00 00
Threads[03]:
    Thread ID:                   00000000000002bd
    Thread Name:                 Thread_0x000000061936CDAC
    Stack Region:                0000003a89a86000-0000003a89a96000
    Registers:
        X[00]:                   0000001040dd0300
        X[01]:                   0000003a89a95348
        X[02]:                   0000001042ad03b0
        X[03]:                   0000000000000001
        X[04]:                   0000000000000000
        X[05]:                   0000000000000000
        X[06]:                   0000000000000000
        X[07]:                   0000000000000000
        X[08]:                   0000001042af0300
        X[09]:                   0000000000000001
        X[10]:                   0000000000000001
        X[11]:                   000000061a078630
        X[12]:                   0000000000000000
        X[13]:                   0000000000000000
        X[14]:                   0000000000000000
        X[15]:                   0000000000000000
        X[16]:                   0000000619fa8ed0
        X[17]:                   00000006196b0f40 (nnSdk + 0x331f40) (_ZN2nn2os11GetTlsValueENS0_7TlsSlotE + 0x0)
        X[18]:                   0000000000000000
        X[19]:                   0000000000000001
        X[20]:                   0000005ad5944358
        X[21]:                   0000000000000000
        X[22]:                   0000005ad5937330
        X[23]:                   0000005ad5944000
        X[24]:                   0000000000000000
        X[25]:                   0000003a89a95560
        X[26]:                   0000005ad5943f00
        X[27]:                   0000005ad5943000
        X[28]:                   0000000000000000
        FP:                      0000003a89a95fb0
        LR:                      0000005ad573d6e4 (training_modpack + 0x626e4)
        SP:                      0000003a89a95390
        PC:                      0000005ad573d838 (training_modpack + 0x62838)
    Stack Trace:
        ReturnAddress[00]:       00000006196b7984 (nnSdk + 0x338984)
        ReturnAddress[01]:       0000000000000000
    Stack Dump:                               00 01 02 03 04 05 06 07 08 09 0a 0b 0c 0d 0e 0f
                                 003a89a95390 78 53 a9 89 3a 00 00 00 80 54 a9 89 3a 00 00 00
                                 003a89a953a0 60 4c 93 d5 5a 00 00 00 30 73 93 d5 5a 00 00 00
                                 003a89a953b0 02 00 00 00 00 00 00 00 80 54 a9 89 3a 00 00 00
                                 003a89a953c0 00 00 00 00 00 00 00 00 20 00 00 00 00 00 00 00
                                 003a89a953d0 80 54 a9 89 3a 00 00 00 78 4a 93 d5 5a 00 00 00
                                 003a89a953e0 30 73 93 d5 5a 00 00 00 01 00 00 00 00 00 00 00
                                 003a89a953f0 20 00 00 00 00 00 00 00 01 00 00 00 00 00 00 00
                                 003a89a95400 b0 54 a9 89 3a 00 00 00 03 02 dd 40 10 00 00 00
                                 003a89a95410 00 00 00 00 00 00 00 00 46 79 8c d5 5a 00 00 00
                                 003a89a95420 21 00 00 00 00 00 00 00 00 00 00 00 00 00 00 00
                                 003a89a95430 31 79 8c d5 5a 00 00 00 15 00 00 00 00 00 00 00
                                 003a89a95440 9c e0 73 d5 5a 00 00 00 60 55 a9 89 3a 00 00 00
                                 003a89a95450 00 00 00 00 00 00 00 00 08 41 94 d5 5a 00 00 00
                                 003a89a95460 c8 a7 93 d5 5a 00 00 00 c0 7e 93 d5 5a 00 00 00
                                 003a89a95470 40 57 a9 89 3a 00 00 00 a0 b6 93 d5 5a 00 00 00
                                 003a89a95480 24 00 00 00 00 00 00 00 b0 07 cf 40 10 00 00 00
    TLS Address:                 0000005bf4b35800
    TLS Dump:                                 00 01 02 03 04 05 06 07 08 09 0a 0b 0c 0d 0e 0f
                                 005bf4b35800 06 00 00 00 08 00 00 00 00 00 00 00 00 00 00 00
                                 005bf4b35810 02 00 00 00 2c 00 00 00 00 00 00 00 00 00 00 00
                                 005bf4b35820 53 46 43 4f 00 00 00 00 80 04 00 00 b3 0f 1e d6
                                 005bf4b35830 00 00 00 00 00 00 00 00 0a 00 00 00 00 00 00 00
                                 005bf4b35840 00 00 00 00 00 00 00 00 36 00 00 00 00 00 00 00
                                 005bf4b35850 20 00 00 00 00 00 00 00 00 00 00 00 00 00 00 00
                                 005bf4b35860 53 46 43 49 01 00 00 00 0c 00 00 00 00 00 00 00
                                 005bf4b35870 01 00 00 00 00 00 00 00 00 00 00 00 00 00 00 00
                                 005bf4b35880 00 00 00 00 00 00 00 00 00 00 00 00 00 00 00 00
                                 005bf4b35890 00 00 00 00 00 00 00 00 00 00 00 00 00 00 00 00
                                 005bf4b358a0 00 00 00 00 00 00 00 00 00 00 00 00 00 00 00 00
                                 005bf4b358b0 00 00 00 00 00 00 00 00 00 00 00 00 00 00 00 00
                                 005bf4b358c0 00 00 00 00 00 00 00 00 00 00 00 00 00 00 00 00
                                 005bf4b358d0 00 00 00 00 00 00 00 00 00 00 00 00 00 00 00 00
                                 005bf4b358e0 00 00 00 00 00 00 00 00 00 00 00 00 00 00 00 00
                                 005bf4b358f0 00 00 00 00 00 00 00 00 00 00 00 00 00 00 00 00
Threads[04]:
    Thread ID:                   00000000000002be
    Thread Name:                 Thread_0x00000006193675D8
    Stack Region:                0000003a77b56000-0000003a77b59000
    Registers:
        X[00]:                   00000000001501dc
        X[01]:                   0000005bf4b35a00
        X[02]:                   00000000001501dc
        X[03]:                   0000003a77b58e60
        X[04]:                   0000000000001000
        X[05]:                   0000000000000013
        X[06]:                   0000005bf4b35a00
        X[07]:                   0000000000000001
        X[08]:                   0000000000000000
        X[09]:                   0000000000000000
        X[10]:                   0000000000000000
        X[11]:                   0000000000000000
        X[12]:                   0000000000000000
        X[13]:                   0000000000000000
        X[14]:                   0000000000000000
        X[15]:                   0000000000000000
        X[16]:                   0000000000000000
        X[17]:                   0000000000000000
        X[18]:                   0000000000000000
        X[19]:                   0000000000000000
        X[20]:                   0000000000000000
        X[21]:                   0000000000000000
        X[22]:                   0000000000000000
        X[23]:                   0000000000000000
        X[24]:                   0000000000000000
        X[25]:                   0000000000000000
        X[26]:                   0000000000000000
        X[27]:                   0000000000000000
        X[28]:                   0000000000000000
        FP:                      0000003a77b58dd0
        LR:                      00000006196e6684 (nnSdk + 0x367684) (_ZN2nn2sf4hipc15SendSyncRequestENS_3svc6HandleEPvm + 0x34)
        SP:                      0000003a77b58dd0
        PC:                      0000000619708954 (nnSdk + 0x389954)
    Stack Trace:
        ReturnAddress[00]:       00000006196fae80 (nnSdk + 0x37be80) (_ZN2nn2sf4cmif6client34CmifDomainProxyClientCoreProcessorINS0_4hipc6client38Hipc2ClientSessionManagedProxyKindBaseINS5_18Hipc2P + 0x150)
        ReturnAddress[01]:       00000006196f9304 (nnSdk + 0x37a304)
        ReturnAddress[02]:       00000006196f0a24 (nnSdk + 0x371a24) (_ZN2nn6socket6detail6AcceptEiP8sockaddrPj + 0xa4)
        ReturnAddress[03]:       00000006193676bc (Skyline + 0x66bc)
        ReturnAddress[04]:       00000006196b7984 (nnSdk + 0x338984)
        ReturnAddress[05]:       0000000000000000
    Stack Dump:                               00 01 02 03 04 05 06 07 08 09 0a 0b 0c 0d 0e 0f
                                 003a77b58dd0 e0 8e b5 77 3a 00 00 00 80 ae 6f 19 06 00 00 00
                                 003a77b58de0 00 00 00 00 00 00 00 00 20 8f b5 77 3a 00 00 00
                                 003a77b58df0 1c 8f b5 77 3a 00 00 00 01 00 00 00 00 00 00 01
                                 003a77b58e00 0e 0c 00 00 00 00 00 00 00 00 00 00 00 00 00 00
                                 003a77b58e10 00 00 00 00 00 00 00 00 00 00 00 00 02 00 00 00
                                 003a77b58e20 00 00 00 00 05 00 00 00 13 00 00 00 15 00 00 00
                                 003a77b58e30 00 00 00 00 00 00 00 00 00 00 00 00 00 00 00 00
                                 003a77b58e40 00 00 00 00 00 00 00 00 00 00 00 00 00 00 00 00
                                 003a77b58e50 00 00 00 00 00 00 00 00 00 00 00 00 00 00 00 00
                                 003a77b58e60 22 00 00 00 00 00 00 00 70 8f b5 77 3a 00 00 00
                                 003a77b58e70 00 00 00 00 00 00 00 00 f8 8d b5 77 3a 00 00 00
                                 003a77b58e80 00 5a b3 f4 5b 00 00 00 00 00 00 00 00 00 00 00
                                 003a77b58e90 00 00 00 00 00 00 00 00 00 00 00 00 00 00 00 00
                                 003a77b58ea0 00 00 00 00 00 00 00 00 00 00 00 00 00 00 00 00
                                 003a77b58eb0 00 00 00 00 00 00 00 00 00 00 00 00 00 00 00 00
                                 003a77b58ec0 00 00 00 00 00 00 00 00 ac 01 d5 40 10 00 00 00
    TLS Address:                 0000005bf4b35a00
    TLS Dump:                                 00 01 02 03 04 05 06 07 08 09 0a 0b 0c 0d 0e 0f
                                 005bf4b35a00 06 00 00 01 0e 0c 00 00 00 00 00 00 00 00 00 00
                                 005bf4b35a10 00 00 00 00 00 00 00 00 00 00 00 00 00 00 00 00
                                 005bf4b35a20 01 00 14 00 01 00 00 00 00 00 00 00 00 00 00 00
                                 005bf4b35a30 53 46 43 49 01 00 00 00 0c 00 00 00 00 00 00 00
                                 005bf4b35a40 00 00 00 00 ff ff 00 00 00 00 00 00 70 8f b5 77
                                 005bf4b35a50 3a 00 00 00 00 00 00 00 00 00 00 00 00 00 00 00
                                 005bf4b35a60 00 00 00 00 00 00 00 00 00 00 00 00 00 00 00 00
                                 005bf4b35a70 00 00 00 00 00 00 00 00 00 00 00 00 00 00 00 00
                                 005bf4b35a80 00 00 00 00 00 00 00 00 00 00 00 00 00 00 00 00
                                 005bf4b35a90 00 00 00 00 00 00 00 00 00 00 00 00 00 00 00 00
                                 005bf4b35aa0 00 00 00 00 00 00 00 00 00 00 00 00 00 00 00 00
                                 005bf4b35ab0 00 00 00 00 00 00 00 00 00 00 00 00 00 00 00 00
                                 005bf4b35ac0 00 00 00 00 00 00 00 00 00 00 00 00 00 00 00 00
                                 005bf4b35ad0 00 00 00 00 00 00 00 00 00 00 00 00 00 00 00 00
                                 005bf4b35ae0 00 00 00 00 00 00 00 00 00 00 00 00 00 00 00 00
                                 005bf4b35af0 00 00 00 00 00 00 00 00 00 00 00 00 00 00 00 00
Threads[05]:
    Thread ID:                   00000000000002bf
    Thread Name:                 Thread_0x0000000619365E5C
    Stack Region:                0000003a717c6000-0000003a717c9000
    Registers:
        X[00]:                   0000000005f5e100
        X[01]:                   0000000000000000
        X[02]:                   0000000000000000
        X[03]:                   0000000000000000
        X[04]:                   0000000000000000
        X[05]:                   0000000000000000
        X[06]:                   0000000000000000
        X[07]:                   0000000000000000
        X[08]:                   0000000000000000
        X[09]:                   0000000000000000
        X[10]:                   0000000000000000
        X[11]:                   0000000000000000
        X[12]:                   0000000000000000
        X[13]:                   0000000000000000
        X[14]:                   0000000000000000
        X[15]:                   0000000000000000
        X[16]:                   0000000000000000
        X[17]:                   0000000000000000
        X[18]:                   0000000000000000
        X[19]:                   0000000000000000
        X[20]:                   0000000000000000
        X[21]:                   0000000000000000
        X[22]:                   0000000000000000
        X[23]:                   0000000000000000
        X[24]:                   0000000000000000
        X[25]:                   0000000000000000
        X[26]:                   0000000000000000
        X[27]:                   0000000000000000
        X[28]:                   0000000000000000
        FP:                      0000003a717c8fb0
        LR:                      0000000619365ee4 (Skyline + 0x4ee4)
        SP:                      0000003a717c8f40
        PC:                      000000061970885c (nnSdk + 0x38985c)
    Stack Trace:
        ReturnAddress[00]:       00000006196b7984 (nnSdk + 0x338984)
        ReturnAddress[01]:       0000000000000000
    Stack Dump:                               00 01 02 03 04 05 06 07 08 09 0a 0b 0c 0d 0e 0f
                                 003a717c8f00 b0 8f 7c 71 3a 00 00 00 50 00 2f 40 10 00 00 00
                                 003a717c8f10 d0 5e 36 19 06 00 00 00 00 00 72 40 10 00 00 00
                                 003a717c8f20 00 00 00 00 00 00 00 00 00 e1 f5 05 00 00 00 00
                                 003a717c8f30 b0 8f 7c 71 3a 00 00 00 00 e1 f5 05 00 00 00 00
                                 003a717c8f40 b8 34 6b 19 06 00 00 00 c0 01 d5 40 10 00 00 00
                                 003a717c8f50 00 00 00 00 00 00 00 00 00 00 72 40 10 00 00 00
                                 003a717c8f60 00 00 00 00 00 00 00 00 78 8f 7c 71 3a 00 00 00
                                 003a717c8f70 09 00 00 00 00 00 00 00 54 63 70 4c 6f 67 67 65
                                 003a717c8f80 72 00 7c 71 3a 00 00 00 00 00 72 40 10 00 00 00
                                 003a717c8f90 00 00 00 00 00 00 00 00 00 00 00 00 00 00 00 00
                                 003a717c8fa0 00 00 00 00 00 00 00 00 c0 01 d5 40 10 00 00 00
                                 003a717c8fb0 d0 8f 7c 71 3a 00 00 00 84 79 6b 19 06 00 00 00
                                 003a717c8fc0 00 00 00 00 00 00 00 00 00 00 00 00 00 00 00 00
                                 003a717c8fd0 00 00 00 00 00 00 00 00 00 00 00 00 00 00 00 00
                                 003a717c8fe0 50 34 6b 19 06 00 00 00 00 00 00 00 00 00 00 00
                                 003a717c8ff0 00 00 00 00 00 00 00 00 00 00 00 00 00 00 00 00
    TLS Address:                 0000005bf4b35c00
    TLS Dump:                                 00 01 02 03 04 05 06 07 08 09 0a 0b 0c 0d 0e 0f
                                 005bf4b35c00 00 00 00 00 0e 08 e0 03 00 00 00 00 00 00 00 00
                                 005bf4b35c10 00 00 00 00 00 00 00 00 00 00 00 00 00 00 00 00
                                 005bf4b35c20 53 46 43 4f 00 00 00 00 00 00 00 00 91 ab e3 ac
                                 005bf4b35c30 ff ff ff ff 6b 00 00 00 00 00 00 00 00 00 00 00
                                 005bf4b35c40 00 00 00 00 00 00 00 00 00 00 00 00 00 00 00 00
                                 005bf4b35c50 00 00 00 00 00 00 00 00 00 00 00 00 00 00 00 00
                                 005bf4b35c60 00 00 00 00 00 00 00 00 00 00 00 00 00 00 00 00
                                 005bf4b35c70 00 00 00 00 00 00 00 00 00 00 00 00 00 00 00 00
                                 005bf4b35c80 00 00 00 00 00 00 00 00 00 00 00 00 00 00 00 00
                                 005bf4b35c90 00 00 00 00 00 00 00 00 00 00 00 00 00 00 00 00
                                 005bf4b35ca0 00 00 00 00 00 00 00 00 00 00 00 00 00 00 00 00
                                 005bf4b35cb0 00 00 00 00 00 00 00 00 00 00 00 00 00 00 00 00
                                 005bf4b35cc0 00 00 00 00 00 00 00 00 00 00 00 00 00 00 00 00
                                 005bf4b35cd0 00 00 00 00 00 00 00 00 00 00 00 00 00 00 00 00
                                 005bf4b35ce0 00 00 00 00 00 00 00 00 00 00 00 00 00 00 00 00
                                 005bf4b35cf0 00 00 00 00 00 00 00 00 00 00 00 00 00 00 00 00
Threads[06]:
    Thread ID:                   00000000000002c3
    Thread Name:                 Thread_0x0000000619898670
    Stack Region:                0000003a4b9ac000-0000003a4bbac000
    Registers:
        X[00]:                   0000000001312d00
        X[01]:                   0000000001312d00
        X[02]:                   0000000000000004
        X[03]:                   0000000000000000
        X[04]:                   0000000000000000
        X[05]:                   0000000000000000
        X[06]:                   0000000000000000
        X[07]:                   0000000000000000
        X[08]:                   0000000000000000
        X[09]:                   0000000000000000
        X[10]:                   0000000000000000
        X[11]:                   0000000000000000
        X[12]:                   0000000000000000
        X[13]:                   0000000000000000
        X[14]:                   0000000000000000
        X[15]:                   0000000000000000
        X[16]:                   0000000000000000
        X[17]:                   0000000000000000
        X[18]:                   0000000000000000
        X[19]:                   0000000000000000
        X[20]:                   0000000000000000
        X[21]:                   0000000000000000
        X[22]:                   0000000000000000
        X[23]:                   0000000000000000
        X[24]:                   0000000000000000
        X[25]:                   0000000000000000
        X[26]:                   0000000000000000
        X[27]:                   0000000000000000
        X[28]:                   0000000000000000
        FP:                      0000003a4bbabf80
        LR:                      00000045ad5fd1e4 (arcropolis + 0xb11e4)
        SP:                      0000003a4bbabe50
        PC:                      000000061970885c (nnSdk + 0x38985c)
    Stack Trace:
        ReturnAddress[00]:       00000006196b34b8 (nnSdk + 0x3344b8)
        ReturnAddress[01]:       00000006196b7984 (nnSdk + 0x338984)
        ReturnAddress[02]:       0000000000000000
    Stack Dump:                               00 01 02 03 04 05 06 07 08 09 0a 0b 0c 0d 0e 0f
                                 003a4bbabe50 00 00 00 00 00 00 00 00 00 00 00 00 00 00 00 00
                                 003a4bbabe60 04 00 00 00 00 00 00 00 00 00 00 00 00 00 00 00
                                 003a4bbabe70 98 22 76 ad 45 00 00 00 90 22 76 ad 45 00 00 00
                                 003a4bbabe80 04 00 00 00 00 00 00 00 04 00 00 00 00 00 00 00
                                 003a4bbabe90 00 00 00 00 00 00 00 00 04 00 00 00 00 00 00 00
                                 003a4bbabea0 80 bf ba 4b 3a 00 00 00 08 02 57 ad 45 00 00 00
                                 003a4bbabeb0 00 00 00 00 00 00 00 00 00 00 00 00 00 00 00 00
                                 003a4bbabec0 00 00 00 00 00 00 00 00 00 00 00 00 00 00 00 00
                                 003a4bbabed0 00 00 00 00 00 00 00 00 00 00 00 00 00 00 00 00
                                 003a4bbabee0 00 00 00 00 00 00 00 00 ac 61 00 43 10 00 00 00
                                 003a4bbabef0 90 03 cf 40 10 00 00 00 90 03 cf 40 10 00 00 00
                                 003a4bbabf00 00 00 00 00 00 00 00 00 08 00 00 00 00 00 00 00
                                 003a4bbabf10 00 00 00 00 00 00 00 00 00 00 00 00 00 00 00 00
                                 003a4bbabf20 68 1e 67 ad 45 00 00 00 ac 61 00 43 10 00 00 00
                                 003a4bbabf30 90 03 cf 40 10 00 00 00 c8 cb 75 ad 45 00 00 00
                                 003a4bbabf40 54 37 67 ad 45 00 00 00 ac 61 00 43 10 00 00 00
    TLS Address:                 0000005c62612000
    TLS Dump:                                 00 01 02 03 04 05 06 07 08 09 0a 0b 0c 0d 0e 0f
                                 005c62612000 00 00 00 00 00 00 00 00 00 00 00 00 00 00 00 00
                                 005c62612010 00 00 00 00 00 00 00 00 00 00 00 00 00 00 00 00
                                 005c62612020 00 00 00 00 00 00 00 00 00 00 00 00 00 00 00 00
                                 005c62612030 00 00 00 00 00 00 00 00 00 00 00 00 00 00 00 00
                                 005c62612040 00 00 00 00 00 00 00 00 00 00 00 00 00 00 00 00
                                 005c62612050 00 00 00 00 00 00 00 00 00 00 00 00 00 00 00 00
                                 005c62612060 00 00 00 00 00 00 00 00 00 00 00 00 00 00 00 00
                                 005c62612070 00 00 00 00 00 00 00 00 00 00 00 00 00 00 00 00
                                 005c62612080 00 00 00 00 00 00 00 00 00 00 00 00 00 00 00 00
                                 005c62612090 00 00 00 00 00 00 00 00 00 00 00 00 00 00 00 00
                                 005c626120a0 00 00 00 00 00 00 00 00 00 00 00 00 00 00 00 00
                                 005c626120b0 00 00 00 00 00 00 00 00 00 00 00 00 00 00 00 00
                                 005c626120c0 00 00 00 00 00 00 00 00 00 00 00 00 00 00 00 00
                                 005c626120d0 00 00 00 00 00 00 00 00 00 00 00 00 00 00 00 00
                                 005c626120e0 00 00 00 00 00 00 00 00 00 00 00 00 00 00 00 00
                                 005c626120f0 00 00 00 00 00 00 00 00 00 00 00 00 00 00 00 00
Threads[07]:
    Thread ID:                   00000000000002c4
    Thread Name:                 Thread_0x0000000619898670
    Stack Region:                0000003a3add2000-0000003a3ade6000
    Registers:
        X[00]:                   0000001042b70048
        X[01]:                   0000001042b70014
        X[02]:                   00000000001b81d1
        X[03]:                   ffffffffffffffff
        X[04]:                   0000000000000000
        X[05]:                   0000000000000000
        X[06]:                   0000000000000000
        X[07]:                   0000000000000000
        X[08]:                   0000000000000000
        X[09]:                   0000000000000000
        X[10]:                   0000000000000000
        X[11]:                   0000000000000000
        X[12]:                   0000000000000000
        X[13]:                   0000000000000000
        X[14]:                   0000000000000000
        X[15]:                   0000000000000000
        X[16]:                   0000000000000000
        X[17]:                   0000000000000000
        X[18]:                   0000000000000000
        X[19]:                   0000000000000000
        X[20]:                   0000000000000000
        X[21]:                   0000000000000000
        X[22]:                   0000000000000000
        X[23]:                   0000000000000000
        X[24]:                   0000000000000000
        X[25]:                   0000000000000000
        X[26]:                   0000000000000000
        X[27]:                   0000000000000000
        X[28]:                   0000000000000000
        FP:                      0000003a3ade5ed0
        LR:                      00000006196b8998 (nnSdk + 0x339998) (_ZN2nn2os6detail38InternalConditionVariableImplByHorizon4WaitEPNS1_23InternalCriticalSectionE + 0x48)
        SP:                      0000003a3ade5eb0
        PC:                      000000061970892c (nnSdk + 0x38992c)
    Stack Trace:
        ReturnAddress[00]:       00000006196ad464 (nnSdk + 0x32e464) (_ZN2nn2os21WaitConditionVariableEPNS0_21ConditionVariableTypeEPNS0_9MutexTypeE + 0x44)
        ReturnAddress[01]:       0000000619898ebc (nnSdk + 0x519ebc) (__nnmusl_WaitConditionVariable + 0xc)
        ReturnAddress[02]:       0000000619899404 (nnSdk + 0x51a404) (__nx_pthread_detached_worker_start + 0x5c)
        ReturnAddress[03]:       00000006198986d0 (nnSdk + 0x5196d0)
        ReturnAddress[04]:       00000006196b34b8 (nnSdk + 0x3344b8)
        ReturnAddress[05]:       00000006196b7984 (nnSdk + 0x338984)
        ReturnAddress[06]:       0000000000000000
    Stack Dump:                               00 01 02 03 04 05 06 07 08 09 0a 0b 0c 0d 0e 0f
                                 003a3ade5eb0 00 00 b7 42 10 00 00 00 00 00 00 00 00 00 00 00
                                 003a3ade5ec0 50 00 b7 42 10 00 00 00 30 00 b7 42 10 00 00 00
                                 003a3ade5ed0 f0 5e de 3a 3a 00 00 00 64 d4 6a 19 06 00 00 00
                                 003a3ade5ee0 30 00 b7 42 10 00 00 00 30 00 b7 42 10 00 00 00
                                 003a3ade5ef0 00 5f de 3a 3a 00 00 00 bc 8e 89 19 06 00 00 00
                                 003a3ade5f00 60 5f de 3a 3a 00 00 00 04 94 89 19 06 00 00 00
                                 003a3ade5f10 00 00 00 00 00 00 00 00 00 00 00 00 00 00 00 00
                                 003a3ade5f20 00 00 00 00 00 00 00 00 00 00 00 00 00 00 00 00
                                 003a3ade5f30 00 00 00 00 00 00 00 00 00 00 00 00 00 00 00 00
                                 003a3ade5f40 00 00 00 00 00 00 00 00 ac 41 0a 43 10 00 00 00
                                 003a3ade5f50 78 2e fa 19 06 00 00 00 c0 41 0a 43 10 00 00 00
                                 003a3ade5f60 80 5f de 3a 3a 00 00 00 d0 86 89 19 06 00 00 00
                                 003a3ade5f70 a8 41 0a 43 10 00 00 00 00 40 0a 43 10 00 00 00
                                 003a3ade5f80 b0 5f de 3a 3a 00 00 00 b8 34 6b 19 06 00 00 00
                                 003a3ade5f90 00 00 00 00 00 00 00 00 00 00 00 00 00 00 00 00
                                 003a3ade5fa0 00 00 00 00 00 00 00 00 00 40 0a 43 10 00 00 00
    TLS Address:                 0000005c62612200
    TLS Dump:                                 00 01 02 03 04 05 06 07 08 09 0a 0b 0c 0d 0e 0f
                                 005c62612200 00 00 00 00 00 00 00 00 00 00 00 00 00 00 00 00
                                 005c62612210 00 00 00 00 00 00 00 00 00 00 00 00 00 00 00 00
                                 005c62612220 00 00 00 00 00 00 00 00 00 00 00 00 00 00 00 00
                                 005c62612230 00 00 00 00 00 00 00 00 00 00 00 00 00 00 00 00
                                 005c62612240 00 00 00 00 00 00 00 00 00 00 00 00 00 00 00 00
                                 005c62612250 00 00 00 00 00 00 00 00 00 00 00 00 00 00 00 00
                                 005c62612260 00 00 00 00 00 00 00 00 00 00 00 00 00 00 00 00
                                 005c62612270 00 00 00 00 00 00 00 00 00 00 00 00 00 00 00 00
                                 005c62612280 00 00 00 00 00 00 00 00 00 00 00 00 00 00 00 00
                                 005c62612290 00 00 00 00 00 00 00 00 00 00 00 00 00 00 00 00
                                 005c626122a0 00 00 00 00 00 00 00 00 00 00 00 00 00 00 00 00
                                 005c626122b0 00 00 00 00 00 00 00 00 00 00 00 00 00 00 00 00
                                 005c626122c0 00 00 00 00 00 00 00 00 00 00 00 00 00 00 00 00
                                 005c626122d0 00 00 00 00 00 00 00 00 00 00 00 00 00 00 00 00
                                 005c626122e0 00 00 00 00 00 00 00 00 00 00 00 00 00 00 00 00
                                 005c626122f0 00 00 00 00 00 00 00 00 00 00 00 00 00 00 00 00
Threads[08]:
    Thread ID:                   00000000000002c8
    Thread Name:                 Thread_0x0000000619898670
    Stack Region:                0000003a42ae2000-0000003a42ce2000
    Registers:
        X[00]:                   0000000077359400
        X[01]:                   0000000000000011
        X[02]:                   0000000000000000
        X[03]:                   0000000000000000
        X[04]:                   0000000000000000
        X[05]:                   0000000000000000
        X[06]:                   0000000000000000
        X[07]:                   0000000000000000
        X[08]:                   0000000000000000
        X[09]:                   0000000000000000
        X[10]:                   0000000000000000
        X[11]:                   0000000000000000
        X[12]:                   0000000000000000
        X[13]:                   0000000000000000
        X[14]:                   0000000000000000
        X[15]:                   0000000000000000
        X[16]:                   0000000000000000
        X[17]:                   0000000000000000
        X[18]:                   0000000000000000
        X[19]:                   0000000000000000
        X[20]:                   0000000000000000
        X[21]:                   0000000000000000
        X[22]:                   0000000000000000
        X[23]:                   0000000000000000
        X[24]:                   0000000000000000
        X[25]:                   0000000000000000
        X[26]:                   0000000000000000
        X[27]:                   0000000000000000
        X[28]:                   0000000000000000
        FP:                      0000003a42ce1ed8
        LR:                      000000437df2a880 (ssbu-pia-manager-impl + 0xa880)
        SP:                      0000003a42ce1db0
        PC:                      000000061970885c (nnSdk + 0x38985c)
    Stack Trace:
        ReturnAddress[00]:       0000003a42ce1f80
        ReturnAddress[01]:       000000061a04b250
        ReturnAddress[02]:       00000010435ab000
        ReturnAddress[03]:       00000010430a4000
        ReturnAddress[04]:       0000001043006000
        ReturnAddress[05]:       0000001042d20000
        ReturnAddress[06]:       0000001040d501c0
        ReturnAddress[07]:       0000001040d50000
        ReturnAddress[08]:       0000001040950a50
        ReturnAddress[09]:       0000001040950810
        ReturnAddress[10]:       000000061a049000
        ReturnAddress[11]:       000000061a04b088
        ReturnAddress[12]:       000000061a04b250
        ReturnAddress[13]:       00000010435ab000
        ReturnAddress[14]:       00000010430a4000
        ReturnAddress[15]:       0000001043006000
        ReturnAddress[16]:       0000001042d20000
        ReturnAddress[17]:       0000001040d501c0
        ReturnAddress[18]:       0000001040d50000
        ReturnAddress[19]:       0000001040950a50
        ReturnAddress[20]:       0000001040950810
        ReturnAddress[21]:       000000061a049000
        ReturnAddress[22]:       000000061a04b088
        ReturnAddress[23]:       000000061a04b250
        ReturnAddress[24]:       00000010435ab000
        ReturnAddress[25]:       00000010430a4000
        ReturnAddress[26]:       0000001043006000
        ReturnAddress[27]:       0000001042d20000
        ReturnAddress[28]:       0000001040d501c0
        ReturnAddress[29]:       0000001040d50000
        ReturnAddress[30]:       0000001040950a50
        ReturnAddress[31]:       0000001040950810
    Stack Dump:                               00 01 02 03 04 05 06 07 08 09 0a 0b 0c 0d 0e 0f
                                 003a42ce1db0 00 00 00 00 00 00 00 00 d0 1d ce 42 3a 00 00 00
                                 003a42ce1dc0 a0 1e ce 42 3a 00 00 00 00 00 00 00 00 00 00 00
                                 003a42ce1dd0 00 00 00 00 00 00 00 00 00 00 00 00 00 00 00 00
                                 003a42ce1de0 00 00 00 00 00 00 00 00 00 00 00 00 00 00 00 00
                                 003a42ce1df0 01 17 13 15 06 00 00 00 b0 34 f3 7d 43 00 00 00
                                 003a42ce1e00 80 d6 f3 7d 43 00 00 00 00 b0 5a 43 10 00 00 00
                                 003a42ce1e10 00 00 00 00 00 00 00 00 b0 1e ce 42 3a 00 00 00
                                 003a42ce1e20 50 1e ce 42 3a 00 00 00 80 1e ce 42 3a 00 00 00
                                 003a42ce1e30 10 00 00 00 00 00 00 00 2c fb 12 15 00 00 00 00
                                 003a42ce1e40 c0 1e ce 42 3a 00 00 00 10 23 13 15 06 00 00 00
                                 003a42ce1e50 a8 1e ce 42 3a 00 00 00 01 00 00 00 00 00 00 00
                                 003a42ce1e60 10 00 00 00 00 00 00 00 10 00 00 00 00 00 00 00
                                 003a42ce1e70 00 01 dd 40 fe ff ff ff ff ff ff ff 10 00 00 00
                                 003a42ce1e80 00 01 00 01 01 00 00 00 01 00 00 00 00 00 00 00
                                 003a42ce1e90 00 00 00 00 00 00 00 00 d2 ef b6 15 06 00 00 00
                                 003a42ce1ea0 40 1f 72 40 10 00 00 00 00 00 00 00 00 00 00 00
    TLS Address:                 0000005c62612400
    TLS Dump:                                 00 01 02 03 04 05 06 07 08 09 0a 0b 0c 0d 0e 0f
                                 005c62612400 00 00 00 00 00 00 00 00 00 00 00 00 00 00 00 00
                                 005c62612410 00 00 00 00 00 00 00 00 00 00 00 00 00 00 00 00
                                 005c62612420 00 00 00 00 00 00 00 00 00 00 00 00 00 00 00 00
                                 005c62612430 00 00 00 00 00 00 00 00 00 00 00 00 00 00 00 00
                                 005c62612440 00 00 00 00 00 00 00 00 00 00 00 00 00 00 00 00
                                 005c62612450 00 00 00 00 00 00 00 00 00 00 00 00 00 00 00 00
                                 005c62612460 00 00 00 00 00 00 00 00 00 00 00 00 00 00 00 00
                                 005c62612470 00 00 00 00 00 00 00 00 00 00 00 00 00 00 00 00
                                 005c62612480 00 00 00 00 00 00 00 00 00 00 00 00 00 00 00 00
                                 005c62612490 00 00 00 00 00 00 00 00 00 00 00 00 00 00 00 00
                                 005c626124a0 00 00 00 00 00 00 00 00 00 00 00 00 00 00 00 00
                                 005c626124b0 00 00 00 00 00 00 00 00 00 00 00 00 00 00 00 00
                                 005c626124c0 00 00 00 00 00 00 00 00 00 00 00 00 00 00 00 00
                                 005c626124d0 00 00 00 00 00 00 00 00 00 00 00 00 00 00 00 00
                                 005c626124e0 00 00 00 00 00 00 00 00 00 00 00 00 00 00 00 00
                                 005c626124f0 00 00 00 00 00 00 00 00 00 00 00 00 00 00 00 00
