Atmosphère Crash Report (v1.7):
Result:                          0xA8 (2168-0000)

Process Info:
    Process Name:                Application
    Program ID:                  01006a800016e000
    Process ID:                  000000000000008b
    Process Flags:               00000077
    User Exception Address:      0000002e622af000
Exception Info:
    Type:                        Undefined Instruction
    Address:                     0000006dca728bdc (ssbu-online-deluxe + 0x20bdc)
    Opcode:                      d4200020
Crashed Thread Info:
    Thread ID:                   00000000000002a1
    Thread Name:                 Thread_0x00000013BBD6CDAC
    Stack Region:                0000006351ab5000-0000006351ac5000
    Registers:
        X[00]:                   0000006fc0de0180
        X[01]:                   0000006351ac49b8
        X[02]:                   0000006fc2b80000
        X[03]:                   000000000000000b
        X[04]:                   0000000000000000
        X[05]:                   0000000000000000
        X[06]:                   0000000000000000
        X[07]:                   0000000000000000
        X[08]:                   0000006fc2a601b0
        X[09]:                   0000000000000001
        X[10]:                   0000000000000001
        X[11]:                   00000013bca78630
        X[12]:                   0000000000000000
        X[13]:                   0000000000000000
        X[14]:                   0000000000000000
        X[15]:                   0000000000000000
        X[16]:                   00000013bc9a8ed0
        X[17]:                   00000013bc0b0f40 (nnSdk + 0x331f40) (_ZN2nn2os11GetTlsValueENS0_7TlsSlotE + 0x0)
        X[18]:                   0000000000000000
        X[19]:                   0000000000000001
        X[20]:                   0000006dca866260
        X[21]:                   0000000000000000
        X[22]:                   0000006dca85dff8
        X[23]:                   0000006351ac4aa0
        X[24]:                   0000006dca85e590
        X[25]:                   0000000000000000
        X[26]:                   0000006dca866000
        X[27]:                   0000000000000000
        X[28]:                   0000000000000000
        FP:                      0000006351ac4fb0
        LR:                      0000006dca7291a8 (ssbu-online-deluxe + 0x211a8)
        SP:                      0000006351ac4a10
        PC:                      0000006dca728bdc (ssbu-online-deluxe + 0x20bdc)
    Stack Trace:
        ReturnAddress[00]:       00000013bc0b7984 (nnSdk + 0x338984)
        ReturnAddress[01]:       0000000000000000
    Stack Dump:                               00 01 02 03 04 05 06 07 08 09 0a 0b 0c 0d 0e 0f
                                 006351ac4a10 a0 4a ac 51 63 00 00 00 58 e3 85 ca 6d 00 00 00
                                 006351ac4a20 f8 df 85 ca 6d 00 00 00 01 00 00 00 00 00 00 00
                                 006351ac4a30 00 00 00 00 00 00 00 00 00 00 00 00 00 00 00 00
                                 006351ac4a40 b0 4f ac 51 63 00 00 00 d4 a4 72 ca 6d 00 00 00
                                 006351ac4a50 00 00 00 00 00 00 00 00 00 00 00 00 00 00 00 00
                                 006351ac4a60 00 00 00 00 00 00 00 00 00 00 00 00 00 00 00 00
                                 006351ac4a70 00 00 00 00 00 00 00 00 40 05 d0 c0 6f 00 00 00
                                 006351ac4a80 00 00 00 00 00 00 00 00 00 00 00 00 00 00 00 00
                                 006351ac4a90 68 61 86 ca 6d 00 00 00 7c d1 71 ca 6d 00 00 00
                                 006351ac4aa0 40 00 00 00 00 00 00 00 80 05 dd c0 6f 00 00 00
                                 006351ac4ab0 34 00 00 00 00 00 00 00 c8 4a ac 51 63 00 00 00
                                 006351ac4ac0 31 33 62 63 30 33 62 65 e8 4a ac 51 63 00 00 00
                                 006351ac4ad0 f8 df 85 ca 6d 00 00 00 f8 4a ac 51 63 00 00 00
                                 006351ac4ae0 d0 4a ac 51 63 00 00 00 ee b1 81 ca 6d 00 00 00
                                 006351ac4af0 50 4b ac 51 63 00 00 00 e8 4a ac 51 63 00 00 00
                                 006351ac4b00 f8 df 85 ca 6d 00 00 00 01 00 00 00 00 00 00 00
    TLS Address:                 0000002e622af800
    TLS Dump:                                 00 01 02 03 04 05 06 07 08 09 0a 0b 0c 0d 0e 0f
                                 002e622af800 06 00 00 00 08 00 00 00 00 00 00 00 00 00 00 00
                                 002e622af810 02 00 00 00 23 00 00 00 00 00 00 00 00 00 00 00
                                 002e622af820 53 46 43 4f 00 00 00 00 80 04 00 00 b3 0f 1e d6
                                 002e622af830 00 00 00 00 00 00 00 00 0a 00 00 00 00 00 00 00
                                 002e622af840 00 00 00 00 00 00 00 00 e9 c1 02 00 00 00 00 00
                                 002e622af850 01 00 00 00 00 00 00 00 00 00 00 00 00 00 00 00
                                 002e622af860 53 46 43 49 01 00 00 00 0c 00 00 00 00 00 00 00
                                 002e622af870 01 00 00 00 00 00 00 00 00 00 00 00 00 00 00 00
                                 002e622af880 00 00 00 00 00 00 00 00 00 00 00 00 00 00 00 00
                                 002e622af890 00 00 00 00 00 00 00 00 00 00 00 00 00 00 00 00
                                 002e622af8a0 00 00 00 00 00 00 00 00 00 00 00 00 00 00 00 00
                                 002e622af8b0 00 00 00 00 00 00 00 00 00 00 00 00 00 00 00 00
                                 002e622af8c0 00 00 00 00 00 00 00 00 00 00 00 00 00 00 00 00
                                 002e622af8d0 00 00 00 00 00 00 00 00 00 00 00 00 00 00 00 00
                                 002e622af8e0 00 00 00 00 00 00 00 00 00 00 00 00 00 00 00 00
                                 002e622af8f0 00 00 00 00 00 00 00 00 00 00 00 00 00 00 00 00
Module Info:
    Number of Modules:           08
    Module 00:
        Address:                 0000006dca708000-0000006dca819000
        Name:                    ssbu-online-deluxe
        Module Id:               0000000000000000000000000000000000000000000000000000000000000000
    Module 01:
        Address:                 00000013b41dc000-00000013b4200000
        Name:                    [00000000]
        Module Id:               0000000000000000000000000000000000000000000000000000000000000000
    Module 02:
        Address:                 00000013b4200000-00000013b4202000
        Name:                    nnrtld
        Module Id:               285183CAC95179371CC22CEC3723F882E1589659000000000000000000000000
    Module 03:
        Address:                 00000013b4204000-00000013b7bcd000
        Name:                    cross2_Release.nss
        Module Id:               21450C647B8C5940ED5B68218EA128FD3C5D597D000000000000000000000000
    Module 04:
        Address:                 00000013bb64c000-00000013bb9b9000
        Name:                    multimedia
        Module Id:               60C6EDBBFCEBD4176CC301D5D9CB5A6F094F9360000000000000000000000000
    Module 05:
        Address:                 00000013bbd61000-00000013bbd72000
        Name:                    Skyline
        Module Id:               84F953E76E1E2E976B0C1540F615449D25DA5BF3000000000000000000000000
    Module 06:
        Address:                 00000013bbd7f000-00000013bc2c0000
        Name:                    nnSdk
        Module Id:               5FD4F531C1195E9E5510C9E73F22CD39612839F8000000000000000000000000
    Module 07:
        Address:                 0000001dc3551000-0000001dc369e000
        Name:                    arcropolis
        Module Id:               0000000000000000000000000000000000000000000000000000000000000000
Thread Report:
Number of Threads:               08
Threads[00]:
    Thread ID:                   0000000000000299
    Thread Name:                 MainThread
    Stack Region:                00000062f97a9000-00000062f98a9000
    Registers:
        X[00]:                   0000006fc02f003c
        X[01]:                   0000006fc02f0040
        X[02]:                   00000000000081ff
        X[03]:                   ffffffffffffffff
        X[04]:                   0000000000000000
        X[05]:                   0000000000000000
        X[06]:                   0000000000000000
        X[07]:                   0000000000000000
        X[08]:                   0000000000000000
        X[09]:                   0000000000000000
        X[10]:                   0000000000000000
        X[11]:                   0000000000000000
        X[12]:                   0000000000000000
        X[13]:                   0000000000000000
        X[14]:                   0000000000000000
        X[15]:                   0000000000000000
        X[16]:                   0000000000000000
        X[17]:                   0000000000000000
        X[18]:                   0000000000000000
        X[19]:                   0000000000000000
        X[20]:                   0000000000000000
        X[21]:                   0000000000000000
        X[22]:                   0000000000000000
        X[23]:                   0000000000000000
        X[24]:                   0000000000000000
        X[25]:                   0000000000000000
        X[26]:                   0000000000000000
        X[27]:                   0000000000000000
        X[28]:                   0000000000000000
        FP:                      00000062f98a6ca0
        LR:                      00000013bc0b8998 (nnSdk + 0x339998) (_ZN2nn2os6detail38InternalConditionVariableImplByHorizon4WaitEPNS1_23InternalCriticalSectionE + 0x48)
        SP:                      00000062f98a6c80
        PC:                      00000013bc10892c (nnSdk + 0x38992c)
    Stack Trace:
        ReturnAddress[00]:       00000013bc0ad898 (nnSdk + 0x32e898) (_ZN2nn2os9WaitEventEPNS0_9EventTypeE + 0x48)
        ReturnAddress[01]:       00000013bbd61618 (Skyline + 0x618)
        ReturnAddress[02]:       00000013b79462ac (cross2_Release.nss + 0x37422ac)
        ReturnAddress[03]:       00000013b44c9968 (cross2_Release.nss + 0x2c5968) (nnMain + 0x348)
        ReturnAddress[04]:       00000013bc01ca2c (nnSdk + 0x29da2c) (_ZN2nn4init5StartEmmPFvvES2_ + 0x4c)
        ReturnAddress[05]:       00000013b42000c0 (nnrtld + 0xc0)
    Stack Dump:                               00 01 02 03 04 05 06 07 08 09 0a 0b 0c 0d 0e 0f
                                 0062f98a6c80 40 00 2f c0 6f 00 00 00 00 00 00 00 00 00 00 00
                                 0062f98a6c90 20 00 2f c0 6f 00 00 00 3c 00 2f c0 6f 00 00 00
                                 0062f98a6ca0 d0 6c 8a f9 62 00 00 00 98 d8 0a bc 13 00 00 00
                                 0062f98a6cb0 08 07 00 00 00 00 00 00 49 6f 8a f9 62 00 00 00
                                 0062f98a6cc0 80 0a 72 c0 6f 00 00 00 00 0a 95 c0 6f 00 00 00
                                 0062f98a6cd0 c0 73 8a f9 62 00 00 00 18 16 d6 bb 13 00 00 00
                                 0062f98a6ce0 40 34 d6 bb 13 00 00 00 30 6f 8a f9 62 00 00 00
                                 0062f98a6cf0 10 81 bb c0 6f 00 00 00 90 6e 8a f9 62 00 00 00
                                 0062f98a6d00 38 6d 8a f9 62 00 00 00 a8 6e 8a f9 62 00 00 00
                                 0062f98a6d10 30 23 d6 bb 13 00 00 00 00 0a 95 c0 6f 00 00 00
                                 0062f98a6d20 dc 2e d6 bb 13 00 00 00 a8 6e 8a f9 62 00 00 00
                                 0062f98a6d30 a8 6e 8a f9 62 00 00 00 70 6d 8a f9 01 00 00 00
                                 0062f98a6d40 30 23 d6 bb 13 00 00 00 a8 6e 8a f9 62 00 00 00
                                 0062f98a6d50 38 28 d6 bb 13 00 00 00 60 6e 8a f9 62 00 00 00
                                 0062f98a6d60 9f 6d 8a f9 62 00 00 00 a8 6e 8a f9 62 00 00 00
                                 0062f98a6d70 a8 6e 8a f9 62 00 00 00 a8 6e 8a f9 62 00 00 00
    TLS Address:                 0000002e622af200
    TLS Dump:                                 00 01 02 03 04 05 06 07 08 09 0a 0b 0c 0d 0e 0f
                                 002e622af200 00 00 00 00 0c 00 00 00 00 00 00 00 00 00 00 00
                                 002e622af210 00 00 00 00 00 00 00 00 00 00 00 00 00 00 00 00
                                 002e622af220 53 46 43 4f 00 00 00 00 00 00 00 00 eb ca d2 c4
                                 002e622af230 e4 05 00 00 00 00 00 00 00 00 00 00 00 00 00 00
                                 002e622af240 64 34 da 19 04 00 00 00 e4 05 00 00 00 00 00 00
                                 002e622af250 00 00 00 00 00 00 00 00 00 00 00 00 00 00 00 00
                                 002e622af260 00 00 00 00 00 00 00 00 00 00 00 00 00 00 00 00
                                 002e622af270 00 00 00 00 00 00 00 00 00 00 00 00 00 00 00 00
                                 002e622af280 00 00 00 00 00 00 00 00 00 00 00 00 00 00 00 00
                                 002e622af290 00 00 00 00 00 00 00 00 00 00 00 00 00 00 00 00
                                 002e622af2a0 00 00 00 00 00 00 00 00 00 00 00 00 00 00 00 00
                                 002e622af2b0 00 00 00 00 00 00 00 00 00 00 00 00 00 00 00 00
                                 002e622af2c0 00 00 00 00 00 00 00 00 00 00 00 00 00 00 00 00
                                 002e622af2d0 00 00 00 00 00 00 00 00 00 00 00 00 00 00 00 00
                                 002e622af2e0 00 00 00 00 00 00 00 00 00 00 00 00 00 00 00 00
                                 002e622af2f0 00 00 00 00 00 00 00 00 00 00 00 00 00 00 00 00
Threads[01]:
    Thread ID:                   000000000000029b
    Thread Name:                 NxSystemThread
    Stack Region:                0000006314e56000-0000006314e57000
    Registers:
        X[00]:                   0000006314e56b5c
        X[01]:                   0000006314e56d74
        X[02]:                   0000000000000001
        X[03]:                   ffffffffffffffff
        X[04]:                   ffffffffffffffff
        X[05]:                   0000000000000000
        X[06]:                   0000000000000000
        X[07]:                   0000000000000000
        X[08]:                   0000000000000000
        X[09]:                   0000000000000000
        X[10]:                   0000000000000000
        X[11]:                   0000000000000000
        X[12]:                   0000000000000000
        X[13]:                   0000000000000000
        X[14]:                   0000000000000000
        X[15]:                   0000000000000000
        X[16]:                   0000000000000000
        X[17]:                   0000000000000000
        X[18]:                   0000000000000000
        X[19]:                   0000000000000000
        X[20]:                   0000000000000000
        X[21]:                   0000000000000000
        X[22]:                   0000000000000000
        X[23]:                   0000000000000000
        X[24]:                   0000000000000000
        X[25]:                   0000000000000000
        X[26]:                   0000000000000000
        X[27]:                   0000000000000000
        X[28]:                   0000000000000000
        FP:                      0000006314e56b60
        LR:                      00000013bc0b7464 (nnSdk + 0x338464) (_ZN2nn2os6detail22MultiWaitImplByHorizon20WaitSynchronizationNEiPjil + 0x24)
        SP:                      0000006314e56b40
        PC:                      00000013bc108900 (nnSdk + 0x389900)
    Stack Trace:
        ReturnAddress[00]:       00000013bc0b4c48 (nnSdk + 0x335c48) (_ZN2nn2os6detail13MultiWaitImpl19InternalWaitAnyImplEbNS_8TimeSpanE + 0x138)
        ReturnAddress[01]:       00000013bc0b4e78 (nnSdk + 0x335e78) (_ZN2nn2os6detail13MultiWaitImpl11WaitAnyImplEbNS_8TimeSpanE + 0xa8)
        ReturnAddress[02]:       00000013bc0b15f4 (nnSdk + 0x3325f4)
        ReturnAddress[03]:       00000013bc0b155c (nnSdk + 0x33255c)
        ReturnAddress[04]:       00000013bc0b154c (nnSdk + 0x33254c)
        ReturnAddress[05]:       00000013bc0b34b8 (nnSdk + 0x3344b8)
        ReturnAddress[06]:       00000013bc0b7984 (nnSdk + 0x338984)
        ReturnAddress[07]:       0000000000000000
    Stack Dump:                               00 01 02 03 04 05 06 07 08 09 0a 0b 0c 0d 0e 0f
                                 006314e56b40 5c 6b e5 14 63 00 00 00 00 00 00 00 00 00 00 00
                                 006314e56b50 88 ce 17 5f f6 ff ff 7f d0 91 a4 bc 13 00 00 00
                                 006314e56b60 d0 6e e5 14 63 00 00 00 48 4c 0b bc 13 00 00 00
                                 006314e56b70 00 8c a4 bc 13 00 00 00 00 00 00 00 00 00 00 00
                                 006314e56b80 00 00 00 00 00 00 00 00 00 00 00 00 00 00 00 00
                                 006314e56b90 00 00 00 00 00 00 00 00 00 00 00 00 00 00 00 00
                                 006314e56ba0 00 00 00 00 00 00 00 00 00 00 00 00 00 00 00 00
                                 006314e56bb0 00 00 00 00 00 00 00 00 00 00 00 00 00 00 00 00
                                 006314e56bc0 00 00 00 00 00 00 00 00 00 00 00 00 00 00 00 00
                                 006314e56bd0 00 00 00 00 00 00 00 00 00 00 00 00 00 00 00 00
                                 006314e56be0 00 00 00 00 00 00 00 00 00 00 00 00 00 00 00 00
                                 006314e56bf0 00 00 00 00 00 00 00 00 00 00 00 00 00 00 00 00
                                 006314e56c00 00 00 00 00 00 00 00 00 00 00 00 00 00 00 00 00
                                 006314e56c10 00 00 00 00 00 00 00 00 00 00 00 00 00 00 00 00
                                 006314e56c20 00 00 00 00 00 00 00 00 00 00 00 00 00 00 00 00
                                 006314e56c30 00 00 00 00 00 00 00 00 00 00 00 00 00 00 00 00
    TLS Address:                 0000002e622af400
    TLS Dump:                                 00 01 02 03 04 05 06 07 08 09 0a 0b 0c 0d 0e 0f
                                 002e622af400 00 00 00 00 00 00 00 00 00 00 00 00 00 00 00 00
                                 002e622af410 00 00 00 00 00 00 00 00 00 00 00 00 00 00 00 00
                                 002e622af420 00 00 00 00 00 00 00 00 00 00 00 00 00 00 00 00
                                 002e622af430 00 00 00 00 00 00 00 00 00 00 00 00 00 00 00 00
                                 002e622af440 00 00 00 00 00 00 00 00 00 00 00 00 00 00 00 00
                                 002e622af450 00 00 00 00 00 00 00 00 00 00 00 00 00 00 00 00
                                 002e622af460 00 00 00 00 00 00 00 00 00 00 00 00 00 00 00 00
                                 002e622af470 00 00 00 00 00 00 00 00 00 00 00 00 00 00 00 00
                                 002e622af480 00 00 00 00 00 00 00 00 00 00 00 00 00 00 00 00
                                 002e622af490 00 00 00 00 00 00 00 00 00 00 00 00 00 00 00 00
                                 002e622af4a0 00 00 00 00 00 00 00 00 00 00 00 00 00 00 00 00
                                 002e622af4b0 00 00 00 00 00 00 00 00 00 00 00 00 00 00 00 00
                                 002e622af4c0 00 00 00 00 00 00 00 00 00 00 00 00 00 00 00 00
                                 002e622af4d0 00 00 00 00 00 00 00 00 00 00 00 00 00 00 00 00
                                 002e622af4e0 00 00 00 00 00 00 00 00 00 00 00 00 00 00 00 00
                                 002e622af4f0 00 00 00 00 00 00 00 00 00 00 00 00 00 00 00 00
Threads[02]:
    Thread ID:                   000000000000029c
    Thread Name:                 <UNKNOWN>
    Stack Region:                000000635146a000-00000063514aa000
    Registers:
        X[00]:                   00000063514a9ef8
        X[01]:                   00000063514a9efc
        X[02]:                   0000000000000001
        X[03]:                   ffffffffffffffff
        X[04]:                   0000000000000000
        X[05]:                   0000000000000000
        X[06]:                   0000000000000000
        X[07]:                   0000000000000000
        X[08]:                   0000000000000000
        X[09]:                   0000000000000000
        X[10]:                   0000000000000000
        X[11]:                   0000000000000000
        X[12]:                   0000000000000000
        X[13]:                   0000000000000000
        X[14]:                   0000000000000000
        X[15]:                   0000000000000000
        X[16]:                   0000000000000000
        X[17]:                   0000000000000000
        X[18]:                   0000000000000000
        X[19]:                   0000000000000000
        X[20]:                   0000000000000000
        X[21]:                   0000000000000000
        X[22]:                   0000000000000000
        X[23]:                   0000000000000000
        X[24]:                   0000000000000000
        X[25]:                   0000000000000000
        X[26]:                   0000000000000000
        X[27]:                   0000000000000000
        X[28]:                   0000000000000000
        FP:                      00000063514a9f10
        LR:                      00000013bc0b8498 (nnSdk + 0x339498) (_ZN2nn2os6detail30InterProcessEventImplByHorizon4WaitEjb + 0x88)
        SP:                      00000063514a9ee0
        PC:                      00000013bc108900 (nnSdk + 0x389900)
    Stack Trace:
        ReturnAddress[00]:       00000013b7958f3c (cross2_Release.nss + 0x3754f3c)
        ReturnAddress[01]:       00000013bc0b34b8 (nnSdk + 0x3344b8)
        ReturnAddress[02]:       00000013bc0b7984 (nnSdk + 0x338984)
        ReturnAddress[03]:       0000000000000000
    Stack Dump:                               00 01 02 03 04 05 06 07 08 09 0a 0b 0c 0d 0e 0f
                                 0063514a9ee0 f8 9e 4a 51 63 00 00 00 28 9f 4a 51 63 00 00 00
                                 0063514a9ef0 10 9f 4a 51 63 00 00 00 bc b7 0a bc f7 01 05 00
                                 0063514a9f00 06 00 00 00 00 00 00 00 f0 f4 b3 b9 13 00 00 00
                                 0063514a9f10 80 9f 4a 51 63 00 00 00 3c 8f 95 b7 13 00 00 00
                                 0063514a9f20 00 00 00 00 00 00 00 00 0f 00 00 00 03 00 00 00
                                 0063514a9f30 00 00 00 00 00 00 00 00 00 00 00 00 00 00 00 00
                                 0063514a9f40 00 00 00 00 00 00 00 00 00 00 00 00 00 00 00 00
                                 0063514a9f50 00 00 00 00 00 00 00 00 00 00 00 00 00 00 00 00
                                 0063514a9f60 00 00 00 00 00 00 00 00 bc 09 95 c0 6f 00 00 00
                                 0063514a9f70 b8 09 95 c0 6f 00 00 00 10 08 95 c0 6f 00 00 00
                                 0063514a9f80 b0 9f 4a 51 63 00 00 00 b8 34 0b bc 13 00 00 00
                                 0063514a9f90 00 00 00 00 00 00 00 00 00 00 00 00 00 00 00 00
                                 0063514a9fa0 00 00 00 00 00 00 00 00 10 08 95 c0 6f 00 00 00
                                 0063514a9fb0 d0 9f 4a 51 63 00 00 00 84 79 0b bc 13 00 00 00
                                 0063514a9fc0 00 00 00 00 00 00 00 00 00 00 00 00 00 00 00 00
                                 0063514a9fd0 00 00 00 00 00 00 00 00 00 00 00 00 00 00 00 00
    TLS Address:                 0000002e622af600
    TLS Dump:                                 00 01 02 03 04 05 06 07 08 09 0a 0b 0c 0d 0e 0f
                                 002e622af600 00 00 00 00 0d 00 00 00 00 00 00 00 00 00 00 00
                                 002e622af610 00 00 00 00 00 00 00 00 00 00 00 00 00 00 00 00
                                 002e622af620 53 46 43 4f 00 00 00 00 00 00 00 00 77 7d f2 32
                                 002e622af630 02 00 00 00 00 00 00 00 00 00 00 00 00 00 00 00
                                 002e622af640 00 00 00 00 00 00 00 00 00 00 00 00 00 00 00 00
                                 002e622af650 00 00 00 00 00 00 00 00 00 00 00 00 00 00 00 00
                                 002e622af660 00 00 00 00 00 00 00 00 00 00 00 00 00 00 00 00
                                 002e622af670 00 00 00 00 00 00 00 00 00 00 00 00 00 00 00 00
                                 002e622af680 00 00 00 00 00 00 00 00 00 00 00 00 00 00 00 00
                                 002e622af690 00 00 00 00 00 00 00 00 00 00 00 00 00 00 00 00
                                 002e622af6a0 00 00 00 00 00 00 00 00 00 00 00 00 00 00 00 00
                                 002e622af6b0 00 00 00 00 00 00 00 00 00 00 00 00 00 00 00 00
                                 002e622af6c0 00 00 00 00 00 00 00 00 00 00 00 00 00 00 00 00
                                 002e622af6d0 00 00 00 00 00 00 00 00 00 00 00 00 00 00 00 00
                                 002e622af6e0 00 00 00 00 00 00 00 00 00 00 00 00 00 00 00 00
                                 002e622af6f0 00 00 00 00 00 00 00 00 00 00 00 00 00 00 00 00
Threads[03]:
    Thread ID:                   00000000000002a1
    Thread Name:                 Thread_0x00000013BBD6CDAC
    Stack Region:                0000006351ab5000-0000006351ac5000
    Registers:
        X[00]:                   0000006fc0de0180
        X[01]:                   0000006351ac49b8
        X[02]:                   0000006fc2b80000
        X[03]:                   000000000000000b
        X[04]:                   0000000000000000
        X[05]:                   0000000000000000
        X[06]:                   0000000000000000
        X[07]:                   0000000000000000
        X[08]:                   0000006fc2a601b0
        X[09]:                   0000000000000001
        X[10]:                   0000000000000001
        X[11]:                   00000013bca78630
        X[12]:                   0000000000000000
        X[13]:                   0000000000000000
        X[14]:                   0000000000000000
        X[15]:                   0000000000000000
        X[16]:                   00000013bc9a8ed0
        X[17]:                   00000013bc0b0f40 (nnSdk + 0x331f40) (_ZN2nn2os11GetTlsValueENS0_7TlsSlotE + 0x0)
        X[18]:                   0000000000000000
        X[19]:                   0000000000000001
        X[20]:                   0000006dca866260
        X[21]:                   0000000000000000
        X[22]:                   0000006dca85dff8
        X[23]:                   0000006351ac4aa0
        X[24]:                   0000006dca85e590
        X[25]:                   0000000000000000
        X[26]:                   0000006dca866000
        X[27]:                   0000000000000000
        X[28]:                   0000000000000000
        FP:                      0000006351ac4fb0
        LR:                      0000006dca7291a8 (ssbu-online-deluxe + 0x211a8)
        SP:                      0000006351ac4a10
        PC:                      0000006dca728bdc (ssbu-online-deluxe + 0x20bdc)
    Stack Trace:
        ReturnAddress[00]:       00000013bc0b7984 (nnSdk + 0x338984)
        ReturnAddress[01]:       0000000000000000
    Stack Dump:                               00 01 02 03 04 05 06 07 08 09 0a 0b 0c 0d 0e 0f
                                 006351ac4a10 a0 4a ac 51 63 00 00 00 58 e3 85 ca 6d 00 00 00
                                 006351ac4a20 f8 df 85 ca 6d 00 00 00 01 00 00 00 00 00 00 00
                                 006351ac4a30 00 00 00 00 00 00 00 00 00 00 00 00 00 00 00 00
                                 006351ac4a40 b0 4f ac 51 63 00 00 00 d4 a4 72 ca 6d 00 00 00
                                 006351ac4a50 00 00 00 00 00 00 00 00 00 00 00 00 00 00 00 00
                                 006351ac4a60 00 00 00 00 00 00 00 00 00 00 00 00 00 00 00 00
                                 006351ac4a70 00 00 00 00 00 00 00 00 40 05 d0 c0 6f 00 00 00
                                 006351ac4a80 00 00 00 00 00 00 00 00 00 00 00 00 00 00 00 00
                                 006351ac4a90 68 61 86 ca 6d 00 00 00 7c d1 71 ca 6d 00 00 00
                                 006351ac4aa0 40 00 00 00 00 00 00 00 80 05 dd c0 6f 00 00 00
                                 006351ac4ab0 34 00 00 00 00 00 00 00 c8 4a ac 51 63 00 00 00
                                 006351ac4ac0 31 33 62 63 30 33 62 65 e8 4a ac 51 63 00 00 00
                                 006351ac4ad0 f8 df 85 ca 6d 00 00 00 f8 4a ac 51 63 00 00 00
                                 006351ac4ae0 d0 4a ac 51 63 00 00 00 ee b1 81 ca 6d 00 00 00
                                 006351ac4af0 50 4b ac 51 63 00 00 00 e8 4a ac 51 63 00 00 00
                                 006351ac4b00 f8 df 85 ca 6d 00 00 00 01 00 00 00 00 00 00 00
    TLS Address:                 0000002e622af800
    TLS Dump:                                 00 01 02 03 04 05 06 07 08 09 0a 0b 0c 0d 0e 0f
                                 002e622af800 06 00 00 00 08 00 00 00 00 00 00 00 00 00 00 00
                                 002e622af810 02 00 00 00 23 00 00 00 00 00 00 00 00 00 00 00
                                 002e622af820 53 46 43 4f 00 00 00 00 80 04 00 00 b3 0f 1e d6
                                 002e622af830 00 00 00 00 00 00 00 00 0a 00 00 00 00 00 00 00
                                 002e622af840 00 00 00 00 00 00 00 00 e9 c1 02 00 00 00 00 00
                                 002e622af850 01 00 00 00 00 00 00 00 00 00 00 00 00 00 00 00
                                 002e622af860 53 46 43 49 01 00 00 00 0c 00 00 00 00 00 00 00
                                 002e622af870 01 00 00 00 00 00 00 00 00 00 00 00 00 00 00 00
                                 002e622af880 00 00 00 00 00 00 00 00 00 00 00 00 00 00 00 00
                                 002e622af890 00 00 00 00 00 00 00 00 00 00 00 00 00 00 00 00
                                 002e622af8a0 00 00 00 00 00 00 00 00 00 00 00 00 00 00 00 00
                                 002e622af8b0 00 00 00 00 00 00 00 00 00 00 00 00 00 00 00 00
                                 002e622af8c0 00 00 00 00 00 00 00 00 00 00 00 00 00 00 00 00
                                 002e622af8d0 00 00 00 00 00 00 00 00 00 00 00 00 00 00 00 00
                                 002e622af8e0 00 00 00 00 00 00 00 00 00 00 00 00 00 00 00 00
                                 002e622af8f0 00 00 00 00 00 00 00 00 00 00 00 00 00 00 00 00
Threads[04]:
    Thread ID:                   00000000000002a2
    Thread Name:                 Thread_0x00000013BBD675D8
    Stack Region:                0000006357507000-000000635750a000
    Registers:
        X[00]:                   00000000001501dc
        X[01]:                   0000002e622afa00
        X[02]:                   00000000001501dc
        X[03]:                   0000006357509e60
        X[04]:                   0000000000001000
        X[05]:                   0000000000000013
        X[06]:                   0000002e622afa00
        X[07]:                   0000000000000001
        X[08]:                   0000000000000000
        X[09]:                   0000000000000000
        X[10]:                   0000000000000000
        X[11]:                   0000000000000000
        X[12]:                   0000000000000000
        X[13]:                   0000000000000000
        X[14]:                   0000000000000000
        X[15]:                   0000000000000000
        X[16]:                   0000000000000000
        X[17]:                   0000000000000000
        X[18]:                   0000000000000000
        X[19]:                   0000000000000000
        X[20]:                   0000000000000000
        X[21]:                   0000000000000000
        X[22]:                   0000000000000000
        X[23]:                   0000000000000000
        X[24]:                   0000000000000000
        X[25]:                   0000000000000000
        X[26]:                   0000000000000000
        X[27]:                   0000000000000000
        X[28]:                   0000000000000000
        FP:                      0000006357509dd0
        LR:                      00000013bc0e6684 (nnSdk + 0x367684) (_ZN2nn2sf4hipc15SendSyncRequestENS_3svc6HandleEPvm + 0x34)
        SP:                      0000006357509dd0
        PC:                      00000013bc108954 (nnSdk + 0x389954)
    Stack Trace:
        ReturnAddress[00]:       00000013bc0fae80 (nnSdk + 0x37be80) (_ZN2nn2sf4cmif6client34CmifDomainProxyClientCoreProcessorINS0_4hipc6client38Hipc2ClientSessionManagedProxyKindBaseINS5_18Hipc2P + 0x150)
        ReturnAddress[01]:       00000013bc0f9304 (nnSdk + 0x37a304)
        ReturnAddress[02]:       00000013bc0f0a24 (nnSdk + 0x371a24) (_ZN2nn6socket6detail6AcceptEiP8sockaddrPj + 0xa4)
        ReturnAddress[03]:       00000013bbd676bc (Skyline + 0x66bc)
        ReturnAddress[04]:       00000013bc0b7984 (nnSdk + 0x338984)
        ReturnAddress[05]:       0000000000000000
    Stack Dump:                               00 01 02 03 04 05 06 07 08 09 0a 0b 0c 0d 0e 0f
                                 006357509dd0 e0 9e 50 57 63 00 00 00 80 ae 0f bc 13 00 00 00
                                 006357509de0 00 00 00 00 00 00 00 00 20 9f 50 57 63 00 00 00
                                 006357509df0 1c 9f 50 57 63 00 00 00 01 00 00 00 00 00 00 01
                                 006357509e00 0e 0c 00 00 00 00 00 00 00 00 00 00 00 00 00 00
                                 006357509e10 00 00 00 00 00 00 00 00 00 00 00 00 02 00 00 00
                                 006357509e20 00 00 00 00 05 00 00 00 13 00 00 00 15 00 00 00
                                 006357509e30 00 00 00 00 00 00 00 00 00 00 00 00 00 00 00 00
                                 006357509e40 00 00 00 00 00 00 00 00 00 00 00 00 00 00 00 00
                                 006357509e50 00 00 00 00 00 00 00 00 00 00 00 00 00 00 00 00
                                 006357509e60 22 00 00 00 00 00 00 00 70 9f 50 57 63 00 00 00
                                 006357509e70 00 00 00 00 00 00 00 00 f8 9d 50 57 63 00 00 00
                                 006357509e80 00 fa 2a 62 2e 00 00 00 00 00 00 00 00 00 00 00
                                 006357509e90 00 00 00 00 00 00 00 00 00 00 00 00 00 00 00 00
                                 006357509ea0 00 00 00 00 00 00 00 00 00 00 00 00 00 00 00 00
                                 006357509eb0 00 00 00 00 00 00 00 00 00 00 00 00 00 00 00 00
                                 006357509ec0 00 00 00 00 00 00 00 00 ac 01 d6 c0 6f 00 00 00
    TLS Address:                 0000002e622afa00
    TLS Dump:                                 00 01 02 03 04 05 06 07 08 09 0a 0b 0c 0d 0e 0f
                                 002e622afa00 06 00 00 01 0e 0c 00 00 00 00 00 00 00 00 00 00
                                 002e622afa10 00 00 00 00 00 00 00 00 00 00 00 00 00 00 00 00
                                 002e622afa20 01 00 14 00 01 00 00 00 00 00 00 00 00 00 00 00
                                 002e622afa30 53 46 43 49 01 00 00 00 0c 00 00 00 00 00 00 00
                                 002e622afa40 00 00 00 00 ff ff 00 00 00 00 00 00 70 9f 50 57
                                 002e622afa50 63 00 00 00 00 00 00 00 00 00 00 00 00 00 00 00
                                 002e622afa60 00 00 00 00 00 00 00 00 00 00 00 00 00 00 00 00
                                 002e622afa70 00 00 00 00 00 00 00 00 00 00 00 00 00 00 00 00
                                 002e622afa80 00 00 00 00 00 00 00 00 00 00 00 00 00 00 00 00
                                 002e622afa90 00 00 00 00 00 00 00 00 00 00 00 00 00 00 00 00
                                 002e622afaa0 00 00 00 00 00 00 00 00 00 00 00 00 00 00 00 00
                                 002e622afab0 00 00 00 00 00 00 00 00 00 00 00 00 00 00 00 00
                                 002e622afac0 00 00 00 00 00 00 00 00 00 00 00 00 00 00 00 00
                                 002e622afad0 00 00 00 00 00 00 00 00 00 00 00 00 00 00 00 00
                                 002e622afae0 00 00 00 00 00 00 00 00 00 00 00 00 00 00 00 00
                                 002e622afaf0 00 00 00 00 00 00 00 00 00 00 00 00 00 00 00 00
Threads[05]:
    Thread ID:                   00000000000002a3
    Thread Name:                 Thread_0x00000013BBD65E5C
    Stack Region:                00000062f2e4c000-00000062f2e4f000
    Registers:
        X[00]:                   0000000005f5e100
        X[01]:                   0000000000000000
        X[02]:                   0000000000000000
        X[03]:                   0000000000000000
        X[04]:                   0000000000000000
        X[05]:                   0000000000000000
        X[06]:                   0000000000000000
        X[07]:                   0000000000000000
        X[08]:                   0000000000000000
        X[09]:                   0000000000000000
        X[10]:                   0000000000000000
        X[11]:                   0000000000000000
        X[12]:                   0000000000000000
        X[13]:                   0000000000000000
        X[14]:                   0000000000000000
        X[15]:                   0000000000000000
        X[16]:                   0000000000000000
        X[17]:                   0000000000000000
        X[18]:                   0000000000000000
        X[19]:                   0000000000000000
        X[20]:                   0000000000000000
        X[21]:                   0000000000000000
        X[22]:                   0000000000000000
        X[23]:                   0000000000000000
        X[24]:                   0000000000000000
        X[25]:                   0000000000000000
        X[26]:                   0000000000000000
        X[27]:                   0000000000000000
        X[28]:                   0000000000000000
        FP:                      00000062f2e4efb0
        LR:                      00000013bbd65ee4 (Skyline + 0x4ee4)
        SP:                      00000062f2e4ef40
        PC:                      00000013bc10885c (nnSdk + 0x38985c)
    Stack Trace:
        ReturnAddress[00]:       00000013bc0b7984 (nnSdk + 0x338984)
        ReturnAddress[01]:       0000000000000000
    Stack Dump:                               00 01 02 03 04 05 06 07 08 09 0a 0b 0c 0d 0e 0f
                                 0062f2e4ef00 b0 ef e4 f2 62 00 00 00 50 00 2f c0 6f 00 00 00
                                 0062f2e4ef10 d0 5e d6 bb 13 00 00 00 00 00 72 c0 6f 00 00 00
                                 0062f2e4ef20 00 00 00 00 00 00 00 00 00 e1 f5 05 00 00 00 00
                                 0062f2e4ef30 b0 ef e4 f2 62 00 00 00 00 e1 f5 05 00 00 00 00
                                 0062f2e4ef40 b8 34 0b bc 13 00 00 00 c0 01 d6 c0 6f 00 00 00
                                 0062f2e4ef50 00 00 00 00 00 00 00 00 00 00 72 c0 6f 00 00 00
                                 0062f2e4ef60 00 00 00 00 00 00 00 00 78 ef e4 f2 62 00 00 00
                                 0062f2e4ef70 09 00 00 00 00 00 00 00 54 63 70 4c 6f 67 67 65
                                 0062f2e4ef80 72 00 e4 f2 62 00 00 00 00 00 72 c0 6f 00 00 00
                                 0062f2e4ef90 00 00 00 00 00 00 00 00 00 00 00 00 00 00 00 00
                                 0062f2e4efa0 00 00 00 00 00 00 00 00 c0 01 d6 c0 6f 00 00 00
                                 0062f2e4efb0 d0 ef e4 f2 62 00 00 00 84 79 0b bc 13 00 00 00
                                 0062f2e4efc0 00 00 00 00 00 00 00 00 00 00 00 00 00 00 00 00
                                 0062f2e4efd0 00 00 00 00 00 00 00 00 00 00 00 00 00 00 00 00
                                 0062f2e4efe0 50 34 0b bc 13 00 00 00 00 00 00 00 00 00 00 00
                                 0062f2e4eff0 00 00 00 00 00 00 00 00 00 00 00 00 00 00 00 00
    TLS Address:                 0000002e622afc00
    TLS Dump:                                 00 01 02 03 04 05 06 07 08 09 0a 0b 0c 0d 0e 0f
                                 002e622afc00 00 00 00 00 0e 08 e0 03 00 00 00 00 00 00 00 00
                                 002e622afc10 00 00 00 00 00 00 00 00 00 00 00 00 00 00 00 00
                                 002e622afc20 53 46 43 4f 00 00 00 00 00 00 00 00 91 ab e3 ac
                                 002e622afc30 ff ff ff ff 6b 00 00 00 00 00 00 00 00 00 00 00
                                 002e622afc40 00 00 00 00 00 00 00 00 00 00 00 00 00 00 00 00
                                 002e622afc50 00 00 00 00 00 00 00 00 00 00 00 00 00 00 00 00
                                 002e622afc60 00 00 00 00 00 00 00 00 00 00 00 00 00 00 00 00
                                 002e622afc70 00 00 00 00 00 00 00 00 00 00 00 00 00 00 00 00
                                 002e622afc80 00 00 00 00 00 00 00 00 00 00 00 00 00 00 00 00
                                 002e622afc90 00 00 00 00 00 00 00 00 00 00 00 00 00 00 00 00
                                 002e622afca0 00 00 00 00 00 00 00 00 00 00 00 00 00 00 00 00
                                 002e622afcb0 00 00 00 00 00 00 00 00 00 00 00 00 00 00 00 00
                                 002e622afcc0 00 00 00 00 00 00 00 00 00 00 00 00 00 00 00 00
                                 002e622afcd0 00 00 00 00 00 00 00 00 00 00 00 00 00 00 00 00
                                 002e622afce0 00 00 00 00 00 00 00 00 00 00 00 00 00 00 00 00
                                 002e622afcf0 00 00 00 00 00 00 00 00 00 00 00 00 00 00 00 00
Threads[06]:
    Thread ID:                   00000000000002a6
    Thread Name:                 Thread_0x00000013BC298670
    Stack Region:                000000630fb0f000-000000630fd0f000
    Registers:
        X[00]:                   0000000001312d00
        X[01]:                   0000000001312d00
        X[02]:                   0000000000000004
        X[03]:                   0000000000000000
        X[04]:                   0000000000000000
        X[05]:                   0000000000000000
        X[06]:                   0000000000000000
        X[07]:                   0000000000000000
        X[08]:                   0000000000000000
        X[09]:                   0000000000000000
        X[10]:                   0000000000000000
        X[11]:                   0000000000000000
        X[12]:                   0000000000000000
        X[13]:                   0000000000000000
        X[14]:                   0000000000000000
        X[15]:                   0000000000000000
        X[16]:                   0000000000000000
        X[17]:                   0000000000000000
        X[18]:                   0000000000000000
        X[19]:                   0000000000000000
        X[20]:                   0000000000000000
        X[21]:                   0000000000000000
        X[22]:                   0000000000000000
        X[23]:                   0000000000000000
        X[24]:                   0000000000000000
        X[25]:                   0000000000000000
        X[26]:                   0000000000000000
        X[27]:                   0000000000000000
        X[28]:                   0000000000000000
        FP:                      000000630fd0ef80
        LR:                      0000001dc36021e4 (arcropolis + 0xb11e4)
        SP:                      000000630fd0ee50
        PC:                      00000013bc10885c (nnSdk + 0x38985c)
    Stack Trace:
        ReturnAddress[00]:       00000013bc0b34b8 (nnSdk + 0x3344b8)
        ReturnAddress[01]:       00000013bc0b7984 (nnSdk + 0x338984)
        ReturnAddress[02]:       0000000000000000
    Stack Dump:                               00 01 02 03 04 05 06 07 08 09 0a 0b 0c 0d 0e 0f
                                 00630fd0ee50 00 00 00 00 00 00 00 00 00 00 00 00 00 00 00 00
                                 00630fd0ee60 04 00 00 00 00 00 00 00 00 00 00 00 00 00 00 00
                                 00630fd0ee70 98 72 76 c3 1d 00 00 00 90 72 76 c3 1d 00 00 00
                                 00630fd0ee80 04 00 00 00 00 00 00 00 04 00 00 00 00 00 00 00
                                 00630fd0ee90 00 00 00 00 00 00 00 00 04 00 00 00 00 00 00 00
                                 00630fd0eea0 80 ef d0 0f 63 00 00 00 08 52 57 c3 1d 00 00 00
                                 00630fd0eeb0 00 00 00 00 00 00 00 00 00 00 00 00 00 00 00 00
                                 00630fd0eec0 00 00 00 00 00 00 00 00 00 00 00 00 00 00 00 00
                                 00630fd0eed0 00 00 00 00 00 00 00 00 00 00 00 00 00 00 00 00
                                 00630fd0eee0 00 00 00 00 00 00 00 00 ac 71 4c c7 6f 00 00 00
                                 00630fd0eef0 90 03 d0 c0 6f 00 00 00 90 03 d0 c0 6f 00 00 00
                                 00630fd0ef00 00 00 00 00 00 00 00 00 08 00 00 00 00 00 00 00
                                 00630fd0ef10 00 00 00 00 00 00 00 00 00 00 00 00 00 00 00 00
                                 00630fd0ef20 68 6e 67 c3 1d 00 00 00 ac 71 4c c7 6f 00 00 00
                                 00630fd0ef30 90 03 d0 c0 6f 00 00 00 c8 1b 76 c3 1d 00 00 00
                                 00630fd0ef40 54 87 67 c3 1d 00 00 00 ac 71 4c c7 6f 00 00 00
    TLS Address:                 00000039ae96d000
    TLS Dump:                                 00 01 02 03 04 05 06 07 08 09 0a 0b 0c 0d 0e 0f
                                 0039ae96d000 00 00 00 00 00 00 00 00 00 00 00 00 00 00 00 00
                                 0039ae96d010 00 00 00 00 00 00 00 00 00 00 00 00 00 00 00 00
                                 0039ae96d020 00 00 00 00 00 00 00 00 00 00 00 00 00 00 00 00
                                 0039ae96d030 00 00 00 00 00 00 00 00 00 00 00 00 00 00 00 00
                                 0039ae96d040 00 00 00 00 00 00 00 00 00 00 00 00 00 00 00 00
                                 0039ae96d050 00 00 00 00 00 00 00 00 00 00 00 00 00 00 00 00
                                 0039ae96d060 00 00 00 00 00 00 00 00 00 00 00 00 00 00 00 00
                                 0039ae96d070 00 00 00 00 00 00 00 00 00 00 00 00 00 00 00 00
                                 0039ae96d080 00 00 00 00 00 00 00 00 00 00 00 00 00 00 00 00
                                 0039ae96d090 00 00 00 00 00 00 00 00 00 00 00 00 00 00 00 00
                                 0039ae96d0a0 00 00 00 00 00 00 00 00 00 00 00 00 00 00 00 00
                                 0039ae96d0b0 00 00 00 00 00 00 00 00 00 00 00 00 00 00 00 00
                                 0039ae96d0c0 00 00 00 00 00 00 00 00 00 00 00 00 00 00 00 00
                                 0039ae96d0d0 00 00 00 00 00 00 00 00 00 00 00 00 00 00 00 00
                                 0039ae96d0e0 00 00 00 00 00 00 00 00 00 00 00 00 00 00 00 00
                                 0039ae96d0f0 00 00 00 00 00 00 00 00 00 00 00 00 00 00 00 00
Threads[07]:
    Thread ID:                   00000000000002a7
    Thread Name:                 Thread_0x00000013BC298670
    Stack Region:                0000006351afc000-0000006351b10000
    Registers:
        X[00]:                   0000006fc2bf0048
        X[01]:                   0000006fc2bf0014
        X[02]:                   00000000001b81d1
        X[03]:                   ffffffffffffffff
        X[04]:                   0000000000000000
        X[05]:                   0000000000000000
        X[06]:                   0000000000000000
        X[07]:                   0000000000000000
        X[08]:                   0000000000000000
        X[09]:                   0000000000000000
        X[10]:                   0000000000000000
        X[11]:                   0000000000000000
        X[12]:                   0000000000000000
        X[13]:                   0000000000000000
        X[14]:                   0000000000000000
        X[15]:                   0000000000000000
        X[16]:                   0000000000000000
        X[17]:                   0000000000000000
        X[18]:                   0000000000000000
        X[19]:                   0000000000000000
        X[20]:                   0000000000000000
        X[21]:                   0000000000000000
        X[22]:                   0000000000000000
        X[23]:                   0000000000000000
        X[24]:                   0000000000000000
        X[25]:                   0000000000000000
        X[26]:                   0000000000000000
        X[27]:                   0000000000000000
        X[28]:                   0000000000000000
        FP:                      0000006351b0fed0
        LR:                      00000013bc0b8998 (nnSdk + 0x339998) (_ZN2nn2os6detail38InternalConditionVariableImplByHorizon4WaitEPNS1_23InternalCriticalSectionE + 0x48)
        SP:                      0000006351b0feb0
        PC:                      00000013bc10892c (nnSdk + 0x38992c)
    Stack Trace:
        ReturnAddress[00]:       00000013bc0ad464 (nnSdk + 0x32e464) (_ZN2nn2os21WaitConditionVariableEPNS0_21ConditionVariableTypeEPNS0_9MutexTypeE + 0x44)
        ReturnAddress[01]:       00000013bc298ebc (nnSdk + 0x519ebc) (__nnmusl_WaitConditionVariable + 0xc)
        ReturnAddress[02]:       00000013bc299404 (nnSdk + 0x51a404) (__nx_pthread_detached_worker_start + 0x5c)
        ReturnAddress[03]:       00000013bc2986d0 (nnSdk + 0x5196d0)
        ReturnAddress[04]:       00000013bc0b34b8 (nnSdk + 0x3344b8)
        ReturnAddress[05]:       00000013bc0b7984 (nnSdk + 0x338984)
        ReturnAddress[06]:       0000000000000000
    Stack Dump:                               00 01 02 03 04 05 06 07 08 09 0a 0b 0c 0d 0e 0f
                                 006351b0feb0 00 00 bf c2 6f 00 00 00 00 00 00 00 00 00 00 00
                                 006351b0fec0 50 00 bf c2 6f 00 00 00 30 00 bf c2 6f 00 00 00
                                 006351b0fed0 f0 fe b0 51 63 00 00 00 64 d4 0a bc 13 00 00 00
                                 006351b0fee0 30 00 bf c2 6f 00 00 00 30 00 bf c2 6f 00 00 00
                                 006351b0fef0 00 ff b0 51 63 00 00 00 bc 8e 29 bc 13 00 00 00
                                 006351b0ff00 60 ff b0 51 63 00 00 00 04 94 29 bc 13 00 00 00
                                 006351b0ff10 00 00 00 00 00 00 00 00 00 00 00 00 00 00 00 00
                                 006351b0ff20 00 00 00 00 00 00 00 00 00 00 00 00 00 00 00 00
                                 006351b0ff30 00 00 00 00 00 00 00 00 00 00 00 00 00 00 00 00
                                 006351b0ff40 00 00 00 00 00 00 00 00 ac 41 56 c7 6f 00 00 00
                                 006351b0ff50 78 2e 9a bc 13 00 00 00 c0 41 56 c7 6f 00 00 00
                                 006351b0ff60 80 ff b0 51 63 00 00 00 d0 86 29 bc 13 00 00 00
                                 006351b0ff70 a8 41 56 c7 6f 00 00 00 00 40 56 c7 6f 00 00 00
                                 006351b0ff80 b0 ff b0 51 63 00 00 00 b8 34 0b bc 13 00 00 00
                                 006351b0ff90 00 00 00 00 00 00 00 00 00 00 00 00 00 00 00 00
                                 006351b0ffa0 00 00 00 00 00 00 00 00 00 40 56 c7 6f 00 00 00
    TLS Address:                 00000039ae96d200
    TLS Dump:                                 00 01 02 03 04 05 06 07 08 09 0a 0b 0c 0d 0e 0f
                                 0039ae96d200 00 00 00 00 00 00 00 00 00 00 00 00 00 00 00 00
                                 0039ae96d210 00 00 00 00 00 00 00 00 00 00 00 00 00 00 00 00
                                 0039ae96d220 00 00 00 00 00 00 00 00 00 00 00 00 00 00 00 00
                                 0039ae96d230 00 00 00 00 00 00 00 00 00 00 00 00 00 00 00 00
                                 0039ae96d240 00 00 00 00 00 00 00 00 00 00 00 00 00 00 00 00
                                 0039ae96d250 00 00 00 00 00 00 00 00 00 00 00 00 00 00 00 00
                                 0039ae96d260 00 00 00 00 00 00 00 00 00 00 00 00 00 00 00 00
                                 0039ae96d270 00 00 00 00 00 00 00 00 00 00 00 00 00 00 00 00
                                 0039ae96d280 00 00 00 00 00 00 00 00 00 00 00 00 00 00 00 00
                                 0039ae96d290 00 00 00 00 00 00 00 00 00 00 00 00 00 00 00 00
                                 0039ae96d2a0 00 00 00 00 00 00 00 00 00 00 00 00 00 00 00 00
                                 0039ae96d2b0 00 00 00 00 00 00 00 00 00 00 00 00 00 00 00 00
                                 0039ae96d2c0 00 00 00 00 00 00 00 00 00 00 00 00 00 00 00 00
                                 0039ae96d2d0 00 00 00 00 00 00 00 00 00 00 00 00 00 00 00 00
                                 0039ae96d2e0 00 00 00 00 00 00 00 00 00 00 00 00 00 00 00 00
                                 0039ae96d2f0 00 00 00 00 00 00 00 00 00 00 00 00 00 00 00 00
